Archive member included to satisfy reference by file (symbol)

d:/dev/intel/quartus/19.1/nios2eds/bin/gnu/h-x86_64-mingw32/bin/../lib/gcc/nios2-elf/8.3.1/../../../../../H-x86_64-mingw32/nios2-elf/lib/mno-hw-mul\libsmallc.a(lib_a-memcpy.o)
                              obj/default/main.o (memcpy)
d:/dev/intel/quartus/19.1/nios2eds/bin/gnu/h-x86_64-mingw32/bin/../lib/gcc/nios2-elf/8.3.1/../../../../../H-x86_64-mingw32/nios2-elf/lib/mno-hw-mul\libsmallc.a(lib_a-memset.o)
                              obj/default/main.o (memset)
d:/dev/intel/quartus/19.1/nios2eds/bin/gnu/h-x86_64-mingw32/bin/../lib/gcc/nios2-elf/8.3.1/../../../../../H-x86_64-mingw32/nios2-elf/lib/mno-hw-mul\libsmallc.a(lib_a-printf.o)
                              obj/default/main.o (printf)
d:/dev/intel/quartus/19.1/nios2eds/bin/gnu/h-x86_64-mingw32/bin/../lib/gcc/nios2-elf/8.3.1/../../../../../H-x86_64-mingw32/nios2-elf/lib/mno-hw-mul\libsmallc.a(lib_a-vfprintf.o)
                              d:/dev/intel/quartus/19.1/nios2eds/bin/gnu/h-x86_64-mingw32/bin/../lib/gcc/nios2-elf/8.3.1/../../../../../H-x86_64-mingw32/nios2-elf/lib/mno-hw-mul\libsmallc.a(lib_a-printf.o) (___vfprintf_internal_r)
d:/dev/intel/quartus/19.1/nios2eds/bin/gnu/h-x86_64-mingw32/bin/../lib/gcc/nios2-elf/8.3.1/../../../../../H-x86_64-mingw32/nios2-elf/lib/mno-hw-mul\libsmallc.a(lib_a-fvwrite_small_dev.o)
                              d:/dev/intel/quartus/19.1/nios2eds/bin/gnu/h-x86_64-mingw32/bin/../lib/gcc/nios2-elf/8.3.1/../../../../../H-x86_64-mingw32/nios2-elf/lib/mno-hw-mul\libsmallc.a(lib_a-printf.o) (__sfvwrite_small_dev)
d:/dev/intel/quartus/19.1/nios2eds/bin/gnu/h-x86_64-mingw32/bin/../lib/gcc/nios2-elf/8.3.1/../../../../../H-x86_64-mingw32/nios2-elf/lib/mno-hw-mul\libsmallc.a(lib_a-impure.o)
                              d:/dev/intel/quartus/19.1/nios2eds/bin/gnu/h-x86_64-mingw32/bin/../lib/gcc/nios2-elf/8.3.1/../../../../../H-x86_64-mingw32/nios2-elf/lib/mno-hw-mul\libsmallc.a(lib_a-printf.o) (_impure_ptr)
d:/dev/intel/quartus/19.1/nios2eds/bin/gnu/h-x86_64-mingw32/bin/../lib/gcc/nios2-elf/8.3.1/../../../../../H-x86_64-mingw32/nios2-elf/lib/mno-hw-mul\libsmallc.a(lib_a-strlen.o)
                              d:/dev/intel/quartus/19.1/nios2eds/bin/gnu/h-x86_64-mingw32/bin/../lib/gcc/nios2-elf/8.3.1/../../../../../H-x86_64-mingw32/nios2-elf/lib/mno-hw-mul\libsmallc.a(lib_a-vfprintf.o) (strlen)
d:/dev/intel/quartus/19.1/nios2eds/bin/gnu/h-x86_64-mingw32/bin/../lib/gcc/nios2-elf/8.3.1/../../../../../H-x86_64-mingw32/nios2-elf/lib/mno-hw-mul\libsmallc.a(lib_a-writer.o)
                              d:/dev/intel/quartus/19.1/nios2eds/bin/gnu/h-x86_64-mingw32/bin/../lib/gcc/nios2-elf/8.3.1/../../../../../H-x86_64-mingw32/nios2-elf/lib/mno-hw-mul\libsmallc.a(lib_a-fvwrite_small_dev.o) (_write_r)
d:/dev/intel/quartus/19.1/nios2eds/bin/gnu/h-x86_64-mingw32/bin/../lib/gcc/nios2-elf/8.3.1/../../../../../H-x86_64-mingw32/nios2-elf/lib/mno-hw-mul\libsmallc.a(lib_a-int_errno.o)
                              d:/dev/intel/quartus/19.1/nios2eds/bin/gnu/h-x86_64-mingw32/bin/../lib/gcc/nios2-elf/8.3.1/../../../../../H-x86_64-mingw32/nios2-elf/lib/mno-hw-mul\libsmallc.a(lib_a-writer.o) (errno)
d:/dev/intel/quartus/19.1/nios2eds/bin/gnu/h-x86_64-mingw32/bin/../lib/gcc/nios2-elf/8.3.1/mno-hw-mul\libgcc.a(lib2-divmod.o)
                              d:/dev/intel/quartus/19.1/nios2eds/bin/gnu/h-x86_64-mingw32/bin/../lib/gcc/nios2-elf/8.3.1/../../../../../H-x86_64-mingw32/nios2-elf/lib/mno-hw-mul\libsmallc.a(lib_a-vfprintf.o) (__udivsi3)
d:/dev/intel/quartus/19.1/nios2eds/bin/gnu/h-x86_64-mingw32/bin/../lib/gcc/nios2-elf/8.3.1/mno-hw-mul\libgcc.a(lib2-mul.o)
                              d:/dev/intel/quartus/19.1/nios2eds/bin/gnu/h-x86_64-mingw32/bin/../lib/gcc/nios2-elf/8.3.1/../../../../../H-x86_64-mingw32/nios2-elf/lib/mno-hw-mul\libsmallc.a(lib_a-vfprintf.o) (__mulsi3)
D:/projects/prj_fpga_altera/prj_VE-10CL025/cl025_prj/projects/1gb_nios_ii_tcp/software/simplified_tcp_bsp/\libhal_bsp.a(alt_dcache_flush_all.o)
                              obj/default/main.o (alt_dcache_flush_all)
D:/projects/prj_fpga_altera/prj_VE-10CL025/cl025_prj/projects/1gb_nios_ii_tcp/software/simplified_tcp_bsp/\libhal_bsp.a(alt_load.o)
                              D:/projects/prj_fpga_altera/prj_VE-10CL025/cl025_prj/projects/1gb_nios_ii_tcp/software/simplified_tcp_bsp/obj/HAL/src/crt0.o (alt_load)
D:/projects/prj_fpga_altera/prj_VE-10CL025/cl025_prj/projects/1gb_nios_ii_tcp/software/simplified_tcp_bsp/\libhal_bsp.a(alt_main.o)
                              D:/projects/prj_fpga_altera/prj_VE-10CL025/cl025_prj/projects/1gb_nios_ii_tcp/software/simplified_tcp_bsp/obj/HAL/src/crt0.o (alt_main)
D:/projects/prj_fpga_altera/prj_VE-10CL025/cl025_prj/projects/1gb_nios_ii_tcp/software/simplified_tcp_bsp/\libhal_bsp.a(alt_printf.o)
                              obj/default/main.o (alt_printf)
[...]
Memory Configuration

Name             Origin             Length             Attributes
reset            0x0000000001000000 0x0000000000000020
new_sdram_controller_0 0x0000000001000020 0x0000000000ffffe0
descriptor_memory 0x0000000002000000 0x0000000000001000
*default*        0x0000000000000000 0xffffffffffffffff

Linker script and memory map

LOAD D:/projects/prj_fpga_altera/prj_VE-10CL025/cl025_prj/projects/1gb_nios_ii_tcp/software/simplified_tcp_bsp/obj/HAL/src/crt0.o
LOAD obj/default/main.o
LOAD d:/dev/intel/quartus/19.1/nios2eds/bin/gnu/h-x86_64-mingw32/bin/../lib/gcc/nios2-elf/8.3.1/../../../../../H-x86_64-mingw32/nios2-elf/lib/mno-hw-mul\libstdc++.a
LOAD d:/dev/intel/quartus/19.1/nios2eds/bin/gnu/h-x86_64-mingw32/bin/../lib/gcc/nios2-elf/8.3.1/../../../../../H-x86_64-mingw32/nios2-elf/lib/mno-hw-mul\libm.a
LOAD d:/dev/intel/quartus/19.1/nios2eds/bin/gnu/h-x86_64-mingw32/bin/../lib/gcc/nios2-elf/8.3.1/mno-hw-mul\libgcc.a
START GROUP
LOAD d:/dev/intel/quartus/19.1/nios2eds/bin/gnu/h-x86_64-mingw32/bin/../lib/gcc/nios2-elf/8.3.1/../../../../../H-x86_64-mingw32/nios2-elf/lib/mno-hw-mul\libsmallc.a
LOAD d:/dev/intel/quartus/19.1/nios2eds/bin/gnu/h-x86_64-mingw32/bin/../lib/gcc/nios2-elf/8.3.1/mno-hw-mul\libgcc.a
LOAD D:/projects/prj_fpga_altera/prj_VE-10CL025/cl025_prj/projects/1gb_nios_ii_tcp/software/simplified_tcp_bsp/\libhal_bsp.a
LOAD d:/dev/intel/quartus/19.1/nios2eds/bin/gnu/h-x86_64-mingw32/bin/../lib/gcc/nios2-elf/8.3.1/../../../../../H-x86_64-mingw32/nios2-elf/lib/mno-hw-mul\libm.a
END GROUP
LOAD d:/dev/intel/quartus/19.1/nios2eds/bin/gnu/h-x86_64-mingw32/bin/../lib/gcc/nios2-elf/8.3.1/mno-hw-mul\libgcc.a
                0x0000000001000000                __alt_mem_new_sdram_controller_0 = 0x1000000
                0x0000000002000000                __alt_mem_descriptor_memory = 0x2000000

.entry          0x0000000001000000       0x20
 *(.entry)
 .entry         0x0000000001000000       0x20 D:/projects/prj_fpga_altera/prj_VE-10CL025/cl025_prj/projects/1gb_nios_ii_tcp/software/simplified_tcp_bsp/obj/HAL/src/crt0.o
                0x0000000001000000                __reset

.exceptions     0x0000000001000020      0x204
                0x0000000001000020                PROVIDE (__ram_exceptions_start = ABSOLUTE (.))
                0x0000000001000020                . = ALIGN (0x20)
 *(.irq)
 *(.exceptions.entry.label)
 .exceptions.entry.label
                0x0000000001000020        0x0 D:/projects/prj_fpga_altera/prj_VE-10CL025/cl025_prj/projects/1gb_nios_ii_tcp/software/simplified_tcp_bsp/\libhal_bsp.a(alt_irq_entry.o)
                0x0000000001000020                alt_irq_entry
 .exceptions.entry.label
                0x0000000001000020        0x0 D:/projects/prj_fpga_altera/prj_VE-10CL025/cl025_prj/projects/1gb_nios_ii_tcp/software/simplified_tcp_bsp/\libhal_bsp.a(alt_exception_entry.o)
                0x0000000001000020                alt_exception
 *(.exceptions.entry.user)
 *(.exceptions.entry.ecc_fatal)
 *(.exceptions.entry)
 .exceptions.entry
                0x0000000001000020       0x54 D:/projects/prj_fpga_altera/prj_VE-10CL025/cl025_prj/projects/1gb_nios_ii_tcp/software/simplified_tcp_bsp/\libhal_bsp.a(alt_exception_entry.o)
 *(.exceptions.irqtest.user)
 *(.exceptions.irqtest)
 .exceptions.irqtest
                0x0000000001000074       0x10 D:/projects/prj_fpga_altera/prj_VE-10CL025/cl025_prj/projects/1gb_nios_ii_tcp/software/simplified_tcp_bsp/\libhal_bsp.a(alt_irq_entry.o)
 *(.exceptions.irqhandler.user)
 *(.exceptions.irqhandler)
 .exceptions.irqhandler
                0x0000000001000084        0x4 D:/projects/prj_fpga_altera/prj_VE-10CL025/cl025_prj/projects/1gb_nios_ii_tcp/software/simplified_tcp_bsp/\libhal_bsp.a(alt_irq_entry.o)
 *(.exceptions.irqreturn.user)
 *(.exceptions.irqreturn)
 .exceptions.irqreturn
                0x0000000001000088        0x4 D:/projects/prj_fpga_altera/prj_VE-10CL025/cl025_prj/projects/1gb_nios_ii_tcp/software/simplified_tcp_bsp/\libhal_bsp.a(alt_irq_entry.o)
 *(.exceptions.notirq.label)
 .exceptions.notirq.label
                0x000000000100008c        0x0 D:/projects/prj_fpga_altera/prj_VE-10CL025/cl025_prj/projects/1gb_nios_ii_tcp/software/simplified_tcp_bsp/\libhal_bsp.a(alt_irq_entry.o)
 *(.exceptions.notirq.user)
 *(.exceptions.notirq)
 .exceptions.notirq
                0x000000000100008c        0x8 D:/projects/prj_fpga_altera/prj_VE-10CL025/cl025_prj/projects/1gb_nios_ii_tcp/software/simplified_tcp_bsp/\libhal_bsp.a(alt_exception_entry.o)
 *(.exceptions.soft.user)
 *(.exceptions.soft)
 *(.exceptions.unknown.user)
 *(.exceptions.unknown)
 .exceptions.unknown
                0x0000000001000094       0x14 D:/projects/prj_fpga_altera/prj_VE-10CL025/cl025_prj/projects/1gb_nios_ii_tcp/software/simplified_tcp_bsp/\libhal_bsp.a(alt_exception_entry.o)
 *(.exceptions.exit.label)
 .exceptions.exit.label
                0x00000000010000a8        0x0 D:/projects/prj_fpga_altera/prj_VE-10CL025/cl025_prj/projects/1gb_nios_ii_tcp/software/simplified_tcp_bsp/\libhal_bsp.a(alt_irq_entry.o)
 .exceptions.exit.label
                0x00000000010000a8        0x0 D:/projects/prj_fpga_altera/prj_VE-10CL025/cl025_prj/projects/1gb_nios_ii_tcp/software/simplified_tcp_bsp/\libhal_bsp.a(alt_exception_entry.o)
 *(.exceptions.exit.user)
 *(.exceptions.exit)
 .exceptions.exit
                0x00000000010000a8       0x54 D:/projects/prj_fpga_altera/prj_VE-10CL025/cl025_prj/projects/1gb_nios_ii_tcp/software/simplified_tcp_bsp/\libhal_bsp.a(alt_exception_entry.o)
 *(.exceptions)
 .exceptions    0x00000000010000fc       0xc8 D:/projects/prj_fpga_altera/prj_VE-10CL025/cl025_prj/projects/1gb_nios_ii_tcp/software/simplified_tcp_bsp/\libhal_bsp.a(alt_irq_handler.o)
                0x00000000010000fc                alt_irq_handler
 .exceptions    0x00000000010001c4       0x60 D:/projects/prj_fpga_altera/prj_VE-10CL025/cl025_prj/projects/1gb_nios_ii_tcp/software/simplified_tcp_bsp/\libhal_bsp.a(alt_instruction_exception_entry.o)
                0x00000000010001c4                alt_instruction_exception_entry
                0x0000000001000224                PROVIDE (__ram_exceptions_end = ABSOLUTE (.))
                0x0000000001000020                PROVIDE (__flash_exceptions_start = LOADADDR (.exceptions))

.text           0x0000000001000224     0xab14
                [!provide]                        PROVIDE (stext = ABSOLUTE (.))
 *(.interp)
 *(.hash)
 *(.dynsym)
 *(.dynstr)
 *(.gnu.version)
 *(.gnu.version_d)
 *(.gnu.version_r)
 *(.rel.init)
 *(.rela.init)
 *(.rel.text .rel.text.* .rel.gnu.linkonce.t.*)
 *(.rela.text .rela.text.* .rela.gnu.linkonce.t.*)
 *(.rel.fini)
 *(.rela.fini)
 *(.rel.rodata .rel.rodata.* .rel.gnu.linkonce.r.*)
 *(.rela.rodata .rela.rodata.* .rela.gnu.linkonce.r.*)
 *(.rel.data .rel.data.* .rel.gnu.linkonce.d.*)
 *(.rela.data .rela.data.* .rela.gnu.linkonce.d.*)
 *(.rel.tdata .rel.tdata.* .rel.gnu.linkonce.td.*)
 *(.rela.tdata .rela.tdata.* .rela.gnu.linkonce.td.*)
 *(.rel.tbss .rel.tbss.* .rel.gnu.linkonce.tb.*)
 *(.rela.tbss .rela.tbss.* .rela.gnu.linkonce.tb.*)
 *(.rel.ctors)
 *(.rela.ctors)
 *(.rel.dtors)
 *(.rela.dtors)
 *(.rel.got)
 *(.rela.got)
 *(.rel.sdata .rel.sdata.* .rel.gnu.linkonce.s.*)
 *(.rela.sdata .rela.sdata.* .rela.gnu.linkonce.s.*)
 *(.rel.sbss .rel.sbss.* .rel.gnu.linkonce.sb.*)
 *(.rela.sbss .rela.sbss.* .rela.gnu.linkonce.sb.*)
 *(.rel.sdata2 .rel.sdata2.* .rel.gnu.linkonce.s2.*)
 *(.rela.sdata2 .rela.sdata2.* .rela.gnu.linkonce.s2.*)
 *(.rel.sbss2 .rel.sbss2.* .rel.gnu.linkonce.sb2.*)
 *(.rela.sbss2 .rela.sbss2.* .rela.gnu.linkonce.sb2.*)
 *(.rel.bss .rel.bss.* .rel.gnu.linkonce.b.*)
 *(.rela.bss .rela.bss.* .rela.gnu.linkonce.b.*)
 *(.rel.plt)
 *(.rela.plt)
 *(.rel.dyn)
 *(.init)
 *(.plt)
 *(.text .stub .text.* .gnu.linkonce.t.*)
 .text          0x0000000001000224       0x3c D:/projects/prj_fpga_altera/prj_VE-10CL025/cl025_prj/projects/1gb_nios_ii_tcp/software/simplified_tcp_bsp/obj/HAL/src/crt0.o
                0x0000000001000224                _start
 .text          0x0000000001000260     0x2380 obj/default/main.o
                0x0000000001000260                add_phy_to_profile
                0x000000000100030c                main
                0x00000000010012f8                rx_ethernet_isr
                0x0000000001002388                create_pkt
                0x0000000001002530                statistics_counter
 .text          0x00000000010025e0        0x0 d:/dev/intel/quartus/19.1/nios2eds/bin/gnu/h-x86_64-mingw32/bin/../lib/gcc/nios2-elf/8.3.1/../../../../../H-x86_64-mingw32/nios2-elf/lib/mno-hw-mul\libsmallc.a(lib_a-memcpy.o)
 .text.memcpy   0x00000000010025e0       0x28 d:/dev/intel/quartus/19.1/nios2eds/bin/gnu/h-x86_64-mingw32/bin/../lib/gcc/nios2-elf/8.3.1/../../../../../H-x86_64-mingw32/nios2-elf/lib/mno-hw-mul\libsmallc.a(lib_a-memcpy.o)
                0x00000000010025e0                memcpy
 .text          0x0000000001002608        0x0 d:/dev/intel/quartus/19.1/nios2eds/bin/gnu/h-x86_64-mingw32/bin/../lib/gcc/nios2-elf/8.3.1/../../../../../H-x86_64-mingw32/nios2-elf/lib/mno-hw-mul\libsmallc.a(lib_a-memset.o)
 .text.memset   0x0000000001002608       0x20 d:/dev/intel/quartus/19.1/nios2eds/bin/gnu/h-x86_64-mingw32/bin/../lib/gcc/nios2-elf/8.3.1/../../../../../H-x86_64-mingw32/nios2-elf/lib/mno-hw-mul\libsmallc.a(lib_a-memset.o)
                0x0000000001002608                memset
 .text          0x0000000001002628        0x0 d:/dev/intel/quartus/19.1/nios2eds/bin/gnu/h-x86_64-mingw32/bin/../lib/gcc/nios2-elf/8.3.1/../../../../../H-x86_64-mingw32/nios2-elf/lib/mno-hw-mul\libsmallc.a(lib_a-printf.o)
 .text._printf_r
                0x0000000001002628       0x3c d:/dev/intel/quartus/19.1/nios2eds/bin/gnu/h-x86_64-mingw32/bin/../lib/gcc/nios2-elf/8.3.1/../../../../../H-x86_64-mingw32/nios2-elf/lib/mno-hw-mul\libsmallc.a(lib_a-printf.o)
                0x0000000001002628                _printf_r
 .text.printf   0x0000000001002664       0x48 d:/dev/intel/quartus/19.1/nios2eds/bin/gnu/h-x86_64-mingw32/bin/../lib/gcc/nios2-elf/8.3.1/../../../../../H-x86_64-mingw32/nios2-elf/lib/mno-hw-mul\libsmallc.a(lib_a-printf.o)
                0x0000000001002664                printf
 .text          0x00000000010026ac        0x0 d:/dev/intel/quartus/19.1/nios2eds/bin/gnu/h-x86_64-mingw32/bin/../lib/gcc/nios2-elf/8.3.1/../../../../../H-x86_64-mingw32/nios2-elf/lib/mno-hw-mul\libsmallc.a(lib_a-vfprintf.o)
 .text.print_repeat
                0x00000000010026ac       0x6c d:/dev/intel/quartus/19.1/nios2eds/bin/gnu/h-x86_64-mingw32/bin/../lib/gcc/nios2-elf/8.3.1/../../../../../H-x86_64-mingw32/nios2-elf/lib/mno-hw-mul\libsmallc.a(lib_a-vfprintf.o)
 .text.___vfprintf_internal_r
                0x0000000001002718      0x518 d:/dev/intel/quartus/19.1/nios2eds/bin/gnu/h-x86_64-mingw32/bin/../lib/gcc/nios2-elf/8.3.1/../../../../../H-x86_64-mingw32/nios2-elf/lib/mno-hw-mul\libsmallc.a(lib_a-vfprintf.o)
                0x0000000001002718                ___vfprintf_internal_r
 .text.__vfprintf_internal
                0x0000000001002c30       0x18 d:/dev/intel/quartus/19.1/nios2eds/bin/gnu/h-x86_64-mingw32/bin/../lib/gcc/nios2-elf/8.3.1/../../../../../H-x86_64-mingw32/nios2-elf/lib/mno-hw-mul\libsmallc.a(lib_a-vfprintf.o)
                0x0000000001002c30                __vfprintf_internal
 .text          0x0000000001002c48        0x0 d:/dev/intel/quartus/19.1/nios2eds/bin/gnu/h-x86_64-mingw32/bin/../lib/gcc/nios2-elf/8.3.1/../../../../../H-x86_64-mingw32/nios2-elf/lib/mno-hw-mul\libsmallc.a(lib_a-fvwrite_small_dev.o)
 .text.__sfvwrite_small_dev
                0x0000000001002c48       0xa8 d:/dev/intel/quartus/19.1/nios2eds/bin/gnu/h-x86_64-mingw32/bin/../lib/gcc/nios2-elf/8.3.1/../../../../../H-x86_64-mingw32/nios2-elf/lib/mno-hw-mul\libsmallc.a(lib_a-fvwrite_small_dev.o)
                0x0000000001002c48                __sfvwrite_small_dev
 .text          0x0000000001002cf0        0x0 d:/dev/intel/quartus/19.1/nios2eds/bin/gnu/h-x86_64-mingw32/bin/../lib/gcc/nios2-elf/8.3.1/../../../../../H-x86_64-mingw32/nios2-elf/lib/mno-hw-mul\libsmallc.a(lib_a-impure.o)
 .text          0x0000000001002cf0        0x0 d:/dev/intel/quartus/19.1/nios2eds/bin/gnu/h-x86_64-mingw32/bin/../lib/gcc/nios2-elf/8.3.1/../../../../../H-x86_64-mingw32/nios2-elf/lib/mno-hw-mul\libsmallc.a(lib_a-strlen.o)
 .text.strlen   0x0000000001002cf0       0x1c d:/dev/intel/quartus/19.1/nios2eds/bin/gnu/h-x86_64-mingw32/bin/../lib/gcc/nios2-elf/8.3.1/../../../../../H-x86_64-mingw32/nios2-elf/lib/mno-hw-mul\libsmallc.a(lib_a-strlen.o)
                0x0000000001002cf0                strlen
 .text          0x0000000001002d0c        0x0 d:/dev/intel/quartus/19.1/nios2eds/bin/gnu/h-x86_64-mingw32/bin/../lib/gcc/nios2-elf/8.3.1/../../../../../H-x86_64-mingw32/nios2-elf/lib/mno-hw-mul\libsmallc.a(lib_a-writer.o)
 .text._write_r
                0x0000000001002d0c       0x50 d:/dev/intel/quartus/19.1/nios2eds/bin/gnu/h-x86_64-mingw32/bin/../lib/gcc/nios2-elf/8.3.1/../../../../../H-x86_64-mingw32/nios2-elf/lib/mno-hw-mul\libsmallc.a(lib_a-writer.o)
                0x0000000001002d0c                _write_r
 .text          0x0000000001002d5c        0x0 d:/dev/intel/quartus/19.1/nios2eds/bin/gnu/h-x86_64-mingw32/bin/../lib/gcc/nios2-elf/8.3.1/../../../../../H-x86_64-mingw32/nios2-elf/lib/mno-hw-mul\libsmallc.a(lib_a-int_errno.o)
 .text          0x0000000001002d5c      0x1b8 d:/dev/intel/quartus/19.1/nios2eds/bin/gnu/h-x86_64-mingw32/bin/../lib/gcc/nios2-elf/8.3.1/mno-hw-mul\libgcc.a(lib2-divmod.o)
                0x0000000001002d5c                __divsi3
                0x0000000001002ddc                __modsi3
                0x0000000001002e54                __udivsi3
                0x0000000001002eb8                __umodsi3
 .text          0x0000000001002f14       0x28 d:/dev/intel/quartus/19.1/nios2eds/bin/gnu/h-x86_64-mingw32/bin/../lib/gcc/nios2-elf/8.3.1/mno-hw-mul\libgcc.a(lib2-mul.o)
                0x0000000001002f14                __mulsi3
 .text          0x0000000001002f3c       0x20 D:/projects/prj_fpga_altera/prj_VE-10CL025/cl025_prj/projects/1gb_nios_ii_tcp/software/simplified_tcp_bsp/\libhal_bsp.a(alt_dcache_flush_all.o)
                0x0000000001002f3c                alt_dcache_flush_all
 .text          0x0000000001002f5c       0xec D:/projects/prj_fpga_altera/prj_VE-10CL025/cl025_prj/projects/1gb_nios_ii_tcp/software/simplified_tcp_bsp/\libhal_bsp.a(alt_load.o)
                0x0000000001002fc4                alt_load
 .text          0x0000000001003048       0x7c D:/projects/prj_fpga_altera/prj_VE-10CL025/cl025_prj/projects/1gb_nios_ii_tcp/software/simplified_tcp_bsp/\libhal_bsp.a(alt_main.o)
                0x0000000001003048                alt_main
 .text          0x00000000010030c4      0x22c D:/projects/prj_fpga_altera/prj_VE-10CL025/cl025_prj/projects/1gb_nios_ii_tcp/software/simplified_tcp_bsp/\libhal_bsp.a(alt_printf.o)
                0x00000000010030c4                alt_printf
 .text          0x00000000010032f0       0x30 D:/projects/prj_fpga_altera/prj_VE-10CL025/cl025_prj/projects/1gb_nios_ii_tcp/software/simplified_tcp_bsp/\libhal_bsp.a(alt_putchar.o)
                0x00000000010032f0                alt_putchar
 .text          0x0000000001003320      0x140 D:/projects/prj_fpga_altera/prj_VE-10CL025/cl025_prj/projects/1gb_nios_ii_tcp/software/simplified_tcp_bsp/\libhal_bsp.a(alt_write.o)
                0x000000000100335c                write
 .text          0x0000000001003460       0xe4 D:/projects/prj_fpga_altera/prj_VE-10CL025/cl025_prj/projects/1gb_nios_ii_tcp/software/simplified_tcp_bsp/\libhal_bsp.a(alt_sys_init.o)
                0x0000000001003494                alt_irq_init
                0x00000000010034cc                alt_sys_init
 .text          0x0000000001003544       0xc0 D:/projects/prj_fpga_altera/prj_VE-10CL025/cl025_prj/projects/1gb_nios_ii_tcp/software/simplified_tcp_bsp/\libhal_bsp.a(altera_avalon_jtag_uart_fd.o)
                0x0000000001003544                altera_avalon_jtag_uart_read_fd
                0x00000000010035a4                altera_avalon_jtag_uart_write_fd
 .text          0x0000000001003604       0xec D:/projects/prj_fpga_altera/prj_VE-10CL025/cl025_prj/projects/1gb_nios_ii_tcp/software/simplified_tcp_bsp/\libhal_bsp.a(altera_avalon_jtag_uart_read.o)
                0x0000000001003604                altera_avalon_jtag_uart_read
 .text          0x00000000010036f0       0x94 D:/projects/prj_fpga_altera/prj_VE-10CL025/cl025_prj/projects/1gb_nios_ii_tcp/software/simplified_tcp_bsp/\libhal_bsp.a(altera_avalon_jtag_uart_write.o)
                0x00000000010036f0                altera_avalon_jtag_uart_write
 .text          0x0000000001003784      0xd94 D:/projects/prj_fpga_altera/prj_VE-10CL025/cl025_prj/projects/1gb_nios_ii_tcp/software/simplified_tcp_bsp/\libhal_bsp.a(altera_avalon_sgdma.o)
                0x00000000010037c0                alt_avalon_sgdma_do_async_transfer
                0x00000000010038e4                alt_avalon_sgdma_do_sync_transfer
                0x00000000010039f4                alt_avalon_sgdma_construct_mem_to_mem_desc
                0x0000000001003a68                alt_avalon_sgdma_construct_mem_to_mem_desc_burst
                0x0000000001003aec                alt_avalon_sgdma_construct_stream_to_mem_desc
                0x0000000001003b4c                alt_avalon_sgdma_construct_stream_to_mem_desc_burst
                0x0000000001003bc4                alt_avalon_sgdma_construct_mem_to_stream_desc
                0x0000000001003c44                alt_avalon_sgdma_construct_mem_to_stream_desc_burst
                0x0000000001003cd0                alt_avalon_sgdma_register_callback
                0x0000000001003d24                alt_avalon_sgdma_start
                0x0000000001003d7c                alt_avalon_sgdma_stop
                0x0000000001003dd8                alt_avalon_sgdma_check_descriptor_status
                0x0000000001003e3c                alt_avalon_sgdma_open
                0x0000000001003e90                alt_avalon_sgdma_construct_descriptor
                0x0000000001003f1c                alt_avalon_sgdma_enable_desc_poll
                0x0000000001003f9c                alt_avalon_sgdma_disable_desc_poll
                0x0000000001003ffc                alt_avalon_sgdma_construct_descriptor_burst
                0x0000000001004470                alt_avalon_sgdma_init
 .text          0x0000000001004518       0xf4 D:/projects/prj_fpga_altera/prj_VE-10CL025/cl025_prj/projects/1gb_nios_ii_tcp/software/simplified_tcp_bsp/\libhal_bsp.a(altera_avalon_timer_sc.o)
                0x0000000001004590                alt_avalon_timer_sc_init
 .text          0x000000000100460c     0x4f6c D:/projects/prj_fpga_altera/prj_VE-10CL025/cl025_prj/projects/1gb_nios_ii_tcp/software/simplified_tcp_bsp/\libhal_bsp.a(altera_avalon_tse.o)
                0x000000000100460c                no_printf
                0x000000000100463c                tse_mac_SwReset
                0x00000000010046c4                tse_mac_setMIImode
                0x0000000001004718                tse_mac_setGMIImode
                0x0000000001004768                alt_tse_phy_add_profile
                0x000000000100491c                alt_tse_system_add_sys
                0x00000000010053d4                alt_tse_sys_enable_mdio_sharing
                0x0000000001005550                alt_tse_mac_get_common_speed
                0x0000000001005590                alt_tse_mac_set_common_speed
                0x00000000010055d8                alt_tse_get_system_index
                0x0000000001005654                alt_tse_get_mac_group_index
                0x00000000010056c0                alt_tse_get_mac_info_index
                0x000000000100573c                alt_tse_get_mac_info
                0x0000000001005808                alt_tse_mac_set_speed
                0x00000000010058e8                alt_tse_mac_set_duplex
                0x0000000001005974                getPHYSpeed
                0x00000000010063ec                alt_tse_phy_rd_mdio_addr
                0x0000000001006434                alt_tse_phy_wr_mdio_addr
                0x000000000100648c                alt_tse_phy_wr_mdio_reg
                0x00000000010065b8                alt_tse_phy_rd_mdio_reg
                0x0000000001006688                alt_tse_phy_add_profile_default
                0x0000000001006950                alt_tse_phy_print_profile
                0x0000000001006b20                alt_tse_mac_group_init
                0x00000000010071d0                alt_tse_mac_get_phy
                0x00000000010075d0                alt_tse_mac_associate_phy
                0x0000000001007810                alt_tse_phy_cfg_pcs
                0x0000000001007938                alt_tse_phy_init
                0x0000000001007a44                alt_tse_phy_restart_an
                0x0000000001007c08                alt_tse_phy_check_link
                0x0000000001007d90                alt_tse_phy_get_cap
                0x0000000001008324                alt_tse_phy_set_adv_1000
                0x00000000010084e8                alt_tse_phy_set_adv_100
                0x000000000100873c                alt_tse_phy_set_adv_10
                0x00000000010088e4                alt_tse_phy_get_common_speed
                0x0000000001008c04                alt_tse_phy_set_common_speed
                0x00000000010090b4                marvell_phy_cfg
                0x000000000100914c                marvell_cfg_gmii
                0x0000000001009230                marvell_cfg_sgmii
                0x0000000001009314                marvell_cfg_rgmii
                0x0000000001009404                DP83848C_link_status_read
                0x000000000100947c                PEF7071_config
                0x00000000010094d8                PEF7071_link_status_read
 .text          0x0000000001009578        0x0 D:/projects/prj_fpga_altera/prj_VE-10CL025/cl025_prj/projects/1gb_nios_ii_tcp/software/simplified_tcp_bsp/\libhal_bsp.a(altera_avalon_tse_system_info.o)
 .text          0x0000000001009578      0x118 D:/projects/prj_fpga_altera/prj_VE-10CL025/cl025_prj/projects/1gb_nios_ii_tcp/software/simplified_tcp_bsp/\libhal_bsp.a(alt_close.o)
                0x00000000010095b4                close
 .text          0x0000000001009690       0x28 D:/projects/prj_fpga_altera/prj_VE-10CL025/cl025_prj/projects/1gb_nios_ii_tcp/software/simplified_tcp_bsp/\libhal_bsp.a(alt_dcache_flush.o)
                0x0000000001009690                alt_dcache_flush
 .text          0x00000000010096b8       0x2c D:/projects/prj_fpga_altera/prj_VE-10CL025/cl025_prj/projects/1gb_nios_ii_tcp/software/simplified_tcp_bsp/\libhal_bsp.a(alt_dev.o)
 .text          0x00000000010096e4       0xe0 D:/projects/prj_fpga_altera/prj_VE-10CL025/cl025_prj/projects/1gb_nios_ii_tcp/software/simplified_tcp_bsp/\libhal_bsp.a(alt_dev_llist_insert.o)
                0x0000000001009720                alt_dev_llist_insert
 .text          0x00000000010097c4       0x60 D:/projects/prj_fpga_altera/prj_VE-10CL025/cl025_prj/projects/1gb_nios_ii_tcp/software/simplified_tcp_bsp/\libhal_bsp.a(alt_do_ctors.o)
                0x00000000010097c4                _do_ctors
 .text          0x0000000001009824       0x60 D:/projects/prj_fpga_altera/prj_VE-10CL025/cl025_prj/projects/1gb_nios_ii_tcp/software/simplified_tcp_bsp/\libhal_bsp.a(alt_do_dtors.o)
                0x0000000001009824                _do_dtors
 .text          0x0000000001009884        0x0 D:/projects/prj_fpga_altera/prj_VE-10CL025/cl025_prj/projects/1gb_nios_ii_tcp/software/simplified_tcp_bsp/\libhal_bsp.a(alt_errno.o)
 .text          0x0000000001009884       0x90 D:/projects/prj_fpga_altera/prj_VE-10CL025/cl025_prj/projects/1gb_nios_ii_tcp/software/simplified_tcp_bsp/\libhal_bsp.a(alt_find_dev.o)
                0x0000000001009884                alt_find_dev
 .text          0x0000000001009914       0x20 D:/projects/prj_fpga_altera/prj_VE-10CL025/cl025_prj/projects/1gb_nios_ii_tcp/software/simplified_tcp_bsp/\libhal_bsp.a(alt_icache_flush_all.o)
                0x0000000001009914                alt_icache_flush_all
 .text          0x0000000001009934      0x1b0 D:/projects/prj_fpga_altera/prj_VE-10CL025/cl025_prj/projects/1gb_nios_ii_tcp/software/simplified_tcp_bsp/\libhal_bsp.a(alt_iic.o)
                0x0000000001009934                alt_ic_isr_register
                0x0000000001009984                alt_ic_irq_enable
                0x0000000001009a0c                alt_ic_irq_disable
                0x0000000001009a98                alt_ic_irq_enabled
 .text          0x0000000001009ae4       0xe4 D:/projects/prj_fpga_altera/prj_VE-10CL025/cl025_prj/projects/1gb_nios_ii_tcp/software/simplified_tcp_bsp/\libhal_bsp.a(alt_iic_isr_register.o)
                0x0000000001009ae4                alt_iic_isr_register
 .text          0x0000000001009bc8      0x150 D:/projects/prj_fpga_altera/prj_VE-10CL025/cl025_prj/projects/1gb_nios_ii_tcp/software/simplified_tcp_bsp/\libhal_bsp.a(alt_io_redirect.o)
                0x0000000001009c9c                alt_io_redirect
 .text          0x0000000001009d18        0x0 D:/projects/prj_fpga_altera/prj_VE-10CL025/cl025_prj/projects/1gb_nios_ii_tcp/software/simplified_tcp_bsp/\libhal_bsp.a(alt_irq_entry.o)
 .text          0x0000000001009d18        0x0 D:/projects/prj_fpga_altera/prj_VE-10CL025/cl025_prj/projects/1gb_nios_ii_tcp/software/simplified_tcp_bsp/\libhal_bsp.a(alt_irq_handler.o)
 .text          0x0000000001009d18        0x0 D:/projects/prj_fpga_altera/prj_VE-10CL025/cl025_prj/projects/1gb_nios_ii_tcp/software/simplified_tcp_bsp/\libhal_bsp.a(alt_irq_vars.o)
 .text          0x0000000001009d18      0x278 D:/projects/prj_fpga_altera/prj_VE-10CL025/cl025_prj/projects/1gb_nios_ii_tcp/software/simplified_tcp_bsp/\libhal_bsp.a(alt_open.o)
                0x0000000001009e30                open
 .text          0x0000000001009f90       0x70 D:/projects/prj_fpga_altera/prj_VE-10CL025/cl025_prj/projects/1gb_nios_ii_tcp/software/simplified_tcp_bsp/\libhal_bsp.a(alt_release_fd.o)
                0x0000000001009f90                alt_release_fd
 .text          0x000000000100a000      0x1a4 D:/projects/prj_fpga_altera/prj_VE-10CL025/cl025_prj/projects/1gb_nios_ii_tcp/software/simplified_tcp_bsp/\libhal_bsp.a(alt_tick.o)
                0x000000000100a000                alt_alarm_stop
                0x000000000100a09c                alt_tick
 .text          0x000000000100a1a4       0x30 D:/projects/prj_fpga_altera/prj_VE-10CL025/cl025_prj/projects/1gb_nios_ii_tcp/software/simplified_tcp_bsp/\libhal_bsp.a(alt_usleep.o)
                0x000000000100a1a4                usleep
 .text          0x000000000100a1d4       0x24 D:/projects/prj_fpga_altera/prj_VE-10CL025/cl025_prj/projects/1gb_nios_ii_tcp/software/simplified_tcp_bsp/\libhal_bsp.a(altera_nios2_gen2_irq.o)
                0x000000000100a1d4                altera_nios2_gen2_irq_init
 .text          0x000000000100a1f8      0x158 D:/projects/prj_fpga_altera/prj_VE-10CL025/cl025_prj/projects/1gb_nios_ii_tcp/software/simplified_tcp_bsp/\libhal_bsp.a(alt_busy_sleep.o)
                0x000000000100a1f8                alt_busy_sleep
 .text          0x000000000100a350        0x0 D:/projects/prj_fpga_altera/prj_VE-10CL025/cl025_prj/projects/1gb_nios_ii_tcp/software/simplified_tcp_bsp/\libhal_bsp.a(alt_exception_entry.o)
 .text          0x000000000100a350      0x108 D:/projects/prj_fpga_altera/prj_VE-10CL025/cl025_prj/projects/1gb_nios_ii_tcp/software/simplified_tcp_bsp/\libhal_bsp.a(alt_find_file.o)
                0x000000000100a350                alt_find_file
 .text          0x000000000100a458       0xb8 D:/projects/prj_fpga_altera/prj_VE-10CL025/cl025_prj/projects/1gb_nios_ii_tcp/software/simplified_tcp_bsp/\libhal_bsp.a(alt_get_fd.o)
                0x000000000100a458                alt_get_fd
 .text          0x000000000100a510       0x98 D:/projects/prj_fpga_altera/prj_VE-10CL025/cl025_prj/projects/1gb_nios_ii_tcp/software/simplified_tcp_bsp/\libhal_bsp.a(alt_instruction_exception_entry.o)
                0x000000000100a510                alt_exception_cause_generated_bad_addr
 .text          0x000000000100a5a8        0x0 d:/dev/intel/quartus/19.1/nios2eds/bin/gnu/h-x86_64-mingw32/bin/../lib/gcc/nios2-elf/8.3.1/../../../../../H-x86_64-mingw32/nios2-elf/lib/mno-hw-mul\libsmallc.a(lib_a-atexit.o)
 .text.atexit   0x000000000100a5a8       0x14 d:/dev/intel/quartus/19.1/nios2eds/bin/gnu/h-x86_64-mingw32/bin/../lib/gcc/nios2-elf/8.3.1/../../../../../H-x86_64-mingw32/nios2-elf/lib/mno-hw-mul\libsmallc.a(lib_a-atexit.o)
                0x000000000100a5a8                atexit
 .text          0x000000000100a5bc        0x0 d:/dev/intel/quartus/19.1/nios2eds/bin/gnu/h-x86_64-mingw32/bin/../lib/gcc/nios2-elf/8.3.1/../../../../../H-x86_64-mingw32/nios2-elf/lib/mno-hw-mul\libsmallc.a(lib_a-exit.o)
 .text.exit     0x000000000100a5bc       0x20 d:/dev/intel/quartus/19.1/nios2eds/bin/gnu/h-x86_64-mingw32/bin/../lib/gcc/nios2-elf/8.3.1/../../../../../H-x86_64-mingw32/nios2-elf/lib/mno-hw-mul\libsmallc.a(lib_a-exit.o)
                0x000000000100a5bc                exit
 .text          0x000000000100a5dc        0x0 d:/dev/intel/quartus/19.1/nios2eds/bin/gnu/h-x86_64-mingw32/bin/../lib/gcc/nios2-elf/8.3.1/../../../../../H-x86_64-mingw32/nios2-elf/lib/mno-hw-mul\libsmallc.a(lib_a-malloc.o)
 .text.malloc   0x000000000100a5dc       0x10 d:/dev/intel/quartus/19.1/nios2eds/bin/gnu/h-x86_64-mingw32/bin/../lib/gcc/nios2-elf/8.3.1/../../../../../H-x86_64-mingw32/nios2-elf/lib/mno-hw-mul\libsmallc.a(lib_a-malloc.o)
                0x000000000100a5dc                malloc
 .text.free     0x000000000100a5ec       0x10 d:/dev/intel/quartus/19.1/nios2eds/bin/gnu/h-x86_64-mingw32/bin/../lib/gcc/nios2-elf/8.3.1/../../../../../H-x86_64-mingw32/nios2-elf/lib/mno-hw-mul\libsmallc.a(lib_a-malloc.o)
                0x000000000100a5ec                free
 .text          0x000000000100a5fc        0x0 d:/dev/intel/quartus/19.1/nios2eds/bin/gnu/h-x86_64-mingw32/bin/../lib/gcc/nios2-elf/8.3.1/../../../../../H-x86_64-mingw32/nios2-elf/lib/mno-hw-mul\libsmallc.a(lib_a-memcmp.o)
 .text.memcmp   0x000000000100a5fc       0x30 d:/dev/intel/quartus/19.1/nios2eds/bin/gnu/h-x86_64-mingw32/bin/../lib/gcc/nios2-elf/8.3.1/../../../../../H-x86_64-mingw32/nios2-elf/lib/mno-hw-mul\libsmallc.a(lib_a-memcmp.o)
                0x000000000100a5fc                memcmp
 .text          0x000000000100a62c        0x0 d:/dev/intel/quartus/19.1/nios2eds/bin/gnu/h-x86_64-mingw32/bin/../lib/gcc/nios2-elf/8.3.1/../../../../../H-x86_64-mingw32/nios2-elf/lib/mno-hw-mul\libsmallc.a(lib_a-nano-freer.o)
 .text._free_r  0x000000000100a62c      0x108 d:/dev/intel/quartus/19.1/nios2eds/bin/gnu/h-x86_64-mingw32/bin/../lib/gcc/nios2-elf/8.3.1/../../../../../H-x86_64-mingw32/nios2-elf/lib/mno-hw-mul\libsmallc.a(lib_a-nano-freer.o)
                0x000000000100a62c                _free_r
 .text          0x000000000100a734        0x0 d:/dev/intel/quartus/19.1/nios2eds/bin/gnu/h-x86_64-mingw32/bin/../lib/gcc/nios2-elf/8.3.1/../../../../../H-x86_64-mingw32/nios2-elf/lib/mno-hw-mul\libsmallc.a(lib_a-nano-mallocr.o)
 .text._malloc_r
                0x000000000100a734      0x164 d:/dev/intel/quartus/19.1/nios2eds/bin/gnu/h-x86_64-mingw32/bin/../lib/gcc/nios2-elf/8.3.1/../../../../../H-x86_64-mingw32/nios2-elf/lib/mno-hw-mul\libsmallc.a(lib_a-nano-mallocr.o)
                0x000000000100a734                _malloc_r
 .text          0x000000000100a898        0x0 d:/dev/intel/quartus/19.1/nios2eds/bin/gnu/h-x86_64-mingw32/bin/../lib/gcc/nios2-elf/8.3.1/../../../../../H-x86_64-mingw32/nios2-elf/lib/mno-hw-mul\libsmallc.a(lib_a-putchar.o)
 .text._putchar_r
                0x000000000100a898        0x8 d:/dev/intel/quartus/19.1/nios2eds/bin/gnu/h-x86_64-mingw32/bin/../lib/gcc/nios2-elf/8.3.1/../../../../../H-x86_64-mingw32/nios2-elf/lib/mno-hw-mul\libsmallc.a(lib_a-putchar.o)
                0x000000000100a898                _putchar_r
 .text.putchar  0x000000000100a8a0       0x1c d:/dev/intel/quartus/19.1/nios2eds/bin/gnu/h-x86_64-mingw32/bin/../lib/gcc/nios2-elf/8.3.1/../../../../../H-x86_64-mingw32/nios2-elf/lib/mno-hw-mul\libsmallc.a(lib_a-putchar.o)
                0x000000000100a8a0                putchar
 .text          0x000000000100a8bc        0x0 d:/dev/intel/quartus/19.1/nios2eds/bin/gnu/h-x86_64-mingw32/bin/../lib/gcc/nios2-elf/8.3.1/../../../../../H-x86_64-mingw32/nios2-elf/lib/mno-hw-mul\libsmallc.a(lib_a-sbrkr.o)
 .text._sbrk_r  0x000000000100a8bc       0x48 d:/dev/intel/quartus/19.1/nios2eds/bin/gnu/h-x86_64-mingw32/bin/../lib/gcc/nios2-elf/8.3.1/../../../../../H-x86_64-mingw32/nios2-elf/lib/mno-hw-mul\libsmallc.a(lib_a-sbrkr.o)
                0x000000000100a8bc                _sbrk_r
 .text          0x000000000100a904        0x0 d:/dev/intel/quartus/19.1/nios2eds/bin/gnu/h-x86_64-mingw32/bin/../lib/gcc/nios2-elf/8.3.1/../../../../../H-x86_64-mingw32/nios2-elf/lib/mno-hw-mul\libsmallc.a(lib_a-strcpy.o)
 .text.strcpy   0x000000000100a904       0x2c d:/dev/intel/quartus/19.1/nios2eds/bin/gnu/h-x86_64-mingw32/bin/../lib/gcc/nios2-elf/8.3.1/../../../../../H-x86_64-mingw32/nios2-elf/lib/mno-hw-mul\libsmallc.a(lib_a-strcpy.o)
                0x000000000100a904                strcpy
 .text          0x000000000100a930        0x0 d:/dev/intel/quartus/19.1/nios2eds/bin/gnu/h-x86_64-mingw32/bin/../lib/gcc/nios2-elf/8.3.1/../../../../../H-x86_64-mingw32/nios2-elf/lib/mno-hw-mul\libsmallc.a(lib_a-__atexit.o)
 .text.__register_exitproc
                0x000000000100a930      0x11c d:/dev/intel/quartus/19.1/nios2eds/bin/gnu/h-x86_64-mingw32/bin/../lib/gcc/nios2-elf/8.3.1/../../../../../H-x86_64-mingw32/nios2-elf/lib/mno-hw-mul\libsmallc.a(lib_a-__atexit.o)
                0x000000000100a930                __register_exitproc
 .text          0x000000000100aa4c        0x0 d:/dev/intel/quartus/19.1/nios2eds/bin/gnu/h-x86_64-mingw32/bin/../lib/gcc/nios2-elf/8.3.1/../../../../../H-x86_64-mingw32/nios2-elf/lib/mno-hw-mul\libsmallc.a(lib_a-__call_atexit.o)
 .text.__call_exitprocs
                0x000000000100aa4c      0x11c d:/dev/intel/quartus/19.1/nios2eds/bin/gnu/h-x86_64-mingw32/bin/../lib/gcc/nios2-elf/8.3.1/../../../../../H-x86_64-mingw32/nios2-elf/lib/mno-hw-mul\libsmallc.a(lib_a-__call_atexit.o)
                0x000000000100aa4c                __call_exitprocs
 .text          0x000000000100ab68        0x0 d:/dev/intel/quartus/19.1/nios2eds/bin/gnu/h-x86_64-mingw32/bin/../lib/gcc/nios2-elf/8.3.1/../../../../../H-x86_64-mingw32/nios2-elf/lib/mno-hw-mul\libsmallc.a(lib_a-putc.o)
 .text.putc     0x000000000100ab68       0x50 d:/dev/intel/quartus/19.1/nios2eds/bin/gnu/h-x86_64-mingw32/bin/../lib/gcc/nios2-elf/8.3.1/../../../../../H-x86_64-mingw32/nios2-elf/lib/mno-hw-mul\libsmallc.a(lib_a-putc.o)
                0x000000000100ab68                putc
 .text._putc_r  0x000000000100abb8       0x54 d:/dev/intel/quartus/19.1/nios2eds/bin/gnu/h-x86_64-mingw32/bin/../lib/gcc/nios2-elf/8.3.1/../../../../../H-x86_64-mingw32/nios2-elf/lib/mno-hw-mul\libsmallc.a(lib_a-putc.o)
                0x000000000100abb8                _putc_r
 .text          0x000000000100ac0c       0x34 D:/projects/prj_fpga_altera/prj_VE-10CL025/cl025_prj/projects/1gb_nios_ii_tcp/software/simplified_tcp_bsp/\libhal_bsp.a(alt_exit.o)
                0x000000000100ac0c                _exit
 .text          0x000000000100ac40       0x48 D:/projects/prj_fpga_altera/prj_VE-10CL025/cl025_prj/projects/1gb_nios_ii_tcp/software/simplified_tcp_bsp/\libhal_bsp.a(alt_malloc_lock.o)
                0x000000000100ac40                __malloc_lock
                0x000000000100ac64                __malloc_unlock
 .text          0x000000000100ac88       0xb0 D:/projects/prj_fpga_altera/prj_VE-10CL025/cl025_prj/projects/1gb_nios_ii_tcp/software/simplified_tcp_bsp/\libhal_bsp.a(alt_sbrk.o)
                0x000000000100ac88                sbrk
 *(.gnu.warning.*)
 *(.fini)
                [!provide]                        PROVIDE (__etext = ABSOLUTE (.))
                [!provide]                        PROVIDE (_etext = ABSOLUTE (.))
                [!provide]                        PROVIDE (etext = ABSOLUTE (.))
 *(.eh_frame_hdr)
                0x000000000100ad38                . = ALIGN (0x4)
                [!provide]                        PROVIDE (__preinit_array_start = ABSOLUTE (.))
 *(.preinit_array)
                [!provide]                        PROVIDE (__preinit_array_end = ABSOLUTE (.))
                [!provide]                        PROVIDE (__init_array_start = ABSOLUTE (.))
 *(.init_array)
                [!provide]                        PROVIDE (__init_array_end = ABSOLUTE (.))
                [!provide]                        PROVIDE (__fini_array_start = ABSOLUTE (.))
 *(.fini_array)
                [!provide]                        PROVIDE (__fini_array_end = ABSOLUTE (.))
 *(.eh_frame)
 *(.gcc_except_table .gcc_except_table.*)
 *(.dynamic)
                0x000000000100ad38                PROVIDE (__CTOR_LIST__ = ABSOLUTE (.))
 *(.ctors)
 *(SORT_BY_NAME(.ctors.*))
                0x000000000100ad38                PROVIDE (__CTOR_END__ = ABSOLUTE (.))
                0x000000000100ad38                PROVIDE (__DTOR_LIST__ = ABSOLUTE (.))
 *(.dtors)
 *(SORT_BY_NAME(.dtors.*))
                0x000000000100ad38                PROVIDE (__DTOR_END__ = ABSOLUTE (.))
 *(.jcr)
                0x000000000100ad38                . = ALIGN (0x4)

.rodata         0x000000000100ad38     0x24c4
                0x000000000100ad38                PROVIDE (__ram_rodata_start = ABSOLUTE (.))
                0x000000000100ad38                . = ALIGN (0x4)
 *(.rodata .rodata.* .gnu.linkonce.r.*)
 .rodata        0x000000000100ad38      0x85c obj/default/main.o
 .rodata        0x000000000100b594        0xf D:/projects/prj_fpga_altera/prj_VE-10CL025/cl025_prj/projects/1gb_nios_ii_tcp/software/simplified_tcp_bsp/\libhal_bsp.a(alt_main.o)
 *fill*         0x000000000100b5a3        0x1 
 .rodata        0x000000000100b5a4       0x2e D:/projects/prj_fpga_altera/prj_VE-10CL025/cl025_prj/projects/1gb_nios_ii_tcp/software/simplified_tcp_bsp/\libhal_bsp.a(alt_sys_init.o)
 *fill*         0x000000000100b5d2        0x2 
 .rodata        0x000000000100b5d4     0x1c1b D:/projects/prj_fpga_altera/prj_VE-10CL025/cl025_prj/projects/1gb_nios_ii_tcp/software/simplified_tcp_bsp/\libhal_bsp.a(altera_avalon_tse.o)
 *fill*         0x000000000100d1ef        0x1 
 .rodata        0x000000000100d1f0        0xa D:/projects/prj_fpga_altera/prj_VE-10CL025/cl025_prj/projects/1gb_nios_ii_tcp/software/simplified_tcp_bsp/\libhal_bsp.a(alt_dev.o)
 *(.rodata1)
                0x000000000100d1fc                . = ALIGN (0x4)
 *fill*         0x000000000100d1fa        0x2 
                0x000000000100d1fc                PROVIDE (__ram_rodata_end = ABSOLUTE (.))
                0x000000000100ad38                PROVIDE (__flash_rodata_start = LOADADDR (.rodata))

.rwdata         0x000000000100d1fc      0x358 load address 0x000000000100d554
                0x000000000100d1fc                PROVIDE (__ram_rwdata_start = ABSOLUTE (.))
                0x000000000100d1fc                . = ALIGN (0x4)
 *(.got.plt)
 *(.got)
 *(.data1)
 *(.data .data.* .gnu.linkonce.d.*)
 .data          0x000000000100d1fc        0x0 D:/projects/prj_fpga_altera/prj_VE-10CL025/cl025_prj/projects/1gb_nios_ii_tcp/software/simplified_tcp_bsp/obj/HAL/src/crt0.o
 .data          0x000000000100d1fc        0x0 obj/default/main.o
 .data          0x000000000100d1fc        0x0 d:/dev/intel/quartus/19.1/nios2eds/bin/gnu/h-x86_64-mingw32/bin/../lib/gcc/nios2-elf/8.3.1/../../../../../H-x86_64-mingw32/nios2-elf/lib/mno-hw-mul\libsmallc.a(lib_a-memcpy.o)
 .data          0x000000000100d1fc        0x0 d:/dev/intel/quartus/19.1/nios2eds/bin/gnu/h-x86_64-mingw32/bin/../lib/gcc/nios2-elf/8.3.1/../../../../../H-x86_64-mingw32/nios2-elf/lib/mno-hw-mul\libsmallc.a(lib_a-memset.o)
 .data          0x000000000100d1fc        0x0 d:/dev/intel/quartus/19.1/nios2eds/bin/gnu/h-x86_64-mingw32/bin/../lib/gcc/nios2-elf/8.3.1/../../../../../H-x86_64-mingw32/nios2-elf/lib/mno-hw-mul\libsmallc.a(lib_a-printf.o)
 .data          0x000000000100d1fc        0x0 d:/dev/intel/quartus/19.1/nios2eds/bin/gnu/h-x86_64-mingw32/bin/../lib/gcc/nios2-elf/8.3.1/../../../../../H-x86_64-mingw32/nios2-elf/lib/mno-hw-mul\libsmallc.a(lib_a-vfprintf.o)
 .data          0x000000000100d1fc        0x0 d:/dev/intel/quartus/19.1/nios2eds/bin/gnu/h-x86_64-mingw32/bin/../lib/gcc/nios2-elf/8.3.1/../../../../../H-x86_64-mingw32/nios2-elf/lib/mno-hw-mul\libsmallc.a(lib_a-fvwrite_small_dev.o)
 .data          0x000000000100d1fc        0x0 d:/dev/intel/quartus/19.1/nios2eds/bin/gnu/h-x86_64-mingw32/bin/../lib/gcc/nios2-elf/8.3.1/../../../../../H-x86_64-mingw32/nios2-elf/lib/mno-hw-mul\libsmallc.a(lib_a-impure.o)
 .data.impure_data
                0x000000000100d1fc       0xe4 d:/dev/intel/quartus/19.1/nios2eds/bin/gnu/h-x86_64-mingw32/bin/../lib/gcc/nios2-elf/8.3.1/../../../../../H-x86_64-mingw32/nios2-elf/lib/mno-hw-mul\libsmallc.a(lib_a-impure.o)
 .data          0x000000000100d2e0        0x0 d:/dev/intel/quartus/19.1/nios2eds/bin/gnu/h-x86_64-mingw32/bin/../lib/gcc/nios2-elf/8.3.1/../../../../../H-x86_64-mingw32/nios2-elf/lib/mno-hw-mul\libsmallc.a(lib_a-strlen.o)
 .data          0x000000000100d2e0        0x0 d:/dev/intel/quartus/19.1/nios2eds/bin/gnu/h-x86_64-mingw32/bin/../lib/gcc/nios2-elf/8.3.1/../../../../../H-x86_64-mingw32/nios2-elf/lib/mno-hw-mul\libsmallc.a(lib_a-writer.o)
 .data          0x000000000100d2e0        0x0 d:/dev/intel/quartus/19.1/nios2eds/bin/gnu/h-x86_64-mingw32/bin/../lib/gcc/nios2-elf/8.3.1/../../../../../H-x86_64-mingw32/nios2-elf/lib/mno-hw-mul\libsmallc.a(lib_a-int_errno.o)
 .data          0x000000000100d2e0        0x0 d:/dev/intel/quartus/19.1/nios2eds/bin/gnu/h-x86_64-mingw32/bin/../lib/gcc/nios2-elf/8.3.1/mno-hw-mul\libgcc.a(lib2-divmod.o)
 .data          0x000000000100d2e0        0x0 d:/dev/intel/quartus/19.1/nios2eds/bin/gnu/h-x86_64-mingw32/bin/../lib/gcc/nios2-elf/8.3.1/mno-hw-mul\libgcc.a(lib2-mul.o)
 .data          0x000000000100d2e0        0x0 D:/projects/prj_fpga_altera/prj_VE-10CL025/cl025_prj/projects/1gb_nios_ii_tcp/software/simplified_tcp_bsp/\libhal_bsp.a(alt_dcache_flush_all.o)
 .data          0x000000000100d2e0        0x0 D:/projects/prj_fpga_altera/prj_VE-10CL025/cl025_prj/projects/1gb_nios_ii_tcp/software/simplified_tcp_bsp/\libhal_bsp.a(alt_load.o)
 .data          0x000000000100d2e0        0x0 D:/projects/prj_fpga_altera/prj_VE-10CL025/cl025_prj/projects/1gb_nios_ii_tcp/software/simplified_tcp_bsp/\libhal_bsp.a(alt_main.o)
 .data          0x000000000100d2e0        0x0 D:/projects/prj_fpga_altera/prj_VE-10CL025/cl025_prj/projects/1gb_nios_ii_tcp/software/simplified_tcp_bsp/\libhal_bsp.a(alt_printf.o)
 .data          0x000000000100d2e0        0x0 D:/projects/prj_fpga_altera/prj_VE-10CL025/cl025_prj/projects/1gb_nios_ii_tcp/software/simplified_tcp_bsp/\libhal_bsp.a(alt_putchar.o)
 .data          0x000000000100d2e0        0x0 D:/projects/prj_fpga_altera/prj_VE-10CL025/cl025_prj/projects/1gb_nios_ii_tcp/software/simplified_tcp_bsp/\libhal_bsp.a(alt_write.o)
 .data          0x000000000100d2e0       0x8c D:/projects/prj_fpga_altera/prj_VE-10CL025/cl025_prj/projects/1gb_nios_ii_tcp/software/simplified_tcp_bsp/\libhal_bsp.a(alt_sys_init.o)
 .data          0x000000000100d36c        0x0 D:/projects/prj_fpga_altera/prj_VE-10CL025/cl025_prj/projects/1gb_nios_ii_tcp/software/simplified_tcp_bsp/\libhal_bsp.a(altera_avalon_jtag_uart_fd.o)
 .data          0x000000000100d36c        0x0 D:/projects/prj_fpga_altera/prj_VE-10CL025/cl025_prj/projects/1gb_nios_ii_tcp/software/simplified_tcp_bsp/\libhal_bsp.a(altera_avalon_jtag_uart_read.o)
 .data          0x000000000100d36c        0x0 D:/projects/prj_fpga_altera/prj_VE-10CL025/cl025_prj/projects/1gb_nios_ii_tcp/software/simplified_tcp_bsp/\libhal_bsp.a(altera_avalon_jtag_uart_write.o)
 .data          0x000000000100d36c        0x0 D:/projects/prj_fpga_altera/prj_VE-10CL025/cl025_prj/projects/1gb_nios_ii_tcp/software/simplified_tcp_bsp/\libhal_bsp.a(altera_avalon_sgdma.o)
 .data          0x000000000100d36c        0x0 D:/projects/prj_fpga_altera/prj_VE-10CL025/cl025_prj/projects/1gb_nios_ii_tcp/software/simplified_tcp_bsp/\libhal_bsp.a(altera_avalon_timer_sc.o)
 .data          0x000000000100d36c        0x0 D:/projects/prj_fpga_altera/prj_VE-10CL025/cl025_prj/projects/1gb_nios_ii_tcp/software/simplified_tcp_bsp/\libhal_bsp.a(altera_avalon_tse.o)
 .data          0x000000000100d36c        0x0 D:/projects/prj_fpga_altera/prj_VE-10CL025/cl025_prj/projects/1gb_nios_ii_tcp/software/simplified_tcp_bsp/\libhal_bsp.a(altera_avalon_tse_system_info.o)
 .data          0x000000000100d36c        0x0 D:/projects/prj_fpga_altera/prj_VE-10CL025/cl025_prj/projects/1gb_nios_ii_tcp/software/simplified_tcp_bsp/\libhal_bsp.a(alt_close.o)
 .data          0x000000000100d36c        0x0 D:/projects/prj_fpga_altera/prj_VE-10CL025/cl025_prj/projects/1gb_nios_ii_tcp/software/simplified_tcp_bsp/\libhal_bsp.a(alt_dcache_flush.o)
 .data          0x000000000100d36c      0x1a8 D:/projects/prj_fpga_altera/prj_VE-10CL025/cl025_prj/projects/1gb_nios_ii_tcp/software/simplified_tcp_bsp/\libhal_bsp.a(alt_dev.o)
                0x000000000100d36c                alt_dev_null
                0x000000000100d394                alt_fd_list
 .data          0x000000000100d514        0x0 D:/projects/prj_fpga_altera/prj_VE-10CL025/cl025_prj/projects/1gb_nios_ii_tcp/software/simplified_tcp_bsp/\libhal_bsp.a(alt_dev_llist_insert.o)
 .data          0x000000000100d514        0x0 D:/projects/prj_fpga_altera/prj_VE-10CL025/cl025_prj/projects/1gb_nios_ii_tcp/software/simplified_tcp_bsp/\libhal_bsp.a(alt_do_ctors.o)
 .data          0x000000000100d514        0x0 D:/projects/prj_fpga_altera/prj_VE-10CL025/cl025_prj/projects/1gb_nios_ii_tcp/software/simplified_tcp_bsp/\libhal_bsp.a(alt_do_dtors.o)
 .data          0x000000000100d514        0x0 D:/projects/prj_fpga_altera/prj_VE-10CL025/cl025_prj/projects/1gb_nios_ii_tcp/software/simplified_tcp_bsp/\libhal_bsp.a(alt_errno.o)
 .data          0x000000000100d514        0x0 D:/projects/prj_fpga_altera/prj_VE-10CL025/cl025_prj/projects/1gb_nios_ii_tcp/software/simplified_tcp_bsp/\libhal_bsp.a(alt_find_dev.o)
 .data          0x000000000100d514        0x0 D:/projects/prj_fpga_altera/prj_VE-10CL025/cl025_prj/projects/1gb_nios_ii_tcp/software/simplified_tcp_bsp/\libhal_bsp.a(alt_icache_flush_all.o)
 .data          0x000000000100d514        0x0 D:/projects/prj_fpga_altera/prj_VE-10CL025/cl025_prj/projects/1gb_nios_ii_tcp/software/simplified_tcp_bsp/\libhal_bsp.a(alt_iic.o)
 .data          0x000000000100d514        0x0 D:/projects/prj_fpga_altera/prj_VE-10CL025/cl025_prj/projects/1gb_nios_ii_tcp/software/simplified_tcp_bsp/\libhal_bsp.a(alt_iic_isr_register.o)
 .data          0x000000000100d514        0x0 D:/projects/prj_fpga_altera/prj_VE-10CL025/cl025_prj/projects/1gb_nios_ii_tcp/software/simplified_tcp_bsp/\libhal_bsp.a(alt_io_redirect.o)
 .data          0x000000000100d514        0x0 D:/projects/prj_fpga_altera/prj_VE-10CL025/cl025_prj/projects/1gb_nios_ii_tcp/software/simplified_tcp_bsp/\libhal_bsp.a(alt_irq_entry.o)
 .data          0x000000000100d514        0x0 D:/projects/prj_fpga_altera/prj_VE-10CL025/cl025_prj/projects/1gb_nios_ii_tcp/software/simplified_tcp_bsp/\libhal_bsp.a(alt_irq_handler.o)
 .data          0x000000000100d514        0x0 D:/projects/prj_fpga_altera/prj_VE-10CL025/cl025_prj/projects/1gb_nios_ii_tcp/software/simplified_tcp_bsp/\libhal_bsp.a(alt_irq_vars.o)
 .data          0x000000000100d514        0x0 D:/projects/prj_fpga_altera/prj_VE-10CL025/cl025_prj/projects/1gb_nios_ii_tcp/software/simplified_tcp_bsp/\libhal_bsp.a(alt_open.o)
 .data          0x000000000100d514        0x0 D:/projects/prj_fpga_altera/prj_VE-10CL025/cl025_prj/projects/1gb_nios_ii_tcp/software/simplified_tcp_bsp/\libhal_bsp.a(alt_release_fd.o)
 .data          0x000000000100d514        0x0 D:/projects/prj_fpga_altera/prj_VE-10CL025/cl025_prj/projects/1gb_nios_ii_tcp/software/simplified_tcp_bsp/\libhal_bsp.a(alt_tick.o)
 .data          0x000000000100d514        0x0 D:/projects/prj_fpga_altera/prj_VE-10CL025/cl025_prj/projects/1gb_nios_ii_tcp/software/simplified_tcp_bsp/\libhal_bsp.a(alt_usleep.o)
 .data          0x000000000100d514        0x0 D:/projects/prj_fpga_altera/prj_VE-10CL025/cl025_prj/projects/1gb_nios_ii_tcp/software/simplified_tcp_bsp/\libhal_bsp.a(altera_nios2_gen2_irq.o)
 .data          0x000000000100d514        0x0 D:/projects/prj_fpga_altera/prj_VE-10CL025/cl025_prj/projects/1gb_nios_ii_tcp/software/simplified_tcp_bsp/\libhal_bsp.a(alt_busy_sleep.o)
 .data          0x000000000100d514        0x0 D:/projects/prj_fpga_altera/prj_VE-10CL025/cl025_prj/projects/1gb_nios_ii_tcp/software/simplified_tcp_bsp/\libhal_bsp.a(alt_exception_entry.o)
 .data          0x000000000100d514        0x0 D:/projects/prj_fpga_altera/prj_VE-10CL025/cl025_prj/projects/1gb_nios_ii_tcp/software/simplified_tcp_bsp/\libhal_bsp.a(alt_find_file.o)
 .data          0x000000000100d514        0x0 D:/projects/prj_fpga_altera/prj_VE-10CL025/cl025_prj/projects/1gb_nios_ii_tcp/software/simplified_tcp_bsp/\libhal_bsp.a(alt_get_fd.o)
 .data          0x000000000100d514        0x0 D:/projects/prj_fpga_altera/prj_VE-10CL025/cl025_prj/projects/1gb_nios_ii_tcp/software/simplified_tcp_bsp/\libhal_bsp.a(alt_instruction_exception_entry.o)
 .data          0x000000000100d514        0x0 d:/dev/intel/quartus/19.1/nios2eds/bin/gnu/h-x86_64-mingw32/bin/../lib/gcc/nios2-elf/8.3.1/../../../../../H-x86_64-mingw32/nios2-elf/lib/mno-hw-mul\libsmallc.a(lib_a-atexit.o)
 .data          0x000000000100d514        0x0 d:/dev/intel/quartus/19.1/nios2eds/bin/gnu/h-x86_64-mingw32/bin/../lib/gcc/nios2-elf/8.3.1/../../../../../H-x86_64-mingw32/nios2-elf/lib/mno-hw-mul\libsmallc.a(lib_a-exit.o)
 .data          0x000000000100d514        0x0 d:/dev/intel/quartus/19.1/nios2eds/bin/gnu/h-x86_64-mingw32/bin/../lib/gcc/nios2-elf/8.3.1/../../../../../H-x86_64-mingw32/nios2-elf/lib/mno-hw-mul\libsmallc.a(lib_a-malloc.o)
 .data          0x000000000100d514        0x0 d:/dev/intel/quartus/19.1/nios2eds/bin/gnu/h-x86_64-mingw32/bin/../lib/gcc/nios2-elf/8.3.1/../../../../../H-x86_64-mingw32/nios2-elf/lib/mno-hw-mul\libsmallc.a(lib_a-memcmp.o)
 .data          0x000000000100d514        0x0 d:/dev/intel/quartus/19.1/nios2eds/bin/gnu/h-x86_64-mingw32/bin/../lib/gcc/nios2-elf/8.3.1/../../../../../H-x86_64-mingw32/nios2-elf/lib/mno-hw-mul\libsmallc.a(lib_a-nano-freer.o)
 .data          0x000000000100d514        0x0 d:/dev/intel/quartus/19.1/nios2eds/bin/gnu/h-x86_64-mingw32/bin/../lib/gcc/nios2-elf/8.3.1/../../../../../H-x86_64-mingw32/nios2-elf/lib/mno-hw-mul\libsmallc.a(lib_a-nano-mallocr.o)
 .data          0x000000000100d514        0x0 d:/dev/intel/quartus/19.1/nios2eds/bin/gnu/h-x86_64-mingw32/bin/../lib/gcc/nios2-elf/8.3.1/../../../../../H-x86_64-mingw32/nios2-elf/lib/mno-hw-mul\libsmallc.a(lib_a-putchar.o)
 .data          0x000000000100d514        0x0 d:/dev/intel/quartus/19.1/nios2eds/bin/gnu/h-x86_64-mingw32/bin/../lib/gcc/nios2-elf/8.3.1/../../../../../H-x86_64-mingw32/nios2-elf/lib/mno-hw-mul\libsmallc.a(lib_a-sbrkr.o)
 .data          0x000000000100d514        0x0 d:/dev/intel/quartus/19.1/nios2eds/bin/gnu/h-x86_64-mingw32/bin/../lib/gcc/nios2-elf/8.3.1/../../../../../H-x86_64-mingw32/nios2-elf/lib/mno-hw-mul\libsmallc.a(lib_a-strcpy.o)
 .data          0x000000000100d514        0x0 d:/dev/intel/quartus/19.1/nios2eds/bin/gnu/h-x86_64-mingw32/bin/../lib/gcc/nios2-elf/8.3.1/../../../../../H-x86_64-mingw32/nios2-elf/lib/mno-hw-mul\libsmallc.a(lib_a-__atexit.o)
 .data          0x000000000100d514        0x0 d:/dev/intel/quartus/19.1/nios2eds/bin/gnu/h-x86_64-mingw32/bin/../lib/gcc/nios2-elf/8.3.1/../../../../../H-x86_64-mingw32/nios2-elf/lib/mno-hw-mul\libsmallc.a(lib_a-__call_atexit.o)
 .data          0x000000000100d514        0x0 d:/dev/intel/quartus/19.1/nios2eds/bin/gnu/h-x86_64-mingw32/bin/../lib/gcc/nios2-elf/8.3.1/../../../../../H-x86_64-mingw32/nios2-elf/lib/mno-hw-mul\libsmallc.a(lib_a-putc.o)
 .data          0x000000000100d514        0x0 D:/projects/prj_fpga_altera/prj_VE-10CL025/cl025_prj/projects/1gb_nios_ii_tcp/software/simplified_tcp_bsp/\libhal_bsp.a(alt_exit.o)
 .data          0x000000000100d514        0x0 D:/projects/prj_fpga_altera/prj_VE-10CL025/cl025_prj/projects/1gb_nios_ii_tcp/software/simplified_tcp_bsp/\libhal_bsp.a(alt_malloc_lock.o)
 .data          0x000000000100d514        0x0 D:/projects/prj_fpga_altera/prj_VE-10CL025/cl025_prj/projects/1gb_nios_ii_tcp/software/simplified_tcp_bsp/\libhal_bsp.a(alt_sbrk.o)
                0x0000000001015514                _gp = ABSOLUTE ((. + 0x8000))
                [!provide]                        PROVIDE (gp = _gp)
 *(.rwdata .rwdata.*)
 *(.sdata .sdata.* .gnu.linkonce.s.*)
 .sdata         0x000000000100d514        0x4 obj/default/main.o
                0x000000000100d514                tse
 .sdata._global_impure_ptr
                0x000000000100d518        0x4 d:/dev/intel/quartus/19.1/nios2eds/bin/gnu/h-x86_64-mingw32/bin/../lib/gcc/nios2-elf/8.3.1/../../../../../H-x86_64-mingw32/nios2-elf/lib/mno-hw-mul\libsmallc.a(lib_a-impure.o)
                0x000000000100d518                _global_impure_ptr
 .sdata._impure_ptr
                0x000000000100d51c        0x4 d:/dev/intel/quartus/19.1/nios2eds/bin/gnu/h-x86_64-mingw32/bin/../lib/gcc/nios2-elf/8.3.1/../../../../../H-x86_64-mingw32/nios2-elf/lib/mno-hw-mul\libsmallc.a(lib_a-impure.o)
                0x000000000100d51c                _impure_ptr
 .sdata         0x000000000100d520        0x8 D:/projects/prj_fpga_altera/prj_VE-10CL025/cl025_prj/projects/1gb_nios_ii_tcp/software/simplified_tcp_bsp/\libhal_bsp.a(altera_avalon_sgdma.o)
                0x000000000100d520                alt_sgdma_list
 .sdata         0x000000000100d528        0x1 D:/projects/prj_fpga_altera/prj_VE-10CL025/cl025_prj/projects/1gb_nios_ii_tcp/software/simplified_tcp_bsp/\libhal_bsp.a(altera_avalon_tse.o)
                0x000000000100d528                max_mac_system
 *fill*         0x000000000100d529        0x3 
 .sdata         0x000000000100d52c       0x14 D:/projects/prj_fpga_altera/prj_VE-10CL025/cl025_prj/projects/1gb_nios_ii_tcp/software/simplified_tcp_bsp/\libhal_bsp.a(alt_dev.o)
                0x000000000100d52c                alt_fs_list
                0x000000000100d534                alt_dev_list
                0x000000000100d53c                alt_max_fd
 .sdata         0x000000000100d540        0x4 D:/projects/prj_fpga_altera/prj_VE-10CL025/cl025_prj/projects/1gb_nios_ii_tcp/software/simplified_tcp_bsp/\libhal_bsp.a(alt_errno.o)
                0x000000000100d540                alt_errno
 .sdata         0x000000000100d544        0x4 D:/projects/prj_fpga_altera/prj_VE-10CL025/cl025_prj/projects/1gb_nios_ii_tcp/software/simplified_tcp_bsp/\libhal_bsp.a(alt_irq_vars.o)
                0x000000000100d544                alt_priority_mask
 .sdata         0x000000000100d548        0x8 D:/projects/prj_fpga_altera/prj_VE-10CL025/cl025_prj/projects/1gb_nios_ii_tcp/software/simplified_tcp_bsp/\libhal_bsp.a(alt_tick.o)
                0x000000000100d548                alt_alarm_list
 .sdata         0x000000000100d550        0x4 D:/projects/prj_fpga_altera/prj_VE-10CL025/cl025_prj/projects/1gb_nios_ii_tcp/software/simplified_tcp_bsp/\libhal_bsp.a(alt_sbrk.o)
 *(.sdata2 .sdata2.* .gnu.linkonce.s2.*)
                0x000000000100d554                . = ALIGN (0x4)
                0x000000000100d554                _edata = ABSOLUTE (.)
                [!provide]                        PROVIDE (edata = ABSOLUTE (.))
                0x000000000100d554                PROVIDE (__ram_rwdata_end = ABSOLUTE (.))
                0x000000000100d554                PROVIDE (__flash_rwdata_start = LOADADDR (.rwdata))

.bss            0x000000000100d8ac      0xff4
                0x000000000100d8ac                __bss_start = ABSOLUTE (.)
                [!provide]                        PROVIDE (__sbss_start = ABSOLUTE (.))
                [!provide]                        PROVIDE (___sbss_start = ABSOLUTE (.))
 *(.dynsbss)
 *(.sbss .sbss.* .gnu.linkonce.sb.*)
 .sbss          0x000000000100d8ac       0x14 obj/default/main.o
                0x000000000100d8ac                loss_count
                0x000000000100d8ad                loss_flag
                0x000000000100d8b0                pckt_rxed
                0x000000000100d8b4                succ_rxed
                0x000000000100d8b8                flag_syn
                0x000000000100d8b9                retr_count
                0x000000000100d8bc                in
 .sbss          0x000000000100d8c0        0xc obj/default/main.o
                0x000000000100d8c0                data_flag
                0x000000000100d8c4                sgdma_tx_dev
                0x000000000100d8c8                sgdma_rx_dev
 .sbss          0x000000000100d8cc        0x4 d:/dev/intel/quartus/19.1/nios2eds/bin/gnu/h-x86_64-mingw32/bin/../lib/gcc/nios2-elf/8.3.1/../../../../../H-x86_64-mingw32/nios2-elf/lib/mno-hw-mul\libsmallc.a(lib_a-int_errno.o)
                0x000000000100d8cc                errno
 .sbss          0x000000000100d8d0        0xc D:/projects/prj_fpga_altera/prj_VE-10CL025/cl025_prj/projects/1gb_nios_ii_tcp/software/simplified_tcp_bsp/\libhal_bsp.a(alt_main.o)
                0x000000000100d8d0                alt_argc
                0x000000000100d8d4                alt_argv
                0x000000000100d8d8                alt_envp
 .sbss          0x000000000100d8dc        0x4 D:/projects/prj_fpga_altera/prj_VE-10CL025/cl025_prj/projects/1gb_nios_ii_tcp/software/simplified_tcp_bsp/\libhal_bsp.a(altera_avalon_tse.o)
                0x000000000100d8dc                phy_profile_count
                0x000000000100d8dd                mac_group_count
 .sbss          0x000000000100d8e0        0x4 D:/projects/prj_fpga_altera/prj_VE-10CL025/cl025_prj/projects/1gb_nios_ii_tcp/software/simplified_tcp_bsp/\libhal_bsp.a(alt_irq_vars.o)
                0x000000000100d8e0                alt_irq_active
 .sbss          0x000000000100d8e4        0x8 D:/projects/prj_fpga_altera/prj_VE-10CL025/cl025_prj/projects/1gb_nios_ii_tcp/software/simplified_tcp_bsp/\libhal_bsp.a(alt_tick.o)
                0x000000000100d8e4                _alt_tick_rate
                0x000000000100d8e8                _alt_nticks
 .sbss          0x000000000100d8ec        0x4 D:/projects/prj_fpga_altera/prj_VE-10CL025/cl025_prj/projects/1gb_nios_ii_tcp/software/simplified_tcp_bsp/\libhal_bsp.a(alt_instruction_exception_entry.o)
                0x000000000100d8ec                alt_instruction_exception_handler
 .sbss.__malloc_sbrk_start
                0x000000000100d8f0        0x4 d:/dev/intel/quartus/19.1/nios2eds/bin/gnu/h-x86_64-mingw32/bin/../lib/gcc/nios2-elf/8.3.1/../../../../../H-x86_64-mingw32/nios2-elf/lib/mno-hw-mul\libsmallc.a(lib_a-nano-mallocr.o)
                0x000000000100d8f0                __malloc_sbrk_start
 .sbss.__malloc_free_list
                0x000000000100d8f4        0x4 d:/dev/intel/quartus/19.1/nios2eds/bin/gnu/h-x86_64-mingw32/bin/../lib/gcc/nios2-elf/8.3.1/../../../../../H-x86_64-mingw32/nios2-elf/lib/mno-hw-mul\libsmallc.a(lib_a-nano-mallocr.o)
                0x000000000100d8f4                __malloc_free_list
 *(.sbss2 .sbss2.* .gnu.linkonce.sb2.*)
 *(.scommon)
                [!provide]                        PROVIDE (__sbss_end = ABSOLUTE (.))
                [!provide]                        PROVIDE (___sbss_end = ABSOLUTE (.))
 *(.dynbss)
 *(.bss .bss.* .gnu.linkonce.b.*)
 .bss           0x000000000100d8f8        0x0 D:/projects/prj_fpga_altera/prj_VE-10CL025/cl025_prj/projects/1gb_nios_ii_tcp/software/simplified_tcp_bsp/obj/HAL/src/crt0.o
 .bss           0x000000000100d8f8      0xbdc obj/default/main.o
                0x000000000100d8f8                rx_frame
                0x000000000100dee6                tx_frame
 .bss           0x000000000100e4d4        0x0 d:/dev/intel/quartus/19.1/nios2eds/bin/gnu/h-x86_64-mingw32/bin/../lib/gcc/nios2-elf/8.3.1/../../../../../H-x86_64-mingw32/nios2-elf/lib/mno-hw-mul\libsmallc.a(lib_a-memcpy.o)
 .bss           0x000000000100e4d4        0x0 d:/dev/intel/quartus/19.1/nios2eds/bin/gnu/h-x86_64-mingw32/bin/../lib/gcc/nios2-elf/8.3.1/../../../../../H-x86_64-mingw32/nios2-elf/lib/mno-hw-mul\libsmallc.a(lib_a-memset.o)
 .bss           0x000000000100e4d4        0x0 d:/dev/intel/quartus/19.1/nios2eds/bin/gnu/h-x86_64-mingw32/bin/../lib/gcc/nios2-elf/8.3.1/../../../../../H-x86_64-mingw32/nios2-elf/lib/mno-hw-mul\libsmallc.a(lib_a-printf.o)
 .bss           0x000000000100e4d4        0x0 d:/dev/intel/quartus/19.1/nios2eds/bin/gnu/h-x86_64-mingw32/bin/../lib/gcc/nios2-elf/8.3.1/../../../../../H-x86_64-mingw32/nios2-elf/lib/mno-hw-mul\libsmallc.a(lib_a-vfprintf.o)
 .bss           0x000000000100e4d4        0x0 d:/dev/intel/quartus/19.1/nios2eds/bin/gnu/h-x86_64-mingw32/bin/../lib/gcc/nios2-elf/8.3.1/../../../../../H-x86_64-mingw32/nios2-elf/lib/mno-hw-mul\libsmallc.a(lib_a-fvwrite_small_dev.o)
 .bss           0x000000000100e4d4        0x0 d:/dev/intel/quartus/19.1/nios2eds/bin/gnu/h-x86_64-mingw32/bin/../lib/gcc/nios2-elf/8.3.1/../../../../../H-x86_64-mingw32/nios2-elf/lib/mno-hw-mul\libsmallc.a(lib_a-impure.o)
 .bss           0x000000000100e4d4        0x0 d:/dev/intel/quartus/19.1/nios2eds/bin/gnu/h-x86_64-mingw32/bin/../lib/gcc/nios2-elf/8.3.1/../../../../../H-x86_64-mingw32/nios2-elf/lib/mno-hw-mul\libsmallc.a(lib_a-strlen.o)
 .bss           0x000000000100e4d4        0x0 d:/dev/intel/quartus/19.1/nios2eds/bin/gnu/h-x86_64-mingw32/bin/../lib/gcc/nios2-elf/8.3.1/../../../../../H-x86_64-mingw32/nios2-elf/lib/mno-hw-mul\libsmallc.a(lib_a-writer.o)
 .bss           0x000000000100e4d4        0x0 d:/dev/intel/quartus/19.1/nios2eds/bin/gnu/h-x86_64-mingw32/bin/../lib/gcc/nios2-elf/8.3.1/../../../../../H-x86_64-mingw32/nios2-elf/lib/mno-hw-mul\libsmallc.a(lib_a-int_errno.o)
 .bss           0x000000000100e4d4        0x0 d:/dev/intel/quartus/19.1/nios2eds/bin/gnu/h-x86_64-mingw32/bin/../lib/gcc/nios2-elf/8.3.1/mno-hw-mul\libgcc.a(lib2-divmod.o)
 .bss           0x000000000100e4d4        0x0 d:/dev/intel/quartus/19.1/nios2eds/bin/gnu/h-x86_64-mingw32/bin/../lib/gcc/nios2-elf/8.3.1/mno-hw-mul\libgcc.a(lib2-mul.o)
 .bss           0x000000000100e4d4        0x0 D:/projects/prj_fpga_altera/prj_VE-10CL025/cl025_prj/projects/1gb_nios_ii_tcp/software/simplified_tcp_bsp/\libhal_bsp.a(alt_dcache_flush_all.o)
 .bss           0x000000000100e4d4        0x0 D:/projects/prj_fpga_altera/prj_VE-10CL025/cl025_prj/projects/1gb_nios_ii_tcp/software/simplified_tcp_bsp/\libhal_bsp.a(alt_load.o)
 .bss           0x000000000100e4d4        0x0 D:/projects/prj_fpga_altera/prj_VE-10CL025/cl025_prj/projects/1gb_nios_ii_tcp/software/simplified_tcp_bsp/\libhal_bsp.a(alt_main.o)
 .bss           0x000000000100e4d4        0x0 D:/projects/prj_fpga_altera/prj_VE-10CL025/cl025_prj/projects/1gb_nios_ii_tcp/software/simplified_tcp_bsp/\libhal_bsp.a(alt_printf.o)
 .bss           0x000000000100e4d4        0x0 D:/projects/prj_fpga_altera/prj_VE-10CL025/cl025_prj/projects/1gb_nios_ii_tcp/software/simplified_tcp_bsp/\libhal_bsp.a(alt_putchar.o)
 .bss           0x000000000100e4d4        0x0 D:/projects/prj_fpga_altera/prj_VE-10CL025/cl025_prj/projects/1gb_nios_ii_tcp/software/simplified_tcp_bsp/\libhal_bsp.a(alt_write.o)
 .bss           0x000000000100e4d4        0x0 D:/projects/prj_fpga_altera/prj_VE-10CL025/cl025_prj/projects/1gb_nios_ii_tcp/software/simplified_tcp_bsp/\libhal_bsp.a(alt_sys_init.o)
 .bss           0x000000000100e4d4        0x0 D:/projects/prj_fpga_altera/prj_VE-10CL025/cl025_prj/projects/1gb_nios_ii_tcp/software/simplified_tcp_bsp/\libhal_bsp.a(altera_avalon_jtag_uart_fd.o)
 .bss           0x000000000100e4d4        0x0 D:/projects/prj_fpga_altera/prj_VE-10CL025/cl025_prj/projects/1gb_nios_ii_tcp/software/simplified_tcp_bsp/\libhal_bsp.a(altera_avalon_jtag_uart_read.o)
 .bss           0x000000000100e4d4        0x0 D:/projects/prj_fpga_altera/prj_VE-10CL025/cl025_prj/projects/1gb_nios_ii_tcp/software/simplified_tcp_bsp/\libhal_bsp.a(altera_avalon_jtag_uart_write.o)
 .bss           0x000000000100e4d4        0x0 D:/projects/prj_fpga_altera/prj_VE-10CL025/cl025_prj/projects/1gb_nios_ii_tcp/software/simplified_tcp_bsp/\libhal_bsp.a(altera_avalon_sgdma.o)
 .bss           0x000000000100e4d4        0x0 D:/projects/prj_fpga_altera/prj_VE-10CL025/cl025_prj/projects/1gb_nios_ii_tcp/software/simplified_tcp_bsp/\libhal_bsp.a(altera_avalon_timer_sc.o)
 .bss           0x000000000100e4d4        0x0 D:/projects/prj_fpga_altera/prj_VE-10CL025/cl025_prj/projects/1gb_nios_ii_tcp/software/simplified_tcp_bsp/\libhal_bsp.a(altera_avalon_tse.o)
 .bss           0x000000000100e4d4      0x260 D:/projects/prj_fpga_altera/prj_VE-10CL025/cl025_prj/projects/1gb_nios_ii_tcp/software/simplified_tcp_bsp/\libhal_bsp.a(altera_avalon_tse_system_info.o)
                0x000000000100e4d4                tse_mac_device
 .bss           0x000000000100e734        0x0 D:/projects/prj_fpga_altera/prj_VE-10CL025/cl025_prj/projects/1gb_nios_ii_tcp/software/simplified_tcp_bsp/\libhal_bsp.a(alt_close.o)
 .bss           0x000000000100e734        0x0 D:/projects/prj_fpga_altera/prj_VE-10CL025/cl025_prj/projects/1gb_nios_ii_tcp/software/simplified_tcp_bsp/\libhal_bsp.a(alt_dcache_flush.o)
 .bss           0x000000000100e734        0x0 D:/projects/prj_fpga_altera/prj_VE-10CL025/cl025_prj/projects/1gb_nios_ii_tcp/software/simplified_tcp_bsp/\libhal_bsp.a(alt_dev.o)
 .bss           0x000000000100e734        0x0 D:/projects/prj_fpga_altera/prj_VE-10CL025/cl025_prj/projects/1gb_nios_ii_tcp/software/simplified_tcp_bsp/\libhal_bsp.a(alt_dev_llist_insert.o)
 .bss           0x000000000100e734        0x0 D:/projects/prj_fpga_altera/prj_VE-10CL025/cl025_prj/projects/1gb_nios_ii_tcp/software/simplified_tcp_bsp/\libhal_bsp.a(alt_do_ctors.o)
 .bss           0x000000000100e734        0x0 D:/projects/prj_fpga_altera/prj_VE-10CL025/cl025_prj/projects/1gb_nios_ii_tcp/software/simplified_tcp_bsp/\libhal_bsp.a(alt_do_dtors.o)
 .bss           0x000000000100e734        0x0 D:/projects/prj_fpga_altera/prj_VE-10CL025/cl025_prj/projects/1gb_nios_ii_tcp/software/simplified_tcp_bsp/\libhal_bsp.a(alt_errno.o)
 .bss           0x000000000100e734        0x0 D:/projects/prj_fpga_altera/prj_VE-10CL025/cl025_prj/projects/1gb_nios_ii_tcp/software/simplified_tcp_bsp/\libhal_bsp.a(alt_find_dev.o)
 .bss           0x000000000100e734        0x0 D:/projects/prj_fpga_altera/prj_VE-10CL025/cl025_prj/projects/1gb_nios_ii_tcp/software/simplified_tcp_bsp/\libhal_bsp.a(alt_icache_flush_all.o)
 .bss           0x000000000100e734        0x0 D:/projects/prj_fpga_altera/prj_VE-10CL025/cl025_prj/projects/1gb_nios_ii_tcp/software/simplified_tcp_bsp/\libhal_bsp.a(alt_iic.o)
 .bss           0x000000000100e734        0x0 D:/projects/prj_fpga_altera/prj_VE-10CL025/cl025_prj/projects/1gb_nios_ii_tcp/software/simplified_tcp_bsp/\libhal_bsp.a(alt_iic_isr_register.o)
 .bss           0x000000000100e734        0x0 D:/projects/prj_fpga_altera/prj_VE-10CL025/cl025_prj/projects/1gb_nios_ii_tcp/software/simplified_tcp_bsp/\libhal_bsp.a(alt_io_redirect.o)
 .bss           0x000000000100e734        0x0 D:/projects/prj_fpga_altera/prj_VE-10CL025/cl025_prj/projects/1gb_nios_ii_tcp/software/simplified_tcp_bsp/\libhal_bsp.a(alt_irq_entry.o)
 .bss           0x000000000100e734        0x0 D:/projects/prj_fpga_altera/prj_VE-10CL025/cl025_prj/projects/1gb_nios_ii_tcp/software/simplified_tcp_bsp/\libhal_bsp.a(alt_irq_handler.o)
 .bss           0x000000000100e734        0x0 D:/projects/prj_fpga_altera/prj_VE-10CL025/cl025_prj/projects/1gb_nios_ii_tcp/software/simplified_tcp_bsp/\libhal_bsp.a(alt_irq_vars.o)
 .bss           0x000000000100e734        0x0 D:/projects/prj_fpga_altera/prj_VE-10CL025/cl025_prj/projects/1gb_nios_ii_tcp/software/simplified_tcp_bsp/\libhal_bsp.a(alt_open.o)
 .bss           0x000000000100e734        0x0 D:/projects/prj_fpga_altera/prj_VE-10CL025/cl025_prj/projects/1gb_nios_ii_tcp/software/simplified_tcp_bsp/\libhal_bsp.a(alt_release_fd.o)
 .bss           0x000000000100e734        0x0 D:/projects/prj_fpga_altera/prj_VE-10CL025/cl025_prj/projects/1gb_nios_ii_tcp/software/simplified_tcp_bsp/\libhal_bsp.a(alt_tick.o)
 .bss           0x000000000100e734        0x0 D:/projects/prj_fpga_altera/prj_VE-10CL025/cl025_prj/projects/1gb_nios_ii_tcp/software/simplified_tcp_bsp/\libhal_bsp.a(alt_usleep.o)
 .bss           0x000000000100e734        0x0 D:/projects/prj_fpga_altera/prj_VE-10CL025/cl025_prj/projects/1gb_nios_ii_tcp/software/simplified_tcp_bsp/\libhal_bsp.a(altera_nios2_gen2_irq.o)
 .bss           0x000000000100e734        0x0 D:/projects/prj_fpga_altera/prj_VE-10CL025/cl025_prj/projects/1gb_nios_ii_tcp/software/simplified_tcp_bsp/\libhal_bsp.a(alt_busy_sleep.o)
 .bss           0x000000000100e734        0x0 D:/projects/prj_fpga_altera/prj_VE-10CL025/cl025_prj/projects/1gb_nios_ii_tcp/software/simplified_tcp_bsp/\libhal_bsp.a(alt_exception_entry.o)
 .bss           0x000000000100e734        0x0 D:/projects/prj_fpga_altera/prj_VE-10CL025/cl025_prj/projects/1gb_nios_ii_tcp/software/simplified_tcp_bsp/\libhal_bsp.a(alt_find_file.o)
 .bss           0x000000000100e734        0x0 D:/projects/prj_fpga_altera/prj_VE-10CL025/cl025_prj/projects/1gb_nios_ii_tcp/software/simplified_tcp_bsp/\libhal_bsp.a(alt_get_fd.o)
 .bss           0x000000000100e734        0x0 D:/projects/prj_fpga_altera/prj_VE-10CL025/cl025_prj/projects/1gb_nios_ii_tcp/software/simplified_tcp_bsp/\libhal_bsp.a(alt_instruction_exception_entry.o)
 .bss           0x000000000100e734        0x0 d:/dev/intel/quartus/19.1/nios2eds/bin/gnu/h-x86_64-mingw32/bin/../lib/gcc/nios2-elf/8.3.1/../../../../../H-x86_64-mingw32/nios2-elf/lib/mno-hw-mul\libsmallc.a(lib_a-atexit.o)
 .bss           0x000000000100e734        0x0 d:/dev/intel/quartus/19.1/nios2eds/bin/gnu/h-x86_64-mingw32/bin/../lib/gcc/nios2-elf/8.3.1/../../../../../H-x86_64-mingw32/nios2-elf/lib/mno-hw-mul\libsmallc.a(lib_a-exit.o)
 .bss           0x000000000100e734        0x0 d:/dev/intel/quartus/19.1/nios2eds/bin/gnu/h-x86_64-mingw32/bin/../lib/gcc/nios2-elf/8.3.1/../../../../../H-x86_64-mingw32/nios2-elf/lib/mno-hw-mul\libsmallc.a(lib_a-malloc.o)
 .bss           0x000000000100e734        0x0 d:/dev/intel/quartus/19.1/nios2eds/bin/gnu/h-x86_64-mingw32/bin/../lib/gcc/nios2-elf/8.3.1/../../../../../H-x86_64-mingw32/nios2-elf/lib/mno-hw-mul\libsmallc.a(lib_a-memcmp.o)
 .bss           0x000000000100e734        0x0 d:/dev/intel/quartus/19.1/nios2eds/bin/gnu/h-x86_64-mingw32/bin/../lib/gcc/nios2-elf/8.3.1/../../../../../H-x86_64-mingw32/nios2-elf/lib/mno-hw-mul\libsmallc.a(lib_a-nano-freer.o)
 .bss           0x000000000100e734        0x0 d:/dev/intel/quartus/19.1/nios2eds/bin/gnu/h-x86_64-mingw32/bin/../lib/gcc/nios2-elf/8.3.1/../../../../../H-x86_64-mingw32/nios2-elf/lib/mno-hw-mul\libsmallc.a(lib_a-nano-mallocr.o)
 .bss           0x000000000100e734        0x0 d:/dev/intel/quartus/19.1/nios2eds/bin/gnu/h-x86_64-mingw32/bin/../lib/gcc/nios2-elf/8.3.1/../../../../../H-x86_64-mingw32/nios2-elf/lib/mno-hw-mul\libsmallc.a(lib_a-putchar.o)
 .bss           0x000000000100e734        0x0 d:/dev/intel/quartus/19.1/nios2eds/bin/gnu/h-x86_64-mingw32/bin/../lib/gcc/nios2-elf/8.3.1/../../../../../H-x86_64-mingw32/nios2-elf/lib/mno-hw-mul\libsmallc.a(lib_a-sbrkr.o)
 .bss           0x000000000100e734        0x0 d:/dev/intel/quartus/19.1/nios2eds/bin/gnu/h-x86_64-mingw32/bin/../lib/gcc/nios2-elf/8.3.1/../../../../../H-x86_64-mingw32/nios2-elf/lib/mno-hw-mul\libsmallc.a(lib_a-strcpy.o)
 .bss           0x000000000100e734        0x0 d:/dev/intel/quartus/19.1/nios2eds/bin/gnu/h-x86_64-mingw32/bin/../lib/gcc/nios2-elf/8.3.1/../../../../../H-x86_64-mingw32/nios2-elf/lib/mno-hw-mul\libsmallc.a(lib_a-__atexit.o)
 .bss           0x000000000100e734        0x0 d:/dev/intel/quartus/19.1/nios2eds/bin/gnu/h-x86_64-mingw32/bin/../lib/gcc/nios2-elf/8.3.1/../../../../../H-x86_64-mingw32/nios2-elf/lib/mno-hw-mul\libsmallc.a(lib_a-__call_atexit.o)
 .bss           0x000000000100e734        0x0 d:/dev/intel/quartus/19.1/nios2eds/bin/gnu/h-x86_64-mingw32/bin/../lib/gcc/nios2-elf/8.3.1/../../../../../H-x86_64-mingw32/nios2-elf/lib/mno-hw-mul\libsmallc.a(lib_a-putc.o)
 .bss           0x000000000100e734        0x0 D:/projects/prj_fpga_altera/prj_VE-10CL025/cl025_prj/projects/1gb_nios_ii_tcp/software/simplified_tcp_bsp/\libhal_bsp.a(alt_exit.o)
 .bss           0x000000000100e734        0x0 D:/projects/prj_fpga_altera/prj_VE-10CL025/cl025_prj/projects/1gb_nios_ii_tcp/software/simplified_tcp_bsp/\libhal_bsp.a(alt_malloc_lock.o)
 .bss           0x000000000100e734        0x0 D:/projects/prj_fpga_altera/prj_VE-10CL025/cl025_prj/projects/1gb_nios_ii_tcp/software/simplified_tcp_bsp/\libhal_bsp.a(alt_sbrk.o)
 *(COMMON)
 COMMON         0x000000000100e734       0x2c obj/default/main.o
                0x000000000100e734                TCP
 COMMON         0x000000000100e760       0x40 D:/projects/prj_fpga_altera/prj_VE-10CL025/cl025_prj/projects/1gb_nios_ii_tcp/software/simplified_tcp_bsp/\libhal_bsp.a(altera_avalon_tse.o)
                0x000000000100e760                pmac_groups
                0x000000000100e780                pphy_profiles
 COMMON         0x000000000100e7a0      0x100 D:/projects/prj_fpga_altera/prj_VE-10CL025/cl025_prj/projects/1gb_nios_ii_tcp/software/simplified_tcp_bsp/\libhal_bsp.a(alt_irq_handler.o)
                0x000000000100e7a0                alt_irq
                0x000000000100e8a0                . = ALIGN (0x4)
                0x000000000100e8a0                __bss_end = ABSOLUTE (.)

.new_sdram_controller_0
                0x000000000100e8a0        0x0
                [!provide]                        PROVIDE (_alt_partition_new_sdram_controller_0_start = ABSOLUTE (.))
 *(.new_sdram_controller_0 .new_sdram_controller_0. new_sdram_controller_0.*)
                0x000000000100e8a0                . = ALIGN (0x4)
                [!provide]                        PROVIDE (_alt_partition_new_sdram_controller_0_end = ABSOLUTE (.))
                0x000000000100e8a0                _end = ABSOLUTE (.)
                0x000000000100e8a0                end = ABSOLUTE (.)
                0x000000000100e8a0                __alt_stack_base = ABSOLUTE (.)
                [!provide]                        PROVIDE (_alt_partition_new_sdram_controller_0_load_addr = LOADADDR (.new_sdram_controller_0))

.descriptor_memory
                0x0000000002000000       0x80 load address 0x000000000100e8a0
                [!provide]                        PROVIDE (_alt_partition_descriptor_memory_start = ABSOLUTE (.))
 *(.descriptor_memory .descriptor_memory. descriptor_memory.*)
 .descriptor_memory
                0x0000000002000000       0x80 obj/default/main.o
                0x0000000002000000                tx_descriptor
                0x0000000002000020                tx_descriptor_end
                0x0000000002000040                rx_descriptor
                0x0000000002000060                rx_descriptor_end
                0x0000000002000080                . = ALIGN (0x4)
                [!provide]                        PROVIDE (_alt_partition_descriptor_memory_end = ABSOLUTE (.))
                [!provide]                        PROVIDE (_alt_partition_descriptor_memory_load_addr = LOADADDR (.descriptor_memory))

.stab
 *(.stab)

.stabstr
 *(.stabstr)

.stab.excl
 *(.stab.excl)

.stab.exclstr
 *(.stab.exclstr)

.stab.index
 *(.stab.index)

.stab.indexstr
 *(.stab.indexstr)

.comment        0x0000000000000000       0x2c
 *(.comment)
 .comment       0x0000000000000000       0x2c obj/default/main.o
                                         0x2d (size before relaxing)
 .comment       0x000000000000002c       0x2d d:/dev/intel/quartus/19.1/nios2eds/bin/gnu/h-x86_64-mingw32/bin/../lib/gcc/nios2-elf/8.3.1/../../../../../H-x86_64-mingw32/nios2-elf/lib/mno-hw-mul\libsmallc.a(lib_a-memcpy.o)
 .comment       0x000000000000002c       0x2d d:/dev/intel/quartus/19.1/nios2eds/bin/gnu/h-x86_64-mingw32/bin/../lib/gcc/nios2-elf/8.3.1/../../../../../H-x86_64-mingw32/nios2-elf/lib/mno-hw-mul\libsmallc.a(lib_a-memset.o)
 .comment       0x000000000000002c       0x2d d:/dev/intel/quartus/19.1/nios2eds/bin/gnu/h-x86_64-mingw32/bin/../lib/gcc/nios2-elf/8.3.1/../../../../../H-x86_64-mingw32/nios2-elf/lib/mno-hw-mul\libsmallc.a(lib_a-printf.o)
 .comment       0x000000000000002c       0x2d d:/dev/intel/quartus/19.1/nios2eds/bin/gnu/h-x86_64-mingw32/bin/../lib/gcc/nios2-elf/8.3.1/../../../../../H-x86_64-mingw32/nios2-elf/lib/mno-hw-mul\libsmallc.a(lib_a-vfprintf.o)
 .comment       0x000000000000002c       0x2d d:/dev/intel/quartus/19.1/nios2eds/bin/gnu/h-x86_64-mingw32/bin/../lib/gcc/nios2-elf/8.3.1/../../../../../H-x86_64-mingw32/nios2-elf/lib/mno-hw-mul\libsmallc.a(lib_a-fvwrite_small_dev.o)
 .comment       0x000000000000002c       0x2d d:/dev/intel/quartus/19.1/nios2eds/bin/gnu/h-x86_64-mingw32/bin/../lib/gcc/nios2-elf/8.3.1/../../../../../H-x86_64-mingw32/nios2-elf/lib/mno-hw-mul\libsmallc.a(lib_a-impure.o)
 .comment       0x000000000000002c       0x2d d:/dev/intel/quartus/19.1/nios2eds/bin/gnu/h-x86_64-mingw32/bin/../lib/gcc/nios2-elf/8.3.1/../../../../../H-x86_64-mingw32/nios2-elf/lib/mno-hw-mul\libsmallc.a(lib_a-strlen.o)
 .comment       0x000000000000002c       0x2d d:/dev/intel/quartus/19.1/nios2eds/bin/gnu/h-x86_64-mingw32/bin/../lib/gcc/nios2-elf/8.3.1/../../../../../H-x86_64-mingw32/nios2-elf/lib/mno-hw-mul\libsmallc.a(lib_a-writer.o)
 .comment       0x000000000000002c       0x2d d:/dev/intel/quartus/19.1/nios2eds/bin/gnu/h-x86_64-mingw32/bin/../lib/gcc/nios2-elf/8.3.1/../../../../../H-x86_64-mingw32/nios2-elf/lib/mno-hw-mul\libsmallc.a(lib_a-int_errno.o)
 .comment       0x000000000000002c       0x2d d:/dev/intel/quartus/19.1/nios2eds/bin/gnu/h-x86_64-mingw32/bin/../lib/gcc/nios2-elf/8.3.1/mno-hw-mul\libgcc.a(lib2-divmod.o)
 .comment       0x000000000000002c       0x2d d:/dev/intel/quartus/19.1/nios2eds/bin/gnu/h-x86_64-mingw32/bin/../lib/gcc/nios2-elf/8.3.1/mno-hw-mul\libgcc.a(lib2-mul.o)
 .comment       0x000000000000002c       0x2d D:/projects/prj_fpga_altera/prj_VE-10CL025/cl025_prj/projects/1gb_nios_ii_tcp/software/simplified_tcp_bsp/\libhal_bsp.a(alt_dcache_flush_all.o)
 .comment       0x000000000000002c       0x2d D:/projects/prj_fpga_altera/prj_VE-10CL025/cl025_prj/projects/1gb_nios_ii_tcp/software/simplified_tcp_bsp/\libhal_bsp.a(alt_load.o)
 .comment       0x000000000000002c       0x2d D:/projects/prj_fpga_altera/prj_VE-10CL025/cl025_prj/projects/1gb_nios_ii_tcp/software/simplified_tcp_bsp/\libhal_bsp.a(alt_main.o)
 .comment       0x000000000000002c       0x2d D:/projects/prj_fpga_altera/prj_VE-10CL025/cl025_prj/projects/1gb_nios_ii_tcp/software/simplified_tcp_bsp/\libhal_bsp.a(alt_printf.o)
 .comment       0x000000000000002c       0x2d D:/projects/prj_fpga_altera/prj_VE-10CL025/cl025_prj/projects/1gb_nios_ii_tcp/software/simplified_tcp_bsp/\libhal_bsp.a(alt_putchar.o)
 .comment       0x000000000000002c       0x2d D:/projects/prj_fpga_altera/prj_VE-10CL025/cl025_prj/projects/1gb_nios_ii_tcp/software/simplified_tcp_bsp/\libhal_bsp.a(alt_write.o)
 .comment       0x000000000000002c       0x2d D:/projects/prj_fpga_altera/prj_VE-10CL025/cl025_prj/projects/1gb_nios_ii_tcp/software/simplified_tcp_bsp/\libhal_bsp.a(alt_sys_init.o)
 .comment       0x000000000000002c       0x2d D:/projects/prj_fpga_altera/prj_VE-10CL025/cl025_prj/projects/1gb_nios_ii_tcp/software/simplified_tcp_bsp/\libhal_bsp.a(altera_avalon_jtag_uart_fd.o)
 .comment       0x000000000000002c       0x2d D:/projects/prj_fpga_altera/prj_VE-10CL025/cl025_prj/projects/1gb_nios_ii_tcp/software/simplified_tcp_bsp/\libhal_bsp.a(altera_avalon_jtag_uart_read.o)
 .comment       0x000000000000002c       0x2d D:/projects/prj_fpga_altera/prj_VE-10CL025/cl025_prj/projects/1gb_nios_ii_tcp/software/simplified_tcp_bsp/\libhal_bsp.a(altera_avalon_jtag_uart_write.o)
 .comment       0x000000000000002c       0x2d D:/projects/prj_fpga_altera/prj_VE-10CL025/cl025_prj/projects/1gb_nios_ii_tcp/software/simplified_tcp_bsp/\libhal_bsp.a(altera_avalon_sgdma.o)
 .comment       0x000000000000002c       0x2d D:/projects/prj_fpga_altera/prj_VE-10CL025/cl025_prj/projects/1gb_nios_ii_tcp/software/simplified_tcp_bsp/\libhal_bsp.a(altera_avalon_timer_sc.o)
 .comment       0x000000000000002c       0x2d D:/projects/prj_fpga_altera/prj_VE-10CL025/cl025_prj/projects/1gb_nios_ii_tcp/software/simplified_tcp_bsp/\libhal_bsp.a(altera_avalon_tse.o)
 .comment       0x000000000000002c       0x2d D:/projects/prj_fpga_altera/prj_VE-10CL025/cl025_prj/projects/1gb_nios_ii_tcp/software/simplified_tcp_bsp/\libhal_bsp.a(altera_avalon_tse_system_info.o)
 .comment       0x000000000000002c       0x2d D:/projects/prj_fpga_altera/prj_VE-10CL025/cl025_prj/projects/1gb_nios_ii_tcp/software/simplified_tcp_bsp/\libhal_bsp.a(alt_close.o)
 .comment       0x000000000000002c       0x2d D:/projects/prj_fpga_altera/prj_VE-10CL025/cl025_prj/projects/1gb_nios_ii_tcp/software/simplified_tcp_bsp/\libhal_bsp.a(alt_dcache_flush.o)
 .comment       0x000000000000002c       0x2d D:/projects/prj_fpga_altera/prj_VE-10CL025/cl025_prj/projects/1gb_nios_ii_tcp/software/simplified_tcp_bsp/\libhal_bsp.a(alt_dev.o)
 .comment       0x000000000000002c       0x2d D:/projects/prj_fpga_altera/prj_VE-10CL025/cl025_prj/projects/1gb_nios_ii_tcp/software/simplified_tcp_bsp/\libhal_bsp.a(alt_dev_llist_insert.o)
 .comment       0x000000000000002c       0x2d D:/projects/prj_fpga_altera/prj_VE-10CL025/cl025_prj/projects/1gb_nios_ii_tcp/software/simplified_tcp_bsp/\libhal_bsp.a(alt_do_ctors.o)
 .comment       0x000000000000002c       0x2d D:/projects/prj_fpga_altera/prj_VE-10CL025/cl025_prj/projects/1gb_nios_ii_tcp/software/simplified_tcp_bsp/\libhal_bsp.a(alt_do_dtors.o)
 .comment       0x000000000000002c       0x2d D:/projects/prj_fpga_altera/prj_VE-10CL025/cl025_prj/projects/1gb_nios_ii_tcp/software/simplified_tcp_bsp/\libhal_bsp.a(alt_errno.o)
 .comment       0x000000000000002c       0x2d D:/projects/prj_fpga_altera/prj_VE-10CL025/cl025_prj/projects/1gb_nios_ii_tcp/software/simplified_tcp_bsp/\libhal_bsp.a(alt_find_dev.o)
 .comment       0x000000000000002c       0x2d D:/projects/prj_fpga_altera/prj_VE-10CL025/cl025_prj/projects/1gb_nios_ii_tcp/software/simplified_tcp_bsp/\libhal_bsp.a(alt_icache_flush_all.o)
 .comment       0x000000000000002c       0x2d D:/projects/prj_fpga_altera/prj_VE-10CL025/cl025_prj/projects/1gb_nios_ii_tcp/software/simplified_tcp_bsp/\libhal_bsp.a(alt_iic.o)
 .comment       0x000000000000002c       0x2d D:/projects/prj_fpga_altera/prj_VE-10CL025/cl025_prj/projects/1gb_nios_ii_tcp/software/simplified_tcp_bsp/\libhal_bsp.a(alt_iic_isr_register.o)
 .comment       0x000000000000002c       0x2d D:/projects/prj_fpga_altera/prj_VE-10CL025/cl025_prj/projects/1gb_nios_ii_tcp/software/simplified_tcp_bsp/\libhal_bsp.a(alt_io_redirect.o)
 .comment       0x000000000000002c       0x2d D:/projects/prj_fpga_altera/prj_VE-10CL025/cl025_prj/projects/1gb_nios_ii_tcp/software/simplified_tcp_bsp/\libhal_bsp.a(alt_irq_handler.o)
 .comment       0x000000000000002c       0x2d D:/projects/prj_fpga_altera/prj_VE-10CL025/cl025_prj/projects/1gb_nios_ii_tcp/software/simplified_tcp_bsp/\libhal_bsp.a(alt_irq_vars.o)
 .comment       0x000000000000002c       0x2d D:/projects/prj_fpga_altera/prj_VE-10CL025/cl025_prj/projects/1gb_nios_ii_tcp/software/simplified_tcp_bsp/\libhal_bsp.a(alt_open.o)
 .comment       0x000000000000002c       0x2d D:/projects/prj_fpga_altera/prj_VE-10CL025/cl025_prj/projects/1gb_nios_ii_tcp/software/simplified_tcp_bsp/\libhal_bsp.a(alt_release_fd.o)
 .comment       0x000000000000002c       0x2d D:/projects/prj_fpga_altera/prj_VE-10CL025/cl025_prj/projects/1gb_nios_ii_tcp/software/simplified_tcp_bsp/\libhal_bsp.a(alt_tick.o)
 .comment       0x000000000000002c       0x2d D:/projects/prj_fpga_altera/prj_VE-10CL025/cl025_prj/projects/1gb_nios_ii_tcp/software/simplified_tcp_bsp/\libhal_bsp.a(alt_usleep.o)
 .comment       0x000000000000002c       0x2d D:/projects/prj_fpga_altera/prj_VE-10CL025/cl025_prj/projects/1gb_nios_ii_tcp/software/simplified_tcp_bsp/\libhal_bsp.a(altera_nios2_gen2_irq.o)
 .comment       0x000000000000002c       0x2d D:/projects/prj_fpga_altera/prj_VE-10CL025/cl025_prj/projects/1gb_nios_ii_tcp/software/simplified_tcp_bsp/\libhal_bsp.a(alt_busy_sleep.o)
 .comment       0x000000000000002c       0x2d D:/projects/prj_fpga_altera/prj_VE-10CL025/cl025_prj/projects/1gb_nios_ii_tcp/software/simplified_tcp_bsp/\libhal_bsp.a(alt_find_file.o)
 .comment       0x000000000000002c       0x2d D:/projects/prj_fpga_altera/prj_VE-10CL025/cl025_prj/projects/1gb_nios_ii_tcp/software/simplified_tcp_bsp/\libhal_bsp.a(alt_get_fd.o)
 .comment       0x000000000000002c       0x2d D:/projects/prj_fpga_altera/prj_VE-10CL025/cl025_prj/projects/1gb_nios_ii_tcp/software/simplified_tcp_bsp/\libhal_bsp.a(alt_instruction_exception_entry.o)
 .comment       0x000000000000002c       0x2d d:/dev/intel/quartus/19.1/nios2eds/bin/gnu/h-x86_64-mingw32/bin/../lib/gcc/nios2-elf/8.3.1/../../../../../H-x86_64-mingw32/nios2-elf/lib/mno-hw-mul\libsmallc.a(lib_a-atexit.o)
 .comment       0x000000000000002c       0x2d d:/dev/intel/quartus/19.1/nios2eds/bin/gnu/h-x86_64-mingw32/bin/../lib/gcc/nios2-elf/8.3.1/../../../../../H-x86_64-mingw32/nios2-elf/lib/mno-hw-mul\libsmallc.a(lib_a-exit.o)
 .comment       0x000000000000002c       0x2d d:/dev/intel/quartus/19.1/nios2eds/bin/gnu/h-x86_64-mingw32/bin/../lib/gcc/nios2-elf/8.3.1/../../../../../H-x86_64-mingw32/nios2-elf/lib/mno-hw-mul\libsmallc.a(lib_a-malloc.o)
 .comment       0x000000000000002c       0x2d d:/dev/intel/quartus/19.1/nios2eds/bin/gnu/h-x86_64-mingw32/bin/../lib/gcc/nios2-elf/8.3.1/../../../../../H-x86_64-mingw32/nios2-elf/lib/mno-hw-mul\libsmallc.a(lib_a-memcmp.o)
 .comment       0x000000000000002c       0x2d d:/dev/intel/quartus/19.1/nios2eds/bin/gnu/h-x86_64-mingw32/bin/../lib/gcc/nios2-elf/8.3.1/../../../../../H-x86_64-mingw32/nios2-elf/lib/mno-hw-mul\libsmallc.a(lib_a-nano-freer.o)
 .comment       0x000000000000002c       0x2d d:/dev/intel/quartus/19.1/nios2eds/bin/gnu/h-x86_64-mingw32/bin/../lib/gcc/nios2-elf/8.3.1/../../../../../H-x86_64-mingw32/nios2-elf/lib/mno-hw-mul\libsmallc.a(lib_a-nano-mallocr.o)
 .comment       0x000000000000002c       0x2d d:/dev/intel/quartus/19.1/nios2eds/bin/gnu/h-x86_64-mingw32/bin/../lib/gcc/nios2-elf/8.3.1/../../../../../H-x86_64-mingw32/nios2-elf/lib/mno-hw-mul\libsmallc.a(lib_a-putchar.o)
 .comment       0x000000000000002c       0x2d d:/dev/intel/quartus/19.1/nios2eds/bin/gnu/h-x86_64-mingw32/bin/../lib/gcc/nios2-elf/8.3.1/../../../../../H-x86_64-mingw32/nios2-elf/lib/mno-hw-mul\libsmallc.a(lib_a-sbrkr.o)
 .comment       0x000000000000002c       0x2d d:/dev/intel/quartus/19.1/nios2eds/bin/gnu/h-x86_64-mingw32/bin/../lib/gcc/nios2-elf/8.3.1/../../../../../H-x86_64-mingw32/nios2-elf/lib/mno-hw-mul\libsmallc.a(lib_a-strcpy.o)
 .comment       0x000000000000002c       0x2d d:/dev/intel/quartus/19.1/nios2eds/bin/gnu/h-x86_64-mingw32/bin/../lib/gcc/nios2-elf/8.3.1/../../../../../H-x86_64-mingw32/nios2-elf/lib/mno-hw-mul\libsmallc.a(lib_a-__atexit.o)
 .comment       0x000000000000002c       0x2d d:/dev/intel/quartus/19.1/nios2eds/bin/gnu/h-x86_64-mingw32/bin/../lib/gcc/nios2-elf/8.3.1/../../../../../H-x86_64-mingw32/nios2-elf/lib/mno-hw-mul\libsmallc.a(lib_a-__call_atexit.o)
 .comment       0x000000000000002c       0x2d d:/dev/intel/quartus/19.1/nios2eds/bin/gnu/h-x86_64-mingw32/bin/../lib/gcc/nios2-elf/8.3.1/../../../../../H-x86_64-mingw32/nios2-elf/lib/mno-hw-mul\libsmallc.a(lib_a-putc.o)
 .comment       0x000000000000002c       0x2d D:/projects/prj_fpga_altera/prj_VE-10CL025/cl025_prj/projects/1gb_nios_ii_tcp/software/simplified_tcp_bsp/\libhal_bsp.a(alt_exit.o)
 .comment       0x000000000000002c       0x2d D:/projects/prj_fpga_altera/prj_VE-10CL025/cl025_prj/projects/1gb_nios_ii_tcp/software/simplified_tcp_bsp/\libhal_bsp.a(alt_malloc_lock.o)
 .comment       0x000000000000002c       0x2d D:/projects/prj_fpga_altera/prj_VE-10CL025/cl025_prj/projects/1gb_nios_ii_tcp/software/simplified_tcp_bsp/\libhal_bsp.a(alt_sbrk.o)

.debug
 *(.debug)

.line
 *(.line)

.debug_srcinfo
 *(.debug_srcinfo)

.debug_sfnames
 *(.debug_sfnames)

.debug_aranges  0x0000000000000000      0x8a0
 *(.debug_aranges)
 .debug_aranges
                0x0000000000000000       0x28 D:/projects/prj_fpga_altera/prj_VE-10CL025/cl025_prj/projects/1gb_nios_ii_tcp/software/simplified_tcp_bsp/obj/HAL/src/crt0.o
 .debug_aranges
                0x0000000000000028       0x20 obj/default/main.o
 .debug_aranges
                0x0000000000000048       0x20 d:/dev/intel/quartus/19.1/nios2eds/bin/gnu/h-x86_64-mingw32/bin/../lib/gcc/nios2-elf/8.3.1/../../../../../H-x86_64-mingw32/nios2-elf/lib/mno-hw-mul\libsmallc.a(lib_a-memcpy.o)
 .debug_aranges
                0x0000000000000068       0x20 d:/dev/intel/quartus/19.1/nios2eds/bin/gnu/h-x86_64-mingw32/bin/../lib/gcc/nios2-elf/8.3.1/../../../../../H-x86_64-mingw32/nios2-elf/lib/mno-hw-mul\libsmallc.a(lib_a-memset.o)
 .debug_aranges
                0x0000000000000088       0x28 d:/dev/intel/quartus/19.1/nios2eds/bin/gnu/h-x86_64-mingw32/bin/../lib/gcc/nios2-elf/8.3.1/../../../../../H-x86_64-mingw32/nios2-elf/lib/mno-hw-mul\libsmallc.a(lib_a-printf.o)
 .debug_aranges
                0x00000000000000b0       0x30 d:/dev/intel/quartus/19.1/nios2eds/bin/gnu/h-x86_64-mingw32/bin/../lib/gcc/nios2-elf/8.3.1/../../../../../H-x86_64-mingw32/nios2-elf/lib/mno-hw-mul\libsmallc.a(lib_a-vfprintf.o)
 .debug_aranges
                0x00000000000000e0       0x20 d:/dev/intel/quartus/19.1/nios2eds/bin/gnu/h-x86_64-mingw32/bin/../lib/gcc/nios2-elf/8.3.1/../../../../../H-x86_64-mingw32/nios2-elf/lib/mno-hw-mul\libsmallc.a(lib_a-fvwrite_small_dev.o)
 .debug_aranges
                0x0000000000000100       0x18 d:/dev/intel/quartus/19.1/nios2eds/bin/gnu/h-x86_64-mingw32/bin/../lib/gcc/nios2-elf/8.3.1/../../../../../H-x86_64-mingw32/nios2-elf/lib/mno-hw-mul\libsmallc.a(lib_a-impure.o)
 .debug_aranges
                0x0000000000000118       0x20 d:/dev/intel/quartus/19.1/nios2eds/bin/gnu/h-x86_64-mingw32/bin/../lib/gcc/nios2-elf/8.3.1/../../../../../H-x86_64-mingw32/nios2-elf/lib/mno-hw-mul\libsmallc.a(lib_a-strlen.o)
 .debug_aranges
                0x0000000000000138       0x20 d:/dev/intel/quartus/19.1/nios2eds/bin/gnu/h-x86_64-mingw32/bin/../lib/gcc/nios2-elf/8.3.1/../../../../../H-x86_64-mingw32/nios2-elf/lib/mno-hw-mul\libsmallc.a(lib_a-writer.o)
 .debug_aranges
                0x0000000000000158       0x18 d:/dev/intel/quartus/19.1/nios2eds/bin/gnu/h-x86_64-mingw32/bin/../lib/gcc/nios2-elf/8.3.1/../../../../../H-x86_64-mingw32/nios2-elf/lib/mno-hw-mul\libsmallc.a(lib_a-int_errno.o)
 .debug_aranges
                0x0000000000000170       0x20 d:/dev/intel/quartus/19.1/nios2eds/bin/gnu/h-x86_64-mingw32/bin/../lib/gcc/nios2-elf/8.3.1/mno-hw-mul\libgcc.a(lib2-divmod.o)
 .debug_aranges
                0x0000000000000190       0x20 d:/dev/intel/quartus/19.1/nios2eds/bin/gnu/h-x86_64-mingw32/bin/../lib/gcc/nios2-elf/8.3.1/mno-hw-mul\libgcc.a(lib2-mul.o)
 .debug_aranges
                0x00000000000001b0       0x20 D:/projects/prj_fpga_altera/prj_VE-10CL025/cl025_prj/projects/1gb_nios_ii_tcp/software/simplified_tcp_bsp/\libhal_bsp.a(alt_dcache_flush_all.o)
 .debug_aranges
                0x00000000000001d0       0x20 D:/projects/prj_fpga_altera/prj_VE-10CL025/cl025_prj/projects/1gb_nios_ii_tcp/software/simplified_tcp_bsp/\libhal_bsp.a(alt_load.o)
 .debug_aranges
                0x00000000000001f0       0x20 D:/projects/prj_fpga_altera/prj_VE-10CL025/cl025_prj/projects/1gb_nios_ii_tcp/software/simplified_tcp_bsp/\libhal_bsp.a(alt_main.o)
 .debug_aranges
                0x0000000000000210       0x20 D:/projects/prj_fpga_altera/prj_VE-10CL025/cl025_prj/projects/1gb_nios_ii_tcp/software/simplified_tcp_bsp/\libhal_bsp.a(alt_printf.o)
 .debug_aranges
                0x0000000000000230       0x20 D:/projects/prj_fpga_altera/prj_VE-10CL025/cl025_prj/projects/1gb_nios_ii_tcp/software/simplified_tcp_bsp/\libhal_bsp.a(alt_putchar.o)
 .debug_aranges
                0x0000000000000250       0x20 D:/projects/prj_fpga_altera/prj_VE-10CL025/cl025_prj/projects/1gb_nios_ii_tcp/software/simplified_tcp_bsp/\libhal_bsp.a(alt_write.o)
 .debug_aranges
                0x0000000000000270       0x20 D:/projects/prj_fpga_altera/prj_VE-10CL025/cl025_prj/projects/1gb_nios_ii_tcp/software/simplified_tcp_bsp/\libhal_bsp.a(alt_sys_init.o)
 .debug_aranges
                0x0000000000000290       0x20 D:/projects/prj_fpga_altera/prj_VE-10CL025/cl025_prj/projects/1gb_nios_ii_tcp/software/simplified_tcp_bsp/\libhal_bsp.a(altera_avalon_jtag_uart_fd.o)
 .debug_aranges
                0x00000000000002b0       0x20 D:/projects/prj_fpga_altera/prj_VE-10CL025/cl025_prj/projects/1gb_nios_ii_tcp/software/simplified_tcp_bsp/\libhal_bsp.a(altera_avalon_jtag_uart_read.o)
 .debug_aranges
                0x00000000000002d0       0x20 D:/projects/prj_fpga_altera/prj_VE-10CL025/cl025_prj/projects/1gb_nios_ii_tcp/software/simplified_tcp_bsp/\libhal_bsp.a(altera_avalon_jtag_uart_write.o)
 .debug_aranges
                0x00000000000002f0       0x20 D:/projects/prj_fpga_altera/prj_VE-10CL025/cl025_prj/projects/1gb_nios_ii_tcp/software/simplified_tcp_bsp/\libhal_bsp.a(altera_avalon_sgdma.o)
 .debug_aranges
                0x0000000000000310       0x20 D:/projects/prj_fpga_altera/prj_VE-10CL025/cl025_prj/projects/1gb_nios_ii_tcp/software/simplified_tcp_bsp/\libhal_bsp.a(altera_avalon_timer_sc.o)
 .debug_aranges
                0x0000000000000330       0x20 D:/projects/prj_fpga_altera/prj_VE-10CL025/cl025_prj/projects/1gb_nios_ii_tcp/software/simplified_tcp_bsp/\libhal_bsp.a(altera_avalon_tse.o)
 .debug_aranges