Archive member included to satisfy reference by file (symbol)

d:/dev/intel/18.1/nios2eds/bin/gnu/h-x86_64-mingw32/bin/../lib/gcc/nios2-elf/5.3.0/../../../../../H-x86_64-mingw32/nios2-elf/lib/mno-hw-mul\libc.a(lib_a-memcpy.o)
                              obj/default/main.o (memcpy)
d:/dev/intel/18.1/nios2eds/bin/gnu/h-x86_64-mingw32/bin/../lib/gcc/nios2-elf/5.3.0/../../../../../H-x86_64-mingw32/nios2-elf/lib/mno-hw-mul\libc.a(lib_a-memmove.o)
                              obj/default/main.o (memmove)
d:/dev/intel/18.1/nios2eds/bin/gnu/h-x86_64-mingw32/bin/../lib/gcc/nios2-elf/5.3.0/../../../../../H-x86_64-mingw32/nios2-elf/lib/mno-hw-mul\libc.a(lib_a-memset.o)
                              obj/default/main.o (memset)
d:/dev/intel/18.1/nios2eds/bin/gnu/h-x86_64-mingw32/bin/../lib/gcc/nios2-elf/5.3.0/../../../../../H-x86_64-mingw32/nios2-elf/lib/mno-hw-mul\libc.a(lib_a-printf.o)
                              obj/default/main.o (printf)
d:/dev/intel/18.1/nios2eds/bin/gnu/h-x86_64-mingw32/bin/../lib/gcc/nios2-elf/5.3.0/../../../../../H-x86_64-mingw32/nios2-elf/lib/mno-hw-mul\libc.a(lib_a-vfprintf.o)
                              d:/dev/intel/18.1/nios2eds/bin/gnu/h-x86_64-mingw32/bin/../lib/gcc/nios2-elf/5.3.0/../../../../../H-x86_64-mingw32/nios2-elf/lib/mno-hw-mul\libc.a(lib_a-printf.o) (___vfprintf_internal_r)
d:/dev/intel/18.1/nios2eds/bin/gnu/h-x86_64-mingw32/bin/../lib/gcc/nios2-elf/5.3.0/../../../../../H-x86_64-mingw32/nios2-elf/lib/mno-hw-mul\libc.a(lib_a-wsetup.o)
                              d:/dev/intel/18.1/nios2eds/bin/gnu/h-x86_64-mingw32/bin/../lib/gcc/nios2-elf/5.3.0/../../../../../H-x86_64-mingw32/nios2-elf/lib/mno-hw-mul\libc.a(lib_a-vfprintf.o) (__swsetup_r)
d:/dev/intel/18.1/nios2eds/bin/gnu/h-x86_64-mingw32/bin/../lib/gcc/nios2-elf/5.3.0/../../../../../H-x86_64-mingw32/nios2-elf/lib/mno-hw-mul\libc.a(lib_a-dtoa.o)
                              d:/dev/intel/18.1/nios2eds/bin/gnu/h-x86_64-mingw32/bin/../lib/gcc/nios2-elf/5.3.0/../../../../../H-x86_64-mingw32/nios2-elf/lib/mno-hw-mul\libc.a(lib_a-vfprintf.o) (_dtoa_r)
d:/dev/intel/18.1/nios2eds/bin/gnu/h-x86_64-mingw32/bin/../lib/gcc/nios2-elf/5.3.0/../../../../../H-x86_64-mingw32/nios2-elf/lib/mno-hw-mul\libc.a(lib_a-fflush.o)
                              d:/dev/intel/18.1/nios2eds/bin/gnu/h-x86_64-mingw32/bin/../lib/gcc/nios2-elf/5.3.0/../../../../../H-x86_64-mingw32/nios2-elf/lib/mno-hw-mul\libc.a(lib_a-vfprintf.o) (_fflush_r)
d:/dev/intel/18.1/nios2eds/bin/gnu/h-x86_64-mingw32/bin/../lib/gcc/nios2-elf/5.3.0/../../../../../H-x86_64-mingw32/nios2-elf/lib/mno-hw-mul\libc.a(lib_a-findfp.o)
                              d:/dev/intel/18.1/nios2eds/bin/gnu/h-x86_64-mingw32/bin/../lib/gcc/nios2-elf/5.3.0/../../../../../H-x86_64-mingw32/nios2-elf/lib/mno-hw-mul\libc.a(lib_a-vfprintf.o) (__sinit)
d:/dev/intel/18.1/nios2eds/bin/gnu/h-x86_64-mingw32/bin/../lib/gcc/nios2-elf/5.3.0/../../../../../H-x86_64-mingw32/nios2-elf/lib/mno-hw-mul\libc.a(lib_a-freer.o)
                              d:/dev/intel/18.1/nios2eds/bin/gnu/h-x86_64-mingw32/bin/../lib/gcc/nios2-elf/5.3.0/../../../../../H-x86_64-mingw32/nios2-elf/lib/mno-hw-mul\libc.a(lib_a-wsetup.o) (_free_r)
d:/dev/intel/18.1/nios2eds/bin/gnu/h-x86_64-mingw32/bin/../lib/gcc/nios2-elf/5.3.0/../../../../../H-x86_64-mingw32/nios2-elf/lib/mno-hw-mul\libc.a(lib_a-fwalk.o)
                              d:/dev/intel/18.1/nios2eds/bin/gnu/h-x86_64-mingw32/bin/../lib/gcc/nios2-elf/5.3.0/../../../../../H-x86_64-mingw32/nios2-elf/lib/mno-hw-mul\libc.a(lib_a-findfp.o) (_fwalk)
d:/dev/intel/18.1/nios2eds/bin/gnu/h-x86_64-mingw32/bin/../lib/gcc/nios2-elf/5.3.0/../../../../../H-x86_64-mingw32/nios2-elf/lib/mno-hw-mul\libc.a(lib_a-impure.o)
                              d:/dev/intel/18.1/nios2eds/bin/gnu/h-x86_64-mingw32/bin/../lib/gcc/nios2-elf/5.3.0/../../../../../H-x86_64-mingw32/nios2-elf/lib/mno-hw-mul\libc.a(lib_a-fflush.o) (_global_impure_ptr)
d:/dev/intel/18.1/nios2eds/bin/gnu/h-x86_64-mingw32/bin/../lib/gcc/nios2-elf/5.3.0/../../../../../H-x86_64-mingw32/nios2-elf/lib/mno-hw-mul\libc.a(lib_a-locale.o)
                              d:/dev/intel/18.1/nios2eds/bin/gnu/h-x86_64-mingw32/bin/../lib/gcc/nios2-elf/5.3.0/../../../../../H-x86_64-mingw32/nios2-elf/lib/mno-hw-mul\libc.a(lib_a-vfprintf.o) (_localeconv_r)
d:/dev/intel/18.1/nios2eds/bin/gnu/h-x86_64-mingw32/bin/../lib/gcc/nios2-elf/5.3.0/../../../../../H-x86_64-mingw32/nios2-elf/lib/mno-hw-mul\libc.a(lib_a-makebuf.o)
                              d:/dev/intel/18.1/nios2eds/bin/gnu/h-x86_64-mingw32/bin/../lib/gcc/nios2-elf/5.3.0/../../../../../H-x86_64-mingw32/nios2-elf/lib/mno-hw-mul\libc.a(lib_a-wsetup.o) (__smakebuf_r)
d:/dev/intel/18.1/nios2eds/bin/gnu/h-x86_64-mingw32/bin/../lib/gcc/nios2-elf/5.3.0/../../../../../H-x86_64-mingw32/nios2-elf/lib/mno-hw-mul\libc.a(lib_a-mallocr.o)
[...]
Memory Configuration

Name             Origin             Length             Attributes
new_sdram_controller_0 0x0000000000000000 0x0000000001000000
reset            0x0000000001008000 0x0000000000000020
main_memory      0x0000000001008020 0x0000000000003fe0
descriptor_memory 0x0000000001010000 0x0000000000000200
*default*        0x0000000000000000 0xffffffffffffffff

Linker script and memory map

LOAD ../simplified_tcp_bsp//obj/HAL/src/crt0.o
LOAD obj/default/main.o
LOAD d:/dev/intel/18.1/nios2eds/bin/gnu/h-x86_64-mingw32/bin/../lib/gcc/nios2-elf/5.3.0/../../../../../H-x86_64-mingw32/nios2-elf/lib/mno-hw-mul\libstdc++.a
LOAD d:/dev/intel/18.1/nios2eds/bin/gnu/h-x86_64-mingw32/bin/../lib/gcc/nios2-elf/5.3.0/../../../../../H-x86_64-mingw32/nios2-elf/lib/mno-hw-mul\libm.a
LOAD d:/dev/intel/18.1/nios2eds/bin/gnu/h-x86_64-mingw32/bin/../lib/gcc/nios2-elf/5.3.0/mno-hw-mul\libgcc.a
START GROUP
LOAD d:/dev/intel/18.1/nios2eds/bin/gnu/h-x86_64-mingw32/bin/../lib/gcc/nios2-elf/5.3.0/../../../../../H-x86_64-mingw32/nios2-elf/lib/mno-hw-mul\libc.a
LOAD d:/dev/intel/18.1/nios2eds/bin/gnu/h-x86_64-mingw32/bin/../lib/gcc/nios2-elf/5.3.0/mno-hw-mul\libgcc.a
LOAD ../simplified_tcp_bsp/\libhal_bsp.a
LOAD d:/dev/intel/18.1/nios2eds/bin/gnu/h-x86_64-mingw32/bin/../lib/gcc/nios2-elf/5.3.0/../../../../../H-x86_64-mingw32/nios2-elf/lib/mno-hw-mul\libm.a
END GROUP
LOAD d:/dev/intel/18.1/nios2eds/bin/gnu/h-x86_64-mingw32/bin/../lib/gcc/nios2-elf/5.3.0/mno-hw-mul\libgcc.a
                0x0000000000000000                __alt_mem_new_sdram_controller_0 = 0x0
                0x0000000001008000                __alt_mem_main_memory = 0x1008000
                0x0000000001010000                __alt_mem_descriptor_memory = 0x1010000

.entry          0x0000000001008000       0x20
 *(.entry)
 .entry         0x0000000001008000       0x20 ../simplified_tcp_bsp//obj/HAL/src/crt0.o
                0x0000000001008000                __reset

.exceptions     0x0000000001008020      0x210
                0x0000000001008020                PROVIDE (__ram_exceptions_start, ABSOLUTE (.))
                0x0000000001008020                . = ALIGN (0x20)
 *(.irq)
 *(.exceptions.entry.label)
 .exceptions.entry.label
                0x0000000001008020        0x0 ../simplified_tcp_bsp/\libhal_bsp.a(alt_irq_entry.o)
                0x0000000001008020                alt_irq_entry
 .exceptions.entry.label
                0x0000000001008020        0x0 ../simplified_tcp_bsp/\libhal_bsp.a(alt_exception_entry.o)
                0x0000000001008020                alt_exception
 *(.exceptions.entry.user)
 *(.exceptions.entry.ecc_fatal)
 *(.exceptions.entry)
 .exceptions.entry
                0x0000000001008020       0x54 ../simplified_tcp_bsp/\libhal_bsp.a(alt_exception_entry.o)
 *(.exceptions.irqtest.user)
 *(.exceptions.irqtest)
 .exceptions.irqtest
                0x0000000001008074       0x10 ../simplified_tcp_bsp/\libhal_bsp.a(alt_irq_entry.o)
 *(.exceptions.irqhandler.user)
 *(.exceptions.irqhandler)
 .exceptions.irqhandler
                0x0000000001008084        0x4 ../simplified_tcp_bsp/\libhal_bsp.a(alt_irq_entry.o)
 *(.exceptions.irqreturn.user)
 *(.exceptions.irqreturn)
 .exceptions.irqreturn
                0x0000000001008088        0x4 ../simplified_tcp_bsp/\libhal_bsp.a(alt_irq_entry.o)
 *(.exceptions.notirq.label)
 .exceptions.notirq.label
                0x000000000100808c        0x0 ../simplified_tcp_bsp/\libhal_bsp.a(alt_irq_entry.o)
 *(.exceptions.notirq.user)
 *(.exceptions.notirq)
 .exceptions.notirq
                0x000000000100808c        0x8 ../simplified_tcp_bsp/\libhal_bsp.a(alt_exception_entry.o)
 *(.exceptions.soft.user)
 *(.exceptions.soft)
 *(.exceptions.unknown.user)
 *(.exceptions.unknown)
 .exceptions.unknown
                0x0000000001008094       0x14 ../simplified_tcp_bsp/\libhal_bsp.a(alt_exception_entry.o)
 *(.exceptions.exit.label)
 .exceptions.exit.label
                0x00000000010080a8        0x0 ../simplified_tcp_bsp/\libhal_bsp.a(alt_irq_entry.o)
 .exceptions.exit.label
                0x00000000010080a8        0x0 ../simplified_tcp_bsp/\libhal_bsp.a(alt_exception_entry.o)
 *(.exceptions.exit.user)
 *(.exceptions.exit)
 .exceptions.exit
                0x00000000010080a8       0x54 ../simplified_tcp_bsp/\libhal_bsp.a(alt_exception_entry.o)
 *(.exceptions)
 .exceptions    0x00000000010080fc       0xd4 ../simplified_tcp_bsp/\libhal_bsp.a(alt_irq_handler.o)
                0x00000000010080fc                alt_irq_handler
 .exceptions    0x00000000010081d0       0x60 ../simplified_tcp_bsp/\libhal_bsp.a(alt_instruction_exception_entry.o)
                0x00000000010081d0                alt_instruction_exception_entry
                0x0000000001008230                PROVIDE (__ram_exceptions_end, ABSOLUTE (.))
                0x0000000001008020                PROVIDE (__flash_exceptions_start, LOADADDR (.exceptions))

.text           0x0000000000000000    0x14064
                [!provide]                        PROVIDE (stext, ABSOLUTE (.))
 *(.interp)
 *(.hash)
 *(.dynsym)
 *(.dynstr)
 *(.gnu.version)
 *(.gnu.version_d)
 *(.gnu.version_r)
 *(.rel.init)
 *(.rela.init)
 *(.rel.text .rel.text.* .rel.gnu.linkonce.t.*)
 *(.rela.text .rela.text.* .rela.gnu.linkonce.t.*)
 *(.rel.fini)
 *(.rela.fini)
 *(.rel.rodata .rel.rodata.* .rel.gnu.linkonce.r.*)
 *(.rela.rodata .rela.rodata.* .rela.gnu.linkonce.r.*)
 *(.rel.data .rel.data.* .rel.gnu.linkonce.d.*)
 *(.rela.data .rela.data.* .rela.gnu.linkonce.d.*)
 *(.rel.tdata .rel.tdata.* .rel.gnu.linkonce.td.*)
 *(.rela.tdata .rela.tdata.* .rela.gnu.linkonce.td.*)
 *(.rel.tbss .rel.tbss.* .rel.gnu.linkonce.tb.*)
 *(.rela.tbss .rela.tbss.* .rela.gnu.linkonce.tb.*)
 *(.rel.ctors)
 *(.rela.ctors)
 *(.rel.dtors)
 *(.rela.dtors)
 *(.rel.got)
 *(.rela.got)
 *(.rel.sdata .rel.sdata.* .rel.gnu.linkonce.s.*)
 *(.rela.sdata .rela.sdata.* .rela.gnu.linkonce.s.*)
 *(.rel.sbss .rel.sbss.* .rel.gnu.linkonce.sb.*)
 *(.rela.sbss .rela.sbss.* .rela.gnu.linkonce.sb.*)
 *(.rel.sdata2 .rel.sdata2.* .rel.gnu.linkonce.s2.*)
 *(.rela.sdata2 .rela.sdata2.* .rela.gnu.linkonce.s2.*)
 *(.rel.sbss2 .rel.sbss2.* .rel.gnu.linkonce.sb2.*)
 *(.rela.sbss2 .rela.sbss2.* .rela.gnu.linkonce.sb2.*)
 *(.rel.bss .rel.bss.* .rel.gnu.linkonce.b.*)
 *(.rela.bss .rela.bss.* .rela.gnu.linkonce.b.*)
 *(.rel.plt)
 *(.rela.plt)
 *(.rel.dyn)
 *(.init)
 *(.plt)
 *(.text .stub .text.* .gnu.linkonce.t.*)
 .text          0x0000000000000000       0x3c ../simplified_tcp_bsp//obj/HAL/src/crt0.o
                0x0000000000000000                _start
 .text          0x000000000000003c     0x26cc obj/default/main.o
                0x000000000000003c                main
                0x00000000000011b0                rx_ethernet_isr
                0x0000000000002520                create_pkt
                0x0000000000002658                statistics_counter
 .text          0x0000000000002708        0x0 d:/dev/intel/18.1/nios2eds/bin/gnu/h-x86_64-mingw32/bin/../lib/gcc/nios2-elf/5.3.0/../../../../../H-x86_64-mingw32/nios2-elf/lib/mno-hw-mul\libc.a(lib_a-memcpy.o)
 .text.memcpy   0x0000000000002708      0x148 d:/dev/intel/18.1/nios2eds/bin/gnu/h-x86_64-mingw32/bin/../lib/gcc/nios2-elf/5.3.0/../../../../../H-x86_64-mingw32/nios2-elf/lib/mno-hw-mul\libc.a(lib_a-memcpy.o)
                0x0000000000002708                memcpy
 .text          0x0000000000002850        0x0 d:/dev/intel/18.1/nios2eds/bin/gnu/h-x86_64-mingw32/bin/../lib/gcc/nios2-elf/5.3.0/../../../../../H-x86_64-mingw32/nios2-elf/lib/mno-hw-mul\libc.a(lib_a-memmove.o)
 .text.memmove  0x0000000000002850      0x15c d:/dev/intel/18.1/nios2eds/bin/gnu/h-x86_64-mingw32/bin/../lib/gcc/nios2-elf/5.3.0/../../../../../H-x86_64-mingw32/nios2-elf/lib/mno-hw-mul\libc.a(lib_a-memmove.o)
                0x0000000000002850                memmove
 .text          0x00000000000029ac        0x0 d:/dev/intel/18.1/nios2eds/bin/gnu/h-x86_64-mingw32/bin/../lib/gcc/nios2-elf/5.3.0/../../../../../H-x86_64-mingw32/nios2-elf/lib/mno-hw-mul\libc.a(lib_a-memset.o)
 .text.memset   0x00000000000029ac      0x128 d:/dev/intel/18.1/nios2eds/bin/gnu/h-x86_64-mingw32/bin/../lib/gcc/nios2-elf/5.3.0/../../../../../H-x86_64-mingw32/nios2-elf/lib/mno-hw-mul\libc.a(lib_a-memset.o)
                0x00000000000029ac                memset
 .text          0x0000000000002ad4        0x0 d:/dev/intel/18.1/nios2eds/bin/gnu/h-x86_64-mingw32/bin/../lib/gcc/nios2-elf/5.3.0/../../../../../H-x86_64-mingw32/nios2-elf/lib/mno-hw-mul\libc.a(lib_a-printf.o)
 .text._printf_r
                0x0000000000002ad4       0x30 d:/dev/intel/18.1/nios2eds/bin/gnu/h-x86_64-mingw32/bin/../lib/gcc/nios2-elf/5.3.0/../../../../../H-x86_64-mingw32/nios2-elf/lib/mno-hw-mul\libc.a(lib_a-printf.o)
                0x0000000000002ad4                _printf_r
 .text.printf   0x0000000000002b04       0x3c d:/dev/intel/18.1/nios2eds/bin/gnu/h-x86_64-mingw32/bin/../lib/gcc/nios2-elf/5.3.0/../../../../../H-x86_64-mingw32/nios2-elf/lib/mno-hw-mul\libc.a(lib_a-printf.o)
                0x0000000000002b04                printf
 .text          0x0000000000002b40        0x0 d:/dev/intel/18.1/nios2eds/bin/gnu/h-x86_64-mingw32/bin/../lib/gcc/nios2-elf/5.3.0/../../../../../H-x86_64-mingw32/nios2-elf/lib/mno-hw-mul\libc.a(lib_a-vfprintf.o)
 .text.___vfprintf_internal_r
                0x0000000000002b40     0x22dc d:/dev/intel/18.1/nios2eds/bin/gnu/h-x86_64-mingw32/bin/../lib/gcc/nios2-elf/5.3.0/../../../../../H-x86_64-mingw32/nios2-elf/lib/mno-hw-mul\libc.a(lib_a-vfprintf.o)
                0x0000000000002b40                ___vfprintf_internal_r
 .text.__vfprintf_internal
                0x0000000000004e1c       0x1c d:/dev/intel/18.1/nios2eds/bin/gnu/h-x86_64-mingw32/bin/../lib/gcc/nios2-elf/5.3.0/../../../../../H-x86_64-mingw32/nios2-elf/lib/mno-hw-mul\libc.a(lib_a-vfprintf.o)
                0x0000000000004e1c                __vfprintf_internal
 .text.__sbprintf
                0x0000000000004e38       0xbc d:/dev/intel/18.1/nios2eds/bin/gnu/h-x86_64-mingw32/bin/../lib/gcc/nios2-elf/5.3.0/../../../../../H-x86_64-mingw32/nios2-elf/lib/mno-hw-mul\libc.a(lib_a-vfprintf.o)
 .text          0x0000000000004ef4        0x0 d:/dev/intel/18.1/nios2eds/bin/gnu/h-x86_64-mingw32/bin/../lib/gcc/nios2-elf/5.3.0/../../../../../H-x86_64-mingw32/nios2-elf/lib/mno-hw-mul\libc.a(lib_a-wsetup.o)
 .text.__swsetup_r
                0x0000000000004ef4      0x154 d:/dev/intel/18.1/nios2eds/bin/gnu/h-x86_64-mingw32/bin/../lib/gcc/nios2-elf/5.3.0/../../../../../H-x86_64-mingw32/nios2-elf/lib/mno-hw-mul\libc.a(lib_a-wsetup.o)
                0x0000000000004ef4                __swsetup_r
 .text          0x0000000000005048        0x0 d:/dev/intel/18.1/nios2eds/bin/gnu/h-x86_64-mingw32/bin/../lib/gcc/nios2-elf/5.3.0/../../../../../H-x86_64-mingw32/nios2-elf/lib/mno-hw-mul\libc.a(lib_a-dtoa.o)
 .text.quorem   0x0000000000005048      0x228 d:/dev/intel/18.1/nios2eds/bin/gnu/h-x86_64-mingw32/bin/../lib/gcc/nios2-elf/5.3.0/../../../../../H-x86_64-mingw32/nios2-elf/lib/mno-hw-mul\libc.a(lib_a-dtoa.o)
 .text._dtoa_r  0x0000000000005270     0x1688 d:/dev/intel/18.1/nios2eds/bin/gnu/h-x86_64-mingw32/bin/../lib/gcc/nios2-elf/5.3.0/../../../../../H-x86_64-mingw32/nios2-elf/lib/mno-hw-mul\libc.a(lib_a-dtoa.o)
                0x0000000000005270                _dtoa_r
 .text          0x00000000000068f8        0x0 d:/dev/intel/18.1/nios2eds/bin/gnu/h-x86_64-mingw32/bin/../lib/gcc/nios2-elf/5.3.0/../../../../../H-x86_64-mingw32/nios2-elf/lib/mno-hw-mul\libc.a(lib_a-fflush.o)
 .text.__sflush_r
                0x00000000000068f8      0x21c d:/dev/intel/18.1/nios2eds/bin/gnu/h-x86_64-mingw32/bin/../lib/gcc/nios2-elf/5.3.0/../../../../../H-x86_64-mingw32/nios2-elf/lib/mno-hw-mul\libc.a(lib_a-fflush.o)
                0x00000000000068f8                __sflush_r
 .text._fflush_r
                0x0000000000006b14       0x5c d:/dev/intel/18.1/nios2eds/bin/gnu/h-x86_64-mingw32/bin/../lib/gcc/nios2-elf/5.3.0/../../../../../H-x86_64-mingw32/nios2-elf/lib/mno-hw-mul\libc.a(lib_a-fflush.o)
                0x0000000000006b14                _fflush_r
 .text.fflush   0x0000000000006b70       0x30 d:/dev/intel/18.1/nios2eds/bin/gnu/h-x86_64-mingw32/bin/../lib/gcc/nios2-elf/5.3.0/../../../../../H-x86_64-mingw32/nios2-elf/lib/mno-hw-mul\libc.a(lib_a-fflush.o)
                0x0000000000006b70                fflush
 .text          0x0000000000006ba0        0x0 d:/dev/intel/18.1/nios2eds/bin/gnu/h-x86_64-mingw32/bin/../lib/gcc/nios2-elf/5.3.0/../../../../../H-x86_64-mingw32/nios2-elf/lib/mno-hw-mul\libc.a(lib_a-findfp.o)
 .text.__fp_unlock
                0x0000000000006ba0        0x8 d:/dev/intel/18.1/nios2eds/bin/gnu/h-x86_64-mingw32/bin/../lib/gcc/nios2-elf/5.3.0/../../../../../H-x86_64-mingw32/nios2-elf/lib/mno-hw-mul\libc.a(lib_a-findfp.o)
 .text._cleanup_r
                0x0000000000006ba8        0xc d:/dev/intel/18.1/nios2eds/bin/gnu/h-x86_64-mingw32/bin/../lib/gcc/nios2-elf/5.3.0/../../../../../H-x86_64-mingw32/nios2-elf/lib/mno-hw-mul\libc.a(lib_a-findfp.o)
                0x0000000000006ba8                _cleanup_r
 .text.__sinit.part.1
                0x0000000000006bb4      0x19c d:/dev/intel/18.1/nios2eds/bin/gnu/h-x86_64-mingw32/bin/../lib/gcc/nios2-elf/5.3.0/../../../../../H-x86_64-mingw32/nios2-elf/lib/mno-hw-mul\libc.a(lib_a-findfp.o)
 .text.__fp_lock
                0x0000000000006d50        0x8 d:/dev/intel/18.1/nios2eds/bin/gnu/h-x86_64-mingw32/bin/../lib/gcc/nios2-elf/5.3.0/../../../../../H-x86_64-mingw32/nios2-elf/lib/mno-hw-mul\libc.a(lib_a-findfp.o)
 .text.__sfmoreglue
                0x0000000000006d58       0x78 d:/dev/intel/18.1/nios2eds/bin/gnu/h-x86_64-mingw32/bin/../lib/gcc/nios2-elf/5.3.0/../../../../../H-x86_64-mingw32/nios2-elf/lib/mno-hw-mul\libc.a(lib_a-findfp.o)
                0x0000000000006d58                __sfmoreglue
 .text.__sfp    0x0000000000006dd0      0x118 d:/dev/intel/18.1/nios2eds/bin/gnu/h-x86_64-mingw32/bin/../lib/gcc/nios2-elf/5.3.0/../../../../../H-x86_64-mingw32/nios2-elf/lib/mno-hw-mul\libc.a(lib_a-findfp.o)
                0x0000000000006dd0                __sfp
 .text._cleanup
                0x0000000000006ee8       0x18 d:/dev/intel/18.1/nios2eds/bin/gnu/h-x86_64-mingw32/bin/../lib/gcc/nios2-elf/5.3.0/../../../../../H-x86_64-mingw32/nios2-elf/lib/mno-hw-mul\libc.a(lib_a-findfp.o)
                0x0000000000006ee8                _cleanup
 .text.__sinit  0x0000000000006f00       0x10 d:/dev/intel/18.1/nios2eds/bin/gnu/h-x86_64-mingw32/bin/../lib/gcc/nios2-elf/5.3.0/../../../../../H-x86_64-mingw32/nios2-elf/lib/mno-hw-mul\libc.a(lib_a-findfp.o)
                0x0000000000006f00                __sinit
 .text.__sfp_lock_acquire
                0x0000000000006f10        0x4 d:/dev/intel/18.1/nios2eds/bin/gnu/h-x86_64-mingw32/bin/../lib/gcc/nios2-elf/5.3.0/../../../../../H-x86_64-mingw32/nios2-elf/lib/mno-hw-mul\libc.a(lib_a-findfp.o)
                0x0000000000006f10                __sfp_lock_acquire
 .text.__sfp_lock_release
                0x0000000000006f14        0x4 d:/dev/intel/18.1/nios2eds/bin/gnu/h-x86_64-mingw32/bin/../lib/gcc/nios2-elf/5.3.0/../../../../../H-x86_64-mingw32/nios2-elf/lib/mno-hw-mul\libc.a(lib_a-findfp.o)
                0x0000000000006f14                __sfp_lock_release
 .text.__sinit_lock_acquire
                0x0000000000006f18        0x4 d:/dev/intel/18.1/nios2eds/bin/gnu/h-x86_64-mingw32/bin/../lib/gcc/nios2-elf/5.3.0/../../../../../H-x86_64-mingw32/nios2-elf/lib/mno-hw-mul\libc.a(lib_a-findfp.o)
                0x0000000000006f18                __sinit_lock_acquire
 .text.__sinit_lock_release
                0x0000000000006f1c        0x4 d:/dev/intel/18.1/nios2eds/bin/gnu/h-x86_64-mingw32/bin/../lib/gcc/nios2-elf/5.3.0/../../../../../H-x86_64-mingw32/nios2-elf/lib/mno-hw-mul\libc.a(lib_a-findfp.o)
                0x0000000000006f1c                __sinit_lock_release
 .text.__fp_lock_all
                0x0000000000006f20       0x18 d:/dev/intel/18.1/nios2eds/bin/gnu/h-x86_64-mingw32/bin/../lib/gcc/nios2-elf/5.3.0/../../../../../H-x86_64-mingw32/nios2-elf/lib/mno-hw-mul\libc.a(lib_a-findfp.o)
                0x0000000000006f20                __fp_lock_all
 .text.__fp_unlock_all
                0x0000000000006f38       0x18 d:/dev/intel/18.1/nios2eds/bin/gnu/h-x86_64-mingw32/bin/../lib/gcc/nios2-elf/5.3.0/../../../../../H-x86_64-mingw32/nios2-elf/lib/mno-hw-mul\libc.a(lib_a-findfp.o)
                0x0000000000006f38                __fp_unlock_all
 .text          0x0000000000006f50        0x0 d:/dev/intel/18.1/nios2eds/bin/gnu/h-x86_64-mingw32/bin/../lib/gcc/nios2-elf/5.3.0/../../../../../H-x86_64-mingw32/nios2-elf/lib/mno-hw-mul\libc.a(lib_a-freer.o)
 .text._malloc_trim_r
                0x0000000000006f50      0x124 d:/dev/intel/18.1/nios2eds/bin/gnu/h-x86_64-mingw32/bin/../lib/gcc/nios2-elf/5.3.0/../../../../../H-x86_64-mingw32/nios2-elf/lib/mno-hw-mul\libc.a(lib_a-freer.o)
                0x0000000000006f50                _malloc_trim_r
 .text._free_r  0x0000000000007074      0x310 d:/dev/intel/18.1/nios2eds/bin/gnu/h-x86_64-mingw32/bin/../lib/gcc/nios2-elf/5.3.0/../../../../../H-x86_64-mingw32/nios2-elf/lib/mno-hw-mul\libc.a(lib_a-freer.o)
                0x0000000000007074                _free_r
 .text          0x0000000000007384        0x0 d:/dev/intel/18.1/nios2eds/bin/gnu/h-x86_64-mingw32/bin/../lib/gcc/nios2-elf/5.3.0/../../../../../H-x86_64-mingw32/nios2-elf/lib/mno-hw-mul\libc.a(lib_a-fwalk.o)
 .text._fwalk   0x0000000000007384       0xc4 d:/dev/intel/18.1/nios2eds/bin/gnu/h-x86_64-mingw32/bin/../lib/gcc/nios2-elf/5.3.0/../../../../../H-x86_64-mingw32/nios2-elf/lib/mno-hw-mul\libc.a(lib_a-fwalk.o)
                0x0000000000007384                _fwalk
 .text._fwalk_reent
                0x0000000000007448       0xc4 d:/dev/intel/18.1/nios2eds/bin/gnu/h-x86_64-mingw32/bin/../lib/gcc/nios2-elf/5.3.0/../../../../../H-x86_64-mingw32/nios2-elf/lib/mno-hw-mul\libc.a(lib_a-fwalk.o)
                0x0000000000007448                _fwalk_reent
 .text          0x000000000000750c        0x0 d:/dev/intel/18.1/nios2eds/bin/gnu/h-x86_64-mingw32/bin/../lib/gcc/nios2-elf/5.3.0/../../../../../H-x86_64-mingw32/nios2-elf/lib/mno-hw-mul\libc.a(lib_a-impure.o)
 .text          0x000000000000750c        0x0 d:/dev/intel/18.1/nios2eds/bin/gnu/h-x86_64-mingw32/bin/../lib/gcc/nios2-elf/5.3.0/../../../../../H-x86_64-mingw32/nios2-elf/lib/mno-hw-mul\libc.a(lib_a-locale.o)
 .text._setlocale_r
                0x000000000000750c       0x7c d:/dev/intel/18.1/nios2eds/bin/gnu/h-x86_64-mingw32/bin/../lib/gcc/nios2-elf/5.3.0/../../../../../H-x86_64-mingw32/nios2-elf/lib/mno-hw-mul\libc.a(lib_a-locale.o)
                0x000000000000750c                _setlocale_r
 .text.__locale_charset
                0x0000000000007588        0xc d:/dev/intel/18.1/nios2eds/bin/gnu/h-x86_64-mingw32/bin/../lib/gcc/nios2-elf/5.3.0/../../../../../H-x86_64-mingw32/nios2-elf/lib/mno-hw-mul\libc.a(lib_a-locale.o)
                0x0000000000007588                __locale_charset
 .text.__locale_mb_cur_max
                0x0000000000007594       0x10 d:/dev/intel/18.1/nios2eds/bin/gnu/h-x86_64-mingw32/bin/../lib/gcc/nios2-elf/5.3.0/../../../../../H-x86_64-mingw32/nios2-elf/lib/mno-hw-mul\libc.a(lib_a-locale.o)
                0x0000000000007594                __locale_mb_cur_max
 .text.__locale_msgcharset
                0x00000000000075a4        0xc d:/dev/intel/18.1/nios2eds/bin/gnu/h-x86_64-mingw32/bin/../lib/gcc/nios2-elf/5.3.0/../../../../../H-x86_64-mingw32/nios2-elf/lib/mno-hw-mul\libc.a(lib_a-locale.o)
                0x00000000000075a4                __locale_msgcharset
 .text.__locale_cjk_lang
                0x00000000000075b0        0x8 d:/dev/intel/18.1/nios2eds/bin/gnu/h-x86_64-mingw32/bin/../lib/gcc/nios2-elf/5.3.0/../../../../../H-x86_64-mingw32/nios2-elf/lib/mno-hw-mul\libc.a(lib_a-locale.o)
                0x00000000000075b0                __locale_cjk_lang
 .text._localeconv_r
                0x00000000000075b8        0xc d:/dev/intel/18.1/nios2eds/bin/gnu/h-x86_64-mingw32/bin/../lib/gcc/nios2-elf/5.3.0/../../../../../H-x86_64-mingw32/nios2-elf/lib/mno-hw-mul\libc.a(lib_a-locale.o)
                0x00000000000075b8                _localeconv_r
 .text.setlocale
                0x00000000000075c4       0x18 d:/dev/intel/18.1/nios2eds/bin/gnu/h-x86_64-mingw32/bin/../lib/gcc/nios2-elf/5.3.0/../../../../../H-x86_64-mingw32/nios2-elf/lib/mno-hw-mul\libc.a(lib_a-locale.o)
                0x00000000000075c4                setlocale
 .text.localeconv
                0x00000000000075dc        0xc d:/dev/intel/18.1/nios2eds/bin/gnu/h-x86_64-mingw32/bin/../lib/gcc/nios2-elf/5.3.0/../../../../../H-x86_64-mingw32/nios2-elf/lib/mno-hw-mul\libc.a(lib_a-locale.o)
                0x00000000000075dc                localeconv
 .text          0x00000000000075e8        0x0 d:/dev/intel/18.1/nios2eds/bin/gnu/h-x86_64-mingw32/bin/../lib/gcc/nios2-elf/5.3.0/../../../../../H-x86_64-mingw32/nios2-elf/lib/mno-hw-mul\libc.a(lib_a-makebuf.o)
 .text.__smakebuf_r
                0x00000000000075e8      0x1bc d:/dev/intel/18.1/nios2eds/bin/gnu/h-x86_64-mingw32/bin/../lib/gcc/nios2-elf/5.3.0/../../../../../H-x86_64-mingw32/nios2-elf/lib/mno-hw-mul\libc.a(lib_a-makebuf.o)
                0x00000000000075e8                __smakebuf_r
 .text          0x00000000000077a4        0x0 d:/dev/intel/18.1/nios2eds/bin/gnu/h-x86_64-mingw32/bin/../lib/gcc/nios2-elf/5.3.0/../../../../../H-x86_64-mingw32/nios2-elf/lib/mno-hw-mul\libc.a(lib_a-mallocr.o)
 .text._malloc_r
                0x00000000000077a4      0x80c d:/dev/intel/18.1/nios2eds/bin/gnu/h-x86_64-mingw32/bin/../lib/gcc/nios2-elf/5.3.0/../../../../../H-x86_64-mingw32/nios2-elf/lib/mno-hw-mul\libc.a(lib_a-mallocr.o)
                0x00000000000077a4                _malloc_r
 .text          0x0000000000007fb0        0x0 d:/dev/intel/18.1/nios2eds/bin/gnu/h-x86_64-mingw32/bin/../lib/gcc/nios2-elf/5.3.0/../../../../../H-x86_64-mingw32/nios2-elf/lib/mno-hw-mul\libc.a(lib_a-memchr.o)
 .text.memchr   0x0000000000007fb0       0xe4 d:/dev/intel/18.1/nios2eds/bin/gnu/h-x86_64-mingw32/bin/../lib/gcc/nios2-elf/5.3.0/../../../../../H-x86_64-mingw32/nios2-elf/lib/mno-hw-mul\libc.a(lib_a-memchr.o)
                0x0000000000007fb0                memchr
 .text          0x0000000000008094        0x0 d:/dev/intel/18.1/nios2eds/bin/gnu/h-x86_64-mingw32/bin/../lib/gcc/nios2-elf/5.3.0/../../../../../H-x86_64-mingw32/nios2-elf/lib/mno-hw-mul\libc.a(lib_a-mprec.o)
 .text._Balloc  0x0000000000008094       0xa8 d:/dev/intel/18.1/nios2eds/bin/gnu/h-x86_64-mingw32/bin/../lib/gcc/nios2-elf/5.3.0/../../../../../H-x86_64-mingw32/nios2-elf/lib/mno-hw-mul\libc.a(lib_a-mprec.o)
                0x0000000000008094                _Balloc
 .text._Bfree   0x000000000000813c       0x28 d:/dev/intel/18.1/nios2eds/bin/gnu/h-x86_64-mingw32/bin/../lib/gcc/nios2-elf/5.3.0/../../../../../H-x86_64-mingw32/nios2-elf/lib/mno-hw-mul\libc.a(lib_a-mprec.o)
                0x000000000000813c                _Bfree
 .text.__multadd
                0x0000000000008164      0x148 d:/dev/intel/18.1/nios2eds/bin/gnu/h-x86_64-mingw32/bin/../lib/gcc/nios2-elf/5.3.0/../../../../../H-x86_64-mingw32/nios2-elf/lib/mno-hw-mul\libc.a(lib_a-mprec.o)
                0x0000000000008164                __multadd
 .text.__s2b    0x00000000000082ac      0x104 d:/dev/intel/18.1/nios2eds/bin/gnu/h-x86_64-mingw32/bin/../lib/gcc/nios2-elf/5.3.0/../../../../../H-x86_64-mingw32/nios2-elf/lib/mno-hw-mul\libc.a(lib_a-mprec.o)
                0x00000000000082ac                __s2b
 .text.__hi0bits
                0x00000000000083b0       0x68 d:/dev/intel/18.1/nios2eds/bin/gnu/h-x86_64-mingw32/bin/../lib/gcc/nios2-elf/5.3.0/../../../../../H-x86_64-mingw32/nios2-elf/lib/mno-hw-mul\libc.a(lib_a-mprec.o)
                0x00000000000083b0                __hi0bits
 .text.__lo0bits
                0x0000000000008418       0xb0 d:/dev/intel/18.1/nios2eds/bin/gnu/h-x86_64-mingw32/bin/../lib/gcc/nios2-elf/5.3.0/../../../../../H-x86_64-mingw32/nios2-elf/lib/mno-hw-mul\libc.a(lib_a-mprec.o)
                0x0000000000008418                __lo0bits
 .text.__i2b    0x00000000000084c8       0x3c d:/dev/intel/18.1/nios2eds/bin/gnu/h-x86_64-mingw32/bin/../lib/gcc/nios2-elf/5.3.0/../../../../../H-x86_64-mingw32/nios2-elf/lib/mno-hw-mul\libc.a(lib_a-mprec.o)
                0x00000000000084c8                __i2b
 .text.__multiply
                0x0000000000008504      0x28c d:/dev/intel/18.1/nios2eds/bin/gnu/h-x86_64-mingw32/bin/../lib/gcc/nios2-elf/5.3.0/../../../../../H-x86_64-mingw32/nios2-elf/lib/mno-hw-mul\libc.a(lib_a-mprec.o)
                0x0000000000008504                __multiply
 .text.__pow5mult
                0x0000000000008790      0x140 d:/dev/intel/18.1/nios2eds/bin/gnu/h-x86_64-mingw32/bin/../lib/gcc/nios2-elf/5.3.0/../../../../../H-x86_64-mingw32/nios2-elf/lib/mno-hw-mul\libc.a(lib_a-mprec.o)
                0x0000000000008790                __pow5mult
 .text.__lshift
                0x00000000000088d0      0x148 d:/dev/intel/18.1/nios2eds/bin/gnu/h-x86_64-mingw32/bin/../lib/gcc/nios2-elf/5.3.0/../../../../../H-x86_64-mingw32/nios2-elf/lib/mno-hw-mul\libc.a(lib_a-mprec.o)
                0x00000000000088d0                __lshift
 .text.__mcmp   0x0000000000008a18       0x60 d:/dev/intel/18.1/nios2eds/bin/gnu/h-x86_64-mingw32/bin/../lib/gcc/nios2-elf/5.3.0/../../../../../H-x86_64-mingw32/nios2-elf/lib/mno-hw-mul\libc.a(lib_a-mprec.o)
                0x0000000000008a18                __mcmp
 .text.__mdiff  0x0000000000008a78      0x1fc d:/dev/intel/18.1/nios2eds/bin/gnu/h-x86_64-mingw32/bin/../lib/gcc/nios2-elf/5.3.0/../../../../../H-x86_64-mingw32/nios2-elf/lib/mno-hw-mul\libc.a(lib_a-mprec.o)
                0x0000000000008a78                __mdiff
 .text.__ulp    0x0000000000008c74       0x64 d:/dev/intel/18.1/nios2eds/bin/gnu/h-x86_64-mingw32/bin/../lib/gcc/nios2-elf/5.3.0/../../../../../H-x86_64-mingw32/nios2-elf/lib/mno-hw-mul\libc.a(lib_a-mprec.o)
                0x0000000000008c74                __ulp
 .text.__b2d    0x0000000000008cd8      0x10c d:/dev/intel/18.1/nios2eds/bin/gnu/h-x86_64-mingw32/bin/../lib/gcc/nios2-elf/5.3.0/../../../../../H-x86_64-mingw32/nios2-elf/lib/mno-hw-mul\libc.a(lib_a-mprec.o)
                0x0000000000008cd8                __b2d
 .text.__d2b    0x0000000000008de4      0x14c d:/dev/intel/18.1/nios2eds/bin/gnu/h-x86_64-mingw32/bin/../lib/gcc/nios2-elf/5.3.0/../../../../../H-x86_64-mingw32/nios2-elf/lib/mno-hw-mul\libc.a(lib_a-mprec.o)
                0x0000000000008de4                __d2b
 .text.__ratio  0x0000000000008f30       0xa4 d:/dev/intel/18.1/nios2eds/bin/gnu/h-x86_64-mingw32/bin/../lib/gcc/nios2-elf/5.3.0/../../../../../H-x86_64-mingw32/nios2-elf/lib/mno-hw-mul\libc.a(lib_a-mprec.o)
                0x0000000000008f30                __ratio
 .text._mprec_log10
                0x0000000000008fd4       0x74 d:/dev/intel/18.1/nios2eds/bin/gnu/h-x86_64-mingw32/bin/../lib/gcc/nios2-elf/5.3.0/../../../../../H-x86_64-mingw32/nios2-elf/lib/mno-hw-mul\libc.a(lib_a-mprec.o)
                0x0000000000008fd4                _mprec_log10
 .text.__copybits
                0x0000000000009048       0x78 d:/dev/intel/18.1/nios2eds/bin/gnu/h-x86_64-mingw32/bin/../lib/gcc/nios2-elf/5.3.0/../../../../../H-x86_64-mingw32/nios2-elf/lib/mno-hw-mul\libc.a(lib_a-mprec.o)
                0x0000000000009048                __copybits
 .text.__any_on
                0x00000000000090c0       0x8c d:/dev/intel/18.1/nios2eds/bin/gnu/h-x86_64-mingw32/bin/../lib/gcc/nios2-elf/5.3.0/../../../../../H-x86_64-mingw32/nios2-elf/lib/mno-hw-mul\libc.a(lib_a-mprec.o)
                0x00000000000090c0                __any_on
 .text          0x000000000000914c        0x0 d:/dev/intel/18.1/nios2eds/bin/gnu/h-x86_64-mingw32/bin/../lib/gcc/nios2-elf/5.3.0/../../../../../H-x86_64-mingw32/nios2-elf/lib/mno-hw-mul\libc.a(lib_a-s_fpclassify.o)
 .text.__fpclassifyd
                0x000000000000914c       0x74 d:/dev/intel/18.1/nios2eds/bin/gnu/h-x86_64-mingw32/bin/../lib/gcc/nios2-elf/5.3.0/../../../../../H-x86_64-mingw32/nios2-elf/lib/mno-hw-mul\libc.a(lib_a-s_fpclassify.o)
                0x000000000000914c                __fpclassifyd
 .text          0x00000000000091c0        0x0 d:/dev/intel/18.1/nios2eds/bin/gnu/h-x86_64-mingw32/bin/../lib/gcc/nios2-elf/5.3.0/../../../../../H-x86_64-mingw32/nios2-elf/lib/mno-hw-mul\libc.a(lib_a-sbrkr.o)
 .text._sbrk_r  0x00000000000091c0       0x54 d:/dev/intel/18.1/nios2eds/bin/gnu/h-x86_64-mingw32/bin/../lib/gcc/nios2-elf/5.3.0/../../../../../H-x86_64-mingw32/nios2-elf/lib/mno-hw-mul\libc.a(lib_a-sbrkr.o)
                0x00000000000091c0                _sbrk_r
 .text          0x0000000000009214        0x0 d:/dev/intel/18.1/nios2eds/bin/gnu/h-x86_64-mingw32/bin/../lib/gcc/nios2-elf/5.3.0/../../../../../H-x86_64-mingw32/nios2-elf/lib/mno-hw-mul\libc.a(lib_a-stdio.o)
 .text.__sread  0x0000000000009214       0x54 d:/dev/intel/18.1/nios2eds/bin/gnu/h-x86_64-mingw32/bin/../lib/gcc/nios2-elf/5.3.0/../../../../../H-x86_64-mingw32/nios2-elf/lib/mno-hw-mul\libc.a(lib_a-stdio.o)
                0x0000000000009214                __sread
 .text.__seofread
                0x0000000000009268        0x8 d:/dev/intel/18.1/nios2eds/bin/gnu/h-x86_64-mingw32/bin/../lib/gcc/nios2-elf/5.3.0/../../../../../H-x86_64-mingw32/nios2-elf/lib/mno-hw-mul\libc.a(lib_a-stdio.o)
                0x0000000000009268                __seofread
 .text.__swrite
                0x0000000000009270       0x7c d:/dev/intel/18.1/nios2eds/bin/gnu/h-x86_64-mingw32/bin/../lib/gcc/nios2-elf/5.3.0/../../../../../H-x86_64-mingw32/nios2-elf/lib/mno-hw-mul\libc.a(lib_a-stdio.o)
                0x0000000000009270                __swrite
 .text.__sseek  0x00000000000092ec       0x5c d:/dev/intel/18.1/nios2eds/bin/gnu/h-x86_64-mingw32/bin/../lib/gcc/nios2-elf/5.3.0/../../../../../H-x86_64-mingw32/nios2-elf/lib/mno-hw-mul\libc.a(lib_a-stdio.o)
                0x00000000000092ec                __sseek
 .text.__sclose
                0x0000000000009348        0x8 d:/dev/intel/18.1/nios2eds/bin/gnu/h-x86_64-mingw32/bin/../lib/gcc/nios2-elf/5.3.0/../../../../../H-x86_64-mingw32/nios2-elf/lib/mno-hw-mul\libc.a(lib_a-stdio.o)
                0x0000000000009348                __sclose
 .text          0x0000000000009350        0x0 d:/dev/intel/18.1/nios2eds/bin/gnu/h-x86_64-mingw32/bin/../lib/gcc/nios2-elf/5.3.0/../../../../../H-x86_64-mingw32/nios2-elf/lib/mno-hw-mul\libc.a(lib_a-strcmp.o)
 .text.strcmp   0x0000000000009350       0xdc d:/dev/intel/18.1/nios2eds/bin/gnu/h-x86_64-mingw32/bin/../lib/gcc/nios2-elf/5.3.0/../../../../../H-x86_64-mingw32/nios2-elf/lib/mno-hw-mul\libc.a(lib_a-strcmp.o)
                0x0000000000009350                strcmp
 .text          0x000000000000942c        0x0 d:/dev/intel/18.1/nios2eds/bin/gnu/h-x86_64-mingw32/bin/../lib/gcc/nios2-elf/5.3.0/../../../../../H-x86_64-mingw32/nios2-elf/lib/mno-hw-mul\libc.a(lib_a-strlen.o)
 .text.strlen   0x000000000000942c       0x98 d:/dev/intel/18.1/nios2eds/bin/gnu/h-x86_64-mingw32/bin/../lib/gcc/nios2-elf/5.3.0/../../../../../H-x86_64-mingw32/nios2-elf/lib/mno-hw-mul\libc.a(lib_a-strlen.o)
                0x000000000000942c                strlen
 .text          0x00000000000094c4        0x0 d:/dev/intel/18.1/nios2eds/bin/gnu/h-x86_64-mingw32/bin/../lib/gcc/nios2-elf/5.3.0/../../../../../H-x86_64-mingw32/nios2-elf/lib/mno-hw-mul\libc.a(lib_a-vfiprintf.o)
 .text.__sprint_r.part.0
                0x00000000000094c4       0xfc d:/dev/intel/18.1/nios2eds/bin/gnu/h-x86_64-mingw32/bin/../lib/gcc/nios2-elf/5.3.0/../../../../../H-x86_64-mingw32/nios2-elf/lib/mno-hw-mul\libc.a(lib_a-vfiprintf.o)
 .text.__sprint_r
                0x00000000000095c0       0x18 d:/dev/intel/18.1/nios2eds/bin/gnu/h-x86_64-mingw32/bin/../lib/gcc/nios2-elf/5.3.0/../../../../../H-x86_64-mingw32/nios2-elf/lib/mno-hw-mul\libc.a(lib_a-vfiprintf.o)
                0x00000000000095c0                __sprint_r
 .text.___vfiprintf_internal_r
                0x00000000000095d8     0x150c d:/dev/intel/18.1/nios2eds/bin/gnu/h-x86_64-mingw32/bin/../lib/gcc/nios2-elf/5.3.0/../../../../../H-x86_64-mingw32/nios2-elf/lib/mno-hw-mul\libc.a(lib_a-vfiprintf.o)
                0x00000000000095d8                ___vfiprintf_internal_r
 .text.__vfiprintf_internal
                0x000000000000aae4       0x1c d:/dev/intel/18.1/nios2eds/bin/gnu/h-x86_64-mingw32/bin/../lib/gcc/nios2-elf/5.3.0/../../../../../H-x86_64-mingw32/nios2-elf/lib/mno-hw-mul\libc.a(lib_a-vfiprintf.o)
                0x000000000000aae4                __vfiprintf_internal
 .text.__sbprintf
                0x000000000000ab00       0xbc d:/dev/intel/18.1/nios2eds/bin/gnu/h-x86_64-mingw32/bin/../lib/gcc/nios2-elf/5.3.0/../../../../../H-x86_64-mingw32/nios2-elf/lib/mno-hw-mul\libc.a(lib_a-vfiprintf.o)
 .text          0x000000000000abbc        0x0 d:/dev/intel/18.1/nios2eds/bin/gnu/h-x86_64-mingw32/bin/../lib/gcc/nios2-elf/5.3.0/../../../../../H-x86_64-mingw32/nios2-elf/lib/mno-hw-mul\libc.a(lib_a-writer.o)
 .text._write_r
                0x000000000000abbc       0x60 d:/dev/intel/18.1/nios2eds/bin/gnu/h-x86_64-mingw32/bin/../lib/gcc/nios2-elf/5.3.0/../../../../../H-x86_64-mingw32/nios2-elf/lib/mno-hw-mul\libc.a(lib_a-writer.o)
                0x000000000000abbc                _write_r
 .text          0x000000000000ac1c        0x0 d:/dev/intel/18.1/nios2eds/bin/gnu/h-x86_64-mingw32/bin/../lib/gcc/nios2-elf/5.3.0/../../../../../H-x86_64-mingw32/nios2-elf/lib/mno-hw-mul\libc.a(closer.o)
 .text._close_r
                0x000000000000ac1c       0x54 d:/dev/intel/18.1/nios2eds/bin/gnu/h-x86_64-mingw32/bin/../lib/gcc/nios2-elf/5.3.0/../../../../../H-x86_64-mingw32/nios2-elf/lib/mno-hw-mul\libc.a(closer.o)
                0x000000000000ac1c                _close_r
 .text          0x000000000000ac70        0x0 d:/dev/intel/18.1/nios2eds/bin/gnu/h-x86_64-mingw32/bin/../lib/gcc/nios2-elf/5.3.0/../../../../../H-x86_64-mingw32/nios2-elf/lib/mno-hw-mul\libc.a(lib_a-callocr.o)
 .text._calloc_r
                0x000000000000ac70       0xdc d:/dev/intel/18.1/nios2eds/bin/gnu/h-x86_64-mingw32/bin/../lib/gcc/nios2-elf/5.3.0/../../../../../H-x86_64-mingw32/nios2-elf/lib/mno-hw-mul\libc.a(lib_a-callocr.o)
                0x000000000000ac70                _calloc_r
 .text          0x000000000000ad4c        0x0 d:/dev/intel/18.1/nios2eds/bin/gnu/h-x86_64-mingw32/bin/../lib/gcc/nios2-elf/5.3.0/../../../../../H-x86_64-mingw32/nios2-elf/lib/mno-hw-mul\libc.a(lib_a-fclose.o)
 .text._fclose_r
                0x000000000000ad4c       0xf0 d:/dev/intel/18.1/nios2eds/bin/gnu/h-x86_64-mingw32/bin/../lib/gcc/nios2-elf/5.3.0/../../../../../H-x86_64-mingw32/nios2-elf/lib/mno-hw-mul\libc.a(lib_a-fclose.o)
                0x000000000000ad4c                _fclose_r
 .text.fclose   0x000000000000ae3c       0x14 d:/dev/intel/18.1/nios2eds/bin/gnu/h-x86_64-mingw32/bin/../lib/gcc/nios2-elf/5.3.0/../../../../../H-x86_64-mingw32/nios2-elf/lib/mno-hw-mul\libc.a(lib_a-fclose.o)
                0x000000000000ae3c                fclose
 .text          0x000000000000ae50        0x0 d:/dev/intel/18.1/nios2eds/bin/gnu/h-x86_64-mingw32/bin/../lib/gcc/nios2-elf/5.3.0/../../../../../H-x86_64-mingw32/nios2-elf/lib/mno-hw-mul\libc.a(lib_a-fputwc.o)
 .text.__fputwc
                0x000000000000ae50      0x164 d:/dev/intel/18.1/nios2eds/bin/gnu/h-x86_64-mingw32/bin/../lib/gcc/nios2-elf/5.3.0/../../../../../H-x86_64-mingw32/nios2-elf/lib/mno-hw-mul\libc.a(lib_a-fputwc.o)
                0x000000000000ae50                __fputwc
 .text._fputwc_r
                0x000000000000afb4       0x24 d:/dev/intel/18.1/nios2eds/bin/gnu/h-x86_64-mingw32/bin/../lib/gcc/nios2-elf/5.3.0/../../../../../H-x86_64-mingw32/nios2-elf/lib/mno-hw-mul\libc.a(lib_a-fputwc.o)
                0x000000000000afb4                _fputwc_r
 .text.fputwc   0x000000000000afd8       0x80 d:/dev/intel/18.1/nios2eds/bin/gnu/h-x86_64-mingw32/bin/../lib/gcc/nios2-elf/5.3.0/../../../../../H-x86_64-mingw32/nios2-elf/lib/mno-hw-mul\libc.a(lib_a-fputwc.o)
                0x000000000000afd8                fputwc
 .text          0x000000000000b058        0x0 d:/dev/intel/18.1/nios2eds/bin/gnu/h-x86_64-mingw32/bin/../lib/gcc/nios2-elf/5.3.0/../../../../../H-x86_64-mingw32/nios2-elf/lib/mno-hw-mul\libc.a(lib_a-fstatr.o)
 .text._fstat_r
                0x000000000000b058       0x5c d:/dev/intel/18.1/nios2eds/bin/gnu/h-x86_64-mingw32/bin/../lib/gcc/nios2-elf/5.3.0/../../../../../H-x86_64-mingw32/nios2-elf/lib/mno-hw-mul\libc.a(lib_a-fstatr.o)
                0x000000000000b058                _fstat_r
 .text          0x000000000000b0b4        0x0 d:/dev/intel/18.1/nios2eds/bin/gnu/h-x86_64-mingw32/bin/../lib/gcc/nios2-elf/5.3.0/../../../../../H-x86_64-mingw32/nios2-elf/lib/mno-hw-mul\libc.a(lib_a-fvwrite.o)
 .text.__sfvwrite_r
                0x000000000000b0b4      0x4c8 d:/dev/intel/18.1/nios2eds/bin/gnu/h-x86_64-mingw32/bin/../lib/gcc/nios2-elf/5.3.0/../../../../../H-x86_64-mingw32/nios2-elf/lib/mno-hw-mul\libc.a(lib_a-fvwrite.o)
                0x000000000000b0b4                __sfvwrite_r
 .text          0x000000000000b57c        0x0 d:/dev/intel/18.1/nios2eds/bin/gnu/h-x86_64-mingw32/bin/../lib/gcc/nios2-elf/5.3.0/../../../../../H-x86_64-mingw32/nios2-elf/lib/mno-hw-mul\libc.a(lib_a-int_errno.o)
 .text          0x000000000000b57c        0x0 d:/dev/intel/18.1/nios2eds/bin/gnu/h-x86_64-mingw32/bin/../lib/gcc/nios2-elf/5.3.0/../../../../../H-x86_64-mingw32/nios2-elf/lib/mno-hw-mul\libc.a(lib_a-isattyr.o)
 .text._isatty_r
                0x000000000000b57c       0x54 d:/dev/intel/18.1/nios2eds/bin/gnu/h-x86_64-mingw32/bin/../lib/gcc/nios2-elf/5.3.0/../../../../../H-x86_64-mingw32/nios2-elf/lib/mno-hw-mul\libc.a(lib_a-isattyr.o)
                0x000000000000b57c                _isatty_r
 .text          0x000000000000b5d0        0x0 d:/dev/intel/18.1/nios2eds/bin/gnu/h-x86_64-mingw32/bin/../lib/gcc/nios2-elf/5.3.0/../../../../../H-x86_64-mingw32/nios2-elf/lib/mno-hw-mul\libc.a(lib_a-lseekr.o)
 .text._lseek_r
                0x000000000000b5d0       0x60 d:/dev/intel/18.1/nios2eds/bin/gnu/h-x86_64-mingw32/bin/../lib/gcc/nios2-elf/5.3.0/../../../../../H-x86_64-mingw32/nios2-elf/lib/mno-hw-mul\libc.a(lib_a-lseekr.o)
                0x000000000000b5d0                _lseek_r
 .text          0x000000000000b630        0x0 d:/dev/intel/18.1/nios2eds/bin/gnu/h-x86_64-mingw32/bin/../lib/gcc/nios2-elf/5.3.0/../../../../../H-x86_64-mingw32/nios2-elf/lib/mno-hw-mul\libc.a(lib_a-readr.o)
 .text._read_r  0x000000000000b630       0x60 d:/dev/intel/18.1/nios2eds/bin/gnu/h-x86_64-mingw32/bin/../lib/gcc/nios2-elf/5.3.0/../../../../../H-x86_64-mingw32/nios2-elf/lib/mno-hw-mul\libc.a(lib_a-readr.o)
                0x000000000000b630                _read_r
 .text          0x000000000000b690        0x0 d:/dev/intel/18.1/nios2eds/bin/gnu/h-x86_64-mingw32/bin/../lib/gcc/nios2-elf/5.3.0/../../../../../H-x86_64-mingw32/nios2-elf/lib/mno-hw-mul\libc.a(lib_a-reallocr.o)
 .text._realloc_r
                0x000000000000b690      0x564 d:/dev/intel/18.1/nios2eds/bin/gnu/h-x86_64-mingw32/bin/../lib/gcc/nios2-elf/5.3.0/../../../../../H-x86_64-mingw32/nios2-elf/lib/mno-hw-mul\libc.a(lib_a-reallocr.o)
                0x000000000000b690                _realloc_r
 .text          0x000000000000bbf4        0x0 d:/dev/intel/18.1/nios2eds/bin/gnu/h-x86_64-mingw32/bin/../lib/gcc/nios2-elf/5.3.0/../../../../../H-x86_64-mingw32/nios2-elf/lib/mno-hw-mul\libc.a(lib_a-wbuf.o)
 .text.__swbuf_r
                0x000000000000bbf4      0x140 d:/dev/intel/18.1/nios2eds/bin/gnu/h-x86_64-mingw32/bin/../lib/gcc/nios2-elf/5.3.0/../../../../../H-x86_64-mingw32/nios2-elf/lib/mno-hw-mul\libc.a(lib_a-wbuf.o)
                0x000000000000bbf4                __swbuf_r
 .text.__swbuf  0x000000000000bd34       0x18 d:/dev/intel/18.1/nios2eds/bin/gnu/h-x86_64-mingw32/bin/../lib/gcc/nios2-elf/5.3.0/../../../../../H-x86_64-mingw32/nios2-elf/lib/mno-hw-mul\libc.a(lib_a-wbuf.o)
                0x000000000000bd34                __swbuf
 .text          0x000000000000bd4c        0x0 d:/dev/intel/18.1/nios2eds/bin/gnu/h-x86_64-mingw32/bin/../lib/gcc/nios2-elf/5.3.0/../../../../../H-x86_64-mingw32/nios2-elf/lib/mno-hw-mul\libc.a(lib_a-wcrtomb.o)
 .text._wcrtomb_r
                0x000000000000bd4c       0x9c d:/dev/intel/18.1/nios2eds/bin/gnu/h-x86_64-mingw32/bin/../lib/gcc/nios2-elf/5.3.0/../../../../../H-x86_64-mingw32/nios2-elf/lib/mno-hw-mul\libc.a(lib_a-wcrtomb.o)
                0x000000000000bd4c                _wcrtomb_r
 .text.wcrtomb  0x000000000000bde8       0xc0 d:/dev/intel/18.1/nios2eds/bin/gnu/h-x86_64-mingw32/bin/../lib/gcc/nios2-elf/5.3.0/../../../../../H-x86_64-mingw32/nios2-elf/lib/mno-hw-mul\libc.a(lib_a-wcrtomb.o)
                0x000000000000bde8                wcrtomb
 .text          0x000000000000bea8        0x0 d:/dev/intel/18.1/nios2eds/bin/gnu/h-x86_64-mingw32/bin/../lib/gcc/nios2-elf/5.3.0/../../../../../H-x86_64-mingw32/nios2-elf/lib/mno-hw-mul\libc.a(lib_a-wctomb_r.o)
 .text.__ascii_wctomb
                0x000000000000bea8       0x30 d:/dev/intel/18.1/nios2eds/bin/gnu/h-x86_64-mingw32/bin/../lib/gcc/nios2-elf/5.3.0/../../../../../H-x86_64-mingw32/nios2-elf/lib/mno-hw-mul\libc.a(lib_a-wctomb_r.o)
                0x000000000000bea8                __ascii_wctomb
 .text._wctomb_r
                0x000000000000bed8       0x5c d:/dev/intel/18.1/nios2eds/bin/gnu/h-x86_64-mingw32/bin/../lib/gcc/nios2-elf/5.3.0/../../../../../H-x86_64-mingw32/nios2-elf/lib/mno-hw-mul\libc.a(lib_a-wctomb_r.o)
                0x000000000000bed8                _wctomb_r
 .text          0x000000000000bf34      0x5fc d:/dev/intel/18.1/nios2eds/bin/gnu/h-x86_64-mingw32/bin/../lib/gcc/nios2-elf/5.3.0/mno-hw-mul\libgcc.a(_udivdi3.o)
                0x000000000000bf34                __udivdi3
 .text          0x000000000000c530      0x5c4 d:/dev/intel/18.1/nios2eds/bin/gnu/h-x86_64-mingw32/bin/../lib/gcc/nios2-elf/5.3.0/mno-hw-mul\libgcc.a(_umoddi3.o)
                0x000000000000c530                __umoddi3
 .text          0x000000000000caf4      0x1b4 d:/dev/intel/18.1/nios2eds/bin/gnu/h-x86_64-mingw32/bin/../lib/gcc/nios2-elf/5.3.0/mno-hw-mul\libgcc.a(lib2-divmod.o)
                0x000000000000caf4                __divsi3
                0x000000000000cb78                __modsi3
                0x000000000000cbec                __udivsi3
                0x000000000000cc50                __umodsi3
 .text          0x000000000000cca8       0x28 d:/dev/intel/18.1/nios2eds/bin/gnu/h-x86_64-mingw32/bin/../lib/gcc/nios2-elf/5.3.0/mno-hw-mul\libgcc.a(lib2-mul.o)
                0x000000000000cca8                __mulsi3
 .text          0x000000000000ccd0      0x8ac d:/dev/intel/18.1/nios2eds/bin/gnu/h-x86_64-mingw32/bin/../lib/gcc/nios2-elf/5.3.0/mno-hw-mul\libgcc.a(adddf3.o)
                0x000000000000ccd0                __adddf3
 .text          0x000000000000d57c      0x9d0 d:/dev/intel/18.1/nios2eds/bin/gnu/h-x86_64-mingw32/bin/../lib/gcc/nios2-elf/5.3.0/mno-hw-mul\libgcc.a(divdf3.o)
                0x000000000000d57c                __divdf3
 .text          0x000000000000df4c       0x88 d:/dev/intel/18.1/nios2eds/bin/gnu/h-x86_64-mingw32/bin/../lib/gcc/nios2-elf/5.3.0/mno-hw-mul\libgcc.a(eqdf2.o)
                0x000000000000df4c                __nedf2
                0x000000000000df4c                __eqdf2
 .text          0x000000000000dfd4       0xdc d:/dev/intel/18.1/nios2eds/bin/gnu/h-x86_64-mingw32/bin/../lib/gcc/nios2-elf/5.3.0/mno-hw-mul\libgcc.a(gedf2.o)
                0x000000000000dfd4                __gedf2
                0x000000000000dfd4                __gtdf2
 .text          0x000000000000e0b0       0xf4 d:/dev/intel/18.1/nios2eds/bin/gnu/h-x86_64-mingw32/bin/../lib/gcc/nios2-elf/5.3.0/mno-hw-mul\libgcc.a(ledf2.o)
                0x000000000000e0b0                __ledf2
                0x000000000000e0b0                __ltdf2
 .text          0x000000000000e1a4      0x86c d:/dev/intel/18.1/nios2eds/bin/gnu/h-x86_64-mingw32/bin/../lib/gcc/nios2-elf/5.3.0/mno-hw-mul\libgcc.a(muldf3.o)
                0x000000000000e1a4                __muldf3
 .text          0x000000000000ea10      0x8fc d:/dev/intel/18.1/nios2eds/bin/gnu/h-x86_64-mingw32/bin/../lib/gcc/nios2-elf/5.3.0/mno-hw-mul\libgcc.a(subdf3.o)
                0x000000000000ea10                __subdf3
 .text          0x000000000000f30c       0x80 d:/dev/intel/18.1/nios2eds/bin/gnu/h-x86_64-mingw32/bin/../lib/gcc/nios2-elf/5.3.0/mno-hw-mul\libgcc.a(fixdfsi.o)
                0x000000000000f30c                __fixdfsi
 .text          0x000000000000f38c       0xdc d:/dev/intel/18.1/nios2eds/bin/gnu/h-x86_64-mingw32/bin/../lib/gcc/nios2-elf/5.3.0/mno-hw-mul\libgcc.a(floatsidf.o)
                0x000000000000f38c                __floatsidf
 .text          0x000000000000f468       0xa8 d:/dev/intel/18.1/nios2eds/bin/gnu/h-x86_64-mingw32/bin/../lib/gcc/nios2-elf/5.3.0/mno-hw-mul\libgcc.a(floatunsidf.o)
                0x000000000000f468                __floatunsidf
 .text          0x000000000000f510        0x0 d:/dev/intel/18.1/nios2eds/bin/gnu/h-x86_64-mingw32/bin/../lib/gcc/nios2-elf/5.3.0/mno-hw-mul\libgcc.a(_clz.o)
 .text          0x000000000000f510       0x64 d:/dev/intel/18.1/nios2eds/bin/gnu/h-x86_64-mingw32/bin/../lib/gcc/nios2-elf/5.3.0/mno-hw-mul\libgcc.a(_clzsi2.o)
                0x000000000000f510                __clzsi2
 .text          0x000000000000f574      0x114 ../simplified_tcp_bsp/\libhal_bsp.a(alt_close.o)
                0x000000000000f5b0                close
 .text          0x000000000000f688       0x20 ../simplified_tcp_bsp/\libhal_bsp.a(alt_dcache_flush_all.o)
                0x000000000000f688                alt_dcache_flush_all
 .text          0x000000000000f6a8       0x2c ../simplified_tcp_bsp/\libhal_bsp.a(alt_dev.o)
 .text          0x000000000000f6d4        0x0 ../simplified_tcp_bsp/\libhal_bsp.a(alt_errno.o)
 .text          0x000000000000f6d4       0xf4 ../simplified_tcp_bsp/\libhal_bsp.a(alt_fstat.o)
                0x000000000000f710                fstat
 .text          0x000000000000f7c8       0xe8 ../simplified_tcp_bsp/\libhal_bsp.a(alt_isatty.o)
                0x000000000000f804                isatty
 .text          0x000000000000f8b0       0xec ../simplified_tcp_bsp/\libhal_bsp.a(alt_load.o)
                0x000000000000f918                alt_load
 .text          0x000000000000f99c      0x118 ../simplified_tcp_bsp/\libhal_bsp.a(alt_lseek.o)
                0x000000000000f9d8                lseek
 .text          0x000000000000fab4       0x7c ../simplified_tcp_bsp/\libhal_bsp.a(alt_main.o)
                0x000000000000fab4                alt_main
 .text          0x000000000000fb30       0x48 ../simplified_tcp_bsp/\libhal_bsp.a(alt_malloc_lock.o)
                0x000000000000fb30                __malloc_lock
                0x000000000000fb54                __malloc_unlock
 .text          0x000000000000fb78      0x22c ../simplified_tcp_bsp/\libhal_bsp.a(alt_printf.o)
                0x000000000000fb78                alt_printf
 .text          0x000000000000fda4       0x3c ../simplified_tcp_bsp/\libhal_bsp.a(alt_putchar.o)
                0x000000000000fda4                alt_putchar
 .text          0x000000000000fde0      0x140 ../simplified_tcp_bsp/\libhal_bsp.a(alt_read.o)
                0x000000000000fe1c                read
 .text          0x000000000000ff20       0x84 ../simplified_tcp_bsp/\libhal_bsp.a(alt_release_fd.o)
                0x000000000000ff20                alt_release_fd
 .text          0x000000000000ffa4       0xb0 ../simplified_tcp_bsp/\libhal_bsp.a(alt_sbrk.o)
                0x000000000000ffa4                sbrk
 .text          0x0000000000010054      0x13c ../simplified_tcp_bsp/\libhal_bsp.a(alt_write.o)
                0x0000000000010090                write
 .text          0x0000000000010190      0x120 ../simplified_tcp_bsp/\libhal_bsp.a(alt_sys_init.o)
                0x00000000000101c4                alt_irq_init
                0x00000000000101fc                alt_sys_init
 .text          0x00000000000102b0      0x164 ../simplified_tcp_bsp/\libhal_bsp.a(altera_avalon_jtag_uart_fd.o)
                0x00000000000102b0                altera_avalon_jtag_uart_read_fd
                0x0000000000010310                altera_avalon_jtag_uart_write_fd
                0x0000000000010370                altera_avalon_jtag_uart_close_fd
                0x00000000000103c0                altera_avalon_jtag_uart_ioctl_fd
 .text          0x0000000000010414      0x3d4 ../simplified_tcp_bsp/\libhal_bsp.a(altera_avalon_jtag_uart_init.o)
                0x0000000000010414                altera_avalon_jtag_uart_init
                0x0000000000010780                altera_avalon_jtag_uart_close
 .text          0x00000000000107e8       0xf0 ../simplified_tcp_bsp/\libhal_bsp.a(altera_avalon_jtag_uart_ioctl.o)
                0x00000000000107e8                altera_avalon_jtag_uart_ioctl
 .text          0x00000000000108d8      0x21c ../simplified_tcp_bsp/\libhal_bsp.a(altera_avalon_jtag_uart_read.o)
                0x00000000000108d8                altera_avalon_jtag_uart_read
 .text          0x0000000000010af4      0x224 ../simplified_tcp_bsp/\libhal_bsp.a(altera_avalon_jtag_uart_write.o)
                0x0000000000010af4                altera_avalon_jtag_uart_write
 .text          0x0000000000010d18      0xd94 ../simplified_tcp_bsp/\libhal_bsp.a(altera_avalon_sgdma.o)
                0x0000000000010d54                alt_avalon_sgdma_do_async_transfer
                0x0000000000010e78                alt_avalon_sgdma_do_sync_transfer
                0x0000000000010f88                alt_avalon_sgdma_construct_mem_to_mem_desc
                0x0000000000010ffc                alt_avalon_sgdma_construct_mem_to_mem_desc_burst
                0x0000000000011080                alt_avalon_sgdma_construct_stream_to_mem_desc
                0x00000000000110e0                alt_avalon_sgdma_construct_stream_to_mem_desc_burst
                0x0000000000011158                alt_avalon_sgdma_construct_mem_to_stream_desc
                0x00000000000111d8                alt_avalon_sgdma_construct_mem_to_stream_desc_burst
                0x0000000000011264                alt_avalon_sgdma_register_callback
                0x00000000000112b8                alt_avalon_sgdma_start
                0x0000000000011310                alt_avalon_sgdma_stop
                0x000000000001136c                alt_avalon_sgdma_check_descriptor_status
                0x00000000000113d0                alt_avalon_sgdma_open
                0x0000000000011424                alt_avalon_sgdma_construct_descriptor
                0x00000000000114b0                alt_avalon_sgdma_enable_desc_poll
                0x0000000000011530                alt_avalon_sgdma_disable_desc_poll
                0x0000000000011590                alt_avalon_sgdma_construct_descriptor_burst
                0x0000000000011a04                alt_avalon_sgdma_init
 .text          0x0000000000011aac       0xf4 ../simplified_tcp_bsp/\libhal_bsp.a(altera_avalon_timer_sc.o)
                0x0000000000011b24                alt_avalon_timer_sc_init
 .text          0x0000000000011ba0      0x484 ../simplified_tcp_bsp/\libhal_bsp.a(altera_hostfs.o)
                0x0000000000011ba0                alt_hostfs_open
                0x0000000000011cbc                alt_hostfs_close
                0x0000000000011d00                alt_hostfs_read
                0x0000000000011d6c                alt_hostfs_write
                0x0000000000011dd8                alt_hostfs_seek
                0x0000000000011e40                alt_hostfs_fstat
 .text          0x0000000000012024      0xb9c ../simplified_tcp_bsp/\libhal_bsp.a(altera_ro_zipfs.o)
                0x00000000000122a4                check_directory_header
                0x000000000001283c                alt_ro_zipfs_open
                0x00000000000128cc                alt_ro_zipfs_read
                0x00000000000129b4                alt_ro_zipfs_seek
                0x0000000000012af0                alt_ro_zipfs_fstat
                0x0000000000012b68                alt_ro_zipfs_check_valid
 .text          0x0000000000012bc0      0x12c ../simplified_tcp_bsp/\libhal_bsp.a(alt_alarm_start.o)
                0x0000000000012bc0                alt_alarm_start
 .text          0x0000000000012cec       0x28 ../simplified_tcp_bsp/\libhal_bsp.a(alt_dcache_flush.o)
                0x0000000000012cec                alt_dcache_flush
 .text          0x0000000000012d14       0xe0 ../simplified_tcp_bsp/\libhal_bsp.a(alt_dev_llist_insert.o)
                0x0000000000012d50                alt_dev_llist_insert
 .text          0x0000000000012df4       0x60 ../simplified_tcp_bsp/\libhal_bsp.a(alt_do_ctors.o)
                0x0000000000012df4                _do_ctors
 .text          0x0000000000012e54       0x60 ../simplified_tcp_bsp/\libhal_bsp.a(alt_do_dtors.o)
                0x0000000000012e54                _do_dtors
 .text          0x0000000000012eb4       0x90 ../simplified_tcp_bsp/\libhal_bsp.a(alt_find_dev.o)
                0x0000000000012eb4                alt_find_dev
 .text          0x0000000000012f44       0x80 ../simplified_tcp_bsp/\libhal_bsp.a(alt_fs_reg.o)
                0x0000000000012f44                alt_fs_reg
 .text          0x0000000000012fc4       0x20 ../simplified_tcp_bsp/\libhal_bsp.a(alt_icache_flush_all.o)
                0x0000000000012fc4                alt_icache_flush_all
 .text          0x0000000000012fe4      0x1b0 ../simplified_tcp_bsp/\libhal_bsp.a(alt_iic.o)
                0x0000000000012fe4                alt_ic_isr_register
                0x0000000000013034                alt_ic_irq_enable
                0x00000000000130bc                alt_ic_irq_disable
                0x0000000000013148                alt_ic_irq_enabled
 .text          0x0000000000013194       0xf0 ../simplified_tcp_bsp/\libhal_bsp.a(alt_iic_isr_register.o)
                0x0000000000013194                alt_iic_isr_register
 .text          0x0000000000013284      0x160 ../simplified_tcp_bsp/\libhal_bsp.a(alt_io_redirect.o)
                0x0000000000013368                alt_io_redirect
 .text          0x00000000000133e4        0x0 ../simplified_tcp_bsp/\libhal_bsp.a(alt_irq_entry.o)
 .text          0x00000000000133e4        0x0 ../simplified_tcp_bsp/\libhal_bsp.a(alt_irq_handler.o)
 .text          0x00000000000133e4        0x0 ../simplified_tcp_bsp/\libhal_bsp.a(alt_irq_vars.o)
 .text          0x00000000000133e4      0x284 ../simplified_tcp_bsp/\libhal_bsp.a(alt_open.o)
                0x000000000001350c                open
 .text          0x0000000000013668      0x1a4 ../simplified_tcp_bsp/\libhal_bsp.a(alt_tick.o)
                0x0000000000013668                alt_alarm_stop
                0x0000000000013704                alt_tick
 .text          0x000000000001380c       0x24 ../simplified_tcp_bsp/\libhal_bsp.a(altera_nios2_gen2_irq.o)
                0x000000000001380c                altera_nios2_gen2_irq_init
 .text          0x0000000000013830        0x0 ../simplified_tcp_bsp/\libhal_bsp.a(alt_exception_entry.o)
 .text          0x0000000000013830      0x108 ../simplified_tcp_bsp/\libhal_bsp.a(alt_find_file.o)
                0x0000000000013830                alt_find_file
 .text          0x0000000000013938       0xc4 ../simplified_tcp_bsp/\libhal_bsp.a(alt_get_fd.o)
                0x0000000000013938                alt_get_fd
 .text          0x00000000000139fc       0x9c ../simplified_tcp_bsp/\libhal_bsp.a(alt_instruction_exception_entry.o)
                0x00000000000139fc                alt_exception_cause_generated_bad_addr
 .text          0x0000000000013a98        0x0 d:/dev/intel/18.1/nios2eds/bin/gnu/h-x86_64-mingw32/bin/../lib/gcc/nios2-elf/5.3.0/../../../../../H-x86_64-mingw32/nios2-elf/lib/mno-hw-mul\libc.a(lib_a-atexit.o)
 .text.atexit   0x0000000000013a98       0x14 d:/dev/intel/18.1/nios2eds/bin/gnu/h-x86_64-mingw32/bin/../lib/gcc/nios2-elf/5.3.0/../../../../../H-x86_64-mingw32/nios2-elf/lib/mno-hw-mul\libc.a(lib_a-atexit.o)
                0x0000000000013a98                atexit
 .text          0x0000000000013aac        0x0 d:/dev/intel/18.1/nios2eds/bin/gnu/h-x86_64-mingw32/bin/../lib/gcc/nios2-elf/5.3.0/../../../../../H-x86_64-mingw32/nios2-elf/lib/mno-hw-mul\libc.a(lib_a-exit.o)
 .text.exit     0x0000000000013aac       0x38 d:/dev/intel/18.1/nios2eds/bin/gnu/h-x86_64-mingw32/bin/../lib/gcc/nios2-elf/5.3.0/../../../../../H-x86_64-mingw32/nios2-elf/lib/mno-hw-mul\libc.a(lib_a-exit.o)
                0x0000000000013aac                exit
 .text          0x0000000000013ae4        0x0 d:/dev/intel/18.1/nios2eds/bin/gnu/h-x86_64-mingw32/bin/../lib/gcc/nios2-elf/5.3.0/../../../../../H-x86_64-mingw32/nios2-elf/lib/mno-hw-mul\libc.a(lib_a-memcmp.o)
 .text.memcmp   0x0000000000013ae4       0x7c d:/dev/intel/18.1/nios2eds/bin/gnu/h-x86_64-mingw32/bin/../lib/gcc/nios2-elf/5.3.0/../../../../../H-x86_64-mingw32/nios2-elf/lib/mno-hw-mul\libc.a(lib_a-memcmp.o)
                0x0000000000013ae4                memcmp
 .text          0x0000000000013b60        0x0 d:/dev/intel/18.1/nios2eds/bin/gnu/h-x86_64-mingw32/bin/../lib/gcc/nios2-elf/5.3.0/../../../../../H-x86_64-mingw32/nios2-elf/lib/mno-hw-mul\libc.a(lib_a-putc.o)
 .text._putc_r  0x0000000000013b60       0xa0 d:/dev/intel/18.1/nios2eds/bin/gnu/h-x86_64-mingw32/bin/../lib/gcc/nios2-elf/5.3.0/../../../../../H-x86_64-mingw32/nios2-elf/lib/mno-hw-mul\libc.a(lib_a-putc.o)
                0x0000000000013b60                _putc_r
 .text.putc     0x0000000000013c00       0xc8 d:/dev/intel/18.1/nios2eds/bin/gnu/h-x86_64-mingw32/bin/../lib/gcc/nios2-elf/5.3.0/../../../../../H-x86_64-mingw32/nios2-elf/lib/mno-hw-mul\libc.a(lib_a-putc.o)
                0x0000000000013c00                putc
 .text          0x0000000000013cc8        0x0 d:/dev/intel/18.1/nios2eds/bin/gnu/h-x86_64-mingw32/bin/../lib/gcc/nios2-elf/5.3.0/../../../../../H-x86_64-mingw32/nios2-elf/lib/mno-hw-mul\libc.a(lib_a-strncmp.o)
 .text.strncmp  0x0000000000013cc8       0xd0 d:/dev/intel/18.1/nios2eds/bin/gnu/h-x86_64-mingw32/bin/../lib/gcc/nios2-elf/5.3.0/../../../../../H-x86_64-mingw32/nios2-elf/lib/mno-hw-mul\libc.a(lib_a-strncmp.o)
                0x0000000000013cc8                strncmp
 .text          0x0000000000013d98        0x0 d:/dev/intel/18.1/nios2eds/bin/gnu/h-x86_64-mingw32/bin/../lib/gcc/nios2-elf/5.3.0/../../../../../H-x86_64-mingw32/nios2-elf/lib/mno-hw-mul\libc.a(lib_a-__atexit.o)
 .text.__register_exitproc
                0x0000000000013d98      0x118 d:/dev/intel/18.1/nios2eds/bin/gnu/h-x86_64-mingw32/bin/../lib/gcc/nios2-elf/5.3.0/../../../../../H-x86_64-mingw32/nios2-elf/lib/mno-hw-mul\libc.a(lib_a-__atexit.o)
                0x0000000000013d98                __register_exitproc
 .text          0x0000000000013eb0        0x0 d:/dev/intel/18.1/nios2eds/bin/gnu/h-x86_64-mingw32/bin/../lib/gcc/nios2-elf/5.3.0/../../../../../H-x86_64-mingw32/nios2-elf/lib/mno-hw-mul\libc.a(lib_a-__call_atexit.o)
 .text.__call_exitprocs
                0x0000000000013eb0      0x180 d:/dev/intel/18.1/nios2eds/bin/gnu/h-x86_64-mingw32/bin/../lib/gcc/nios2-elf/5.3.0/../../../../../H-x86_64-mingw32/nios2-elf/lib/mno-hw-mul\libc.a(lib_a-__call_atexit.o)
                0x0000000000013eb0                __call_exitprocs
 .text          0x0000000000014030       0x34 ../simplified_tcp_bsp/\libhal_bsp.a(alt_exit.o)
                0x0000000000014030                _exit
 *(.gnu.warning.*)
 *(.fini)
                [!provide]                        PROVIDE (__etext, ABSOLUTE (.))
                [!provide]                        PROVIDE (_etext, ABSOLUTE (.))
                [!provide]                        PROVIDE (etext, ABSOLUTE (.))
 *(.eh_frame_hdr)
                0x0000000000014064                . = ALIGN (0x4)
                [!provide]                        PROVIDE (__preinit_array_start, ABSOLUTE (.))
 *(.preinit_array)
                [!provide]                        PROVIDE (__preinit_array_end, ABSOLUTE (.))
                [!provide]                        PROVIDE (__init_array_start, ABSOLUTE (.))
 *(.init_array)
                [!provide]                        PROVIDE (__init_array_end, ABSOLUTE (.))
                [!provide]                        PROVIDE (__fini_array_start, ABSOLUTE (.))
 *(.fini_array)
                [!provide]                        PROVIDE (__fini_array_end, ABSOLUTE (.))
 *(.eh_frame)
 *(.gcc_except_table .gcc_except_table.*)
 *(.dynamic)
                0x0000000000014064                PROVIDE (__CTOR_LIST__, ABSOLUTE (.))
 *(.ctors)
 *(SORT(.ctors.*))
                0x0000000000014064                PROVIDE (__CTOR_END__, ABSOLUTE (.))
                0x0000000000014064                PROVIDE (__DTOR_LIST__, ABSOLUTE (.))
 *(.dtors)
 *(SORT(.dtors.*))
                0x0000000000014064                PROVIDE (__DTOR_END__, ABSOLUTE (.))
 *(.jcr)
                0x0000000000014064                . = ALIGN (0x4)

.rodata         0x0000000001008230      0xb20
                0x0000000001008230                PROVIDE (__ram_rodata_start, ABSOLUTE (.))
                0x0000000001008230                . = ALIGN (0x4)
 *(.rodata .rodata.* .gnu.linkonce.r.*)
 .rodata        0x0000000001008230      0x7f0 obj/default/main.o
 .rodata.str1.4
                0x0000000001008a20       0x42 d:/dev/intel/18.1/nios2eds/bin/gnu/h-x86_64-mingw32/bin/../lib/gcc/nios2-elf/5.3.0/../../../../../H-x86_64-mingw32/nios2-elf/lib/mno-hw-mul\libc.a(lib_a-vfprintf.o)
 .rodata.zeroes.4404
                0x0000000001008a62       0x10 d:/dev/intel/18.1/nios2eds/bin/gnu/h-x86_64-mingw32/bin/../lib/gcc/nios2-elf/5.3.0/../../../../../H-x86_64-mingw32/nios2-elf/lib/mno-hw-mul\libc.a(lib_a-vfprintf.o)
 .rodata.blanks.4403
                0x0000000001008a72       0x10 d:/dev/intel/18.1/nios2eds/bin/gnu/h-x86_64-mingw32/bin/../lib/gcc/nios2-elf/5.3.0/../../../../../H-x86_64-mingw32/nios2-elf/lib/mno-hw-mul\libc.a(lib_a-vfprintf.o)
 *fill*         0x0000000001008a82        0x2 
 .rodata.str1.4
                0x0000000001008a84       0x10 d:/dev/intel/18.1/nios2eds/bin/gnu/h-x86_64-mingw32/bin/../lib/gcc/nios2-elf/5.3.0/../../../../../H-x86_64-mingw32/nios2-elf/lib/mno-hw-mul\libc.a(lib_a-dtoa.o)
                                         0x12 (size before relaxing)
 .rodata.str1.4
                0x0000000001008a94        0x2 d:/dev/intel/18.1/nios2eds/bin/gnu/h-x86_64-mingw32/bin/../lib/gcc/nios2-elf/5.3.0/../../../../../H-x86_64-mingw32/nios2-elf/lib/mno-hw-mul\libc.a(lib_a-impure.o)
 *fill*         0x0000000001008a96        0x2 
 .rodata.str1.4
                0x0000000001008a98        0xc d:/dev/intel/18.1/nios2eds/bin/gnu/h-x86_64-mingw32/bin/../lib/gcc/nios2-elf/5.3.0/../../../../../H-x86_64-mingw32/nios2-elf/lib/mno-hw-mul\libc.a(lib_a-locale.o)
                                         0x12 (size before relaxing)
 .rodata.p05.2768
                0x0000000001008aa4        0xc d:/dev/intel/18.1/nios2eds/bin/gnu/h-x86_64-mingw32/bin/../lib/gcc/nios2-elf/5.3.0/../../../../../H-x86_64-mingw32/nios2-elf/lib/mno-hw-mul\libc.a(lib_a-mprec.o)
 .rodata.__mprec_tinytens
                0x0000000001008ab0       0x28 d:/dev/intel/18.1/nios2eds/bin/gnu/h-x86_64-mingw32/bin/../lib/gcc/nios2-elf/5.3.0/../../../../../H-x86_64-mingw32/nios2-elf/lib/mno-hw-mul\libc.a(lib_a-mprec.o)
                0x0000000001008ab0                __mprec_tinytens
 .rodata.__mprec_bigtens
                0x0000000001008ad8       0x28 d:/dev/intel/18.1/nios2eds/bin/gnu/h-x86_64-mingw32/bin/../lib/gcc/nios2-elf/5.3.0/../../../../../H-x86_64-mingw32/nios2-elf/lib/mno-hw-mul\libc.a(lib_a-mprec.o)
                0x0000000001008ad8                __mprec_bigtens
 .rodata.__mprec_tens
                0x0000000001008b00       0xc8 d:/dev/intel/18.1/nios2eds/bin/gnu/h-x86_64-mingw32/bin/../lib/gcc/nios2-elf/5.3.0/../../../../../H-x86_64-mingw32/nios2-elf/lib/mno-hw-mul\libc.a(lib_a-mprec.o)
                0x0000000001008b00                __mprec_tens
 .rodata.str1.4
                0x0000000001008bc8       0x2f d:/dev/intel/18.1/nios2eds/bin/gnu/h-x86_64-mingw32/bin/../lib/gcc/nios2-elf/5.3.0/../../../../../H-x86_64-mingw32/nios2-elf/lib/mno-hw-mul\libc.a(lib_a-vfiprintf.o)
 .rodata.zeroes.4349
                0x0000000001008bc8       0x10 d:/dev/intel/18.1/nios2eds/bin/gnu/h-x86_64-mingw32/bin/../lib/gcc/nios2-elf/5.3.0/../../../../../H-x86_64-mingw32/nios2-elf/lib/mno-hw-mul\libc.a(lib_a-vfiprintf.o)
 .rodata.blanks.4348
                0x0000000001008bd8       0x10 d:/dev/intel/18.1/nios2eds/bin/gnu/h-x86_64-mingw32/bin/../lib/gcc/nios2-elf/5.3.0/../../../../../H-x86_64-mingw32/nios2-elf/lib/mno-hw-mul\libc.a(lib_a-vfiprintf.o)
 .rodata        0x0000000001008be8      0x100 d:/dev/intel/18.1/nios2eds/bin/gnu/h-x86_64-mingw32/bin/../lib/gcc/nios2-elf/5.3.0/mno-hw-mul\libgcc.a(_clz.o)
                0x0000000001008be8                __clz_tab
 .rodata        0x0000000001008ce8        0xa ../simplified_tcp_bsp/\libhal_bsp.a(alt_dev.o)
 *fill*         0x0000000001008cf2        0x2 
 .rodata        0x0000000001008cf4        0xf ../simplified_tcp_bsp/\libhal_bsp.a(alt_main.o)
 *fill*         0x0000000001008d03        0x1 
 .rodata        0x0000000001008d04       0x49 ../simplified_tcp_bsp/\libhal_bsp.a(alt_sys_init.o)
 *(.rodata1)
                0x0000000001008d50                . = ALIGN (0x4)
 *fill*         0x0000000001008d4d        0x3 
                0x0000000001008d50                PROVIDE (__ram_rodata_end, ABSOLUTE (.))
                0x0000000001008230                PROVIDE (__flash_rodata_start, LOADADDR (.rodata))

.rwdata         0x0000000001008d50     0x1bf4 load address 0x0000000000014064
                0x0000000001008d50                PROVIDE (__ram_rwdata_start, ABSOLUTE (.))
                0x0000000001008d50                . = ALIGN (0x4)
 *(.got.plt)
 *(.got)
 *(.data1)
 *(.data .data.* .gnu.linkonce.d.*)
 .data          0x0000000001008d50        0x0 ../simplified_tcp_bsp//obj/HAL/src/crt0.o
 .data          0x0000000001008d50        0x0 obj/default/main.o
 .data          0x0000000001008d50        0x0 d:/dev/intel/18.1/nios2eds/bin/gnu/h-x86_64-mingw32/bin/../lib/gcc/nios2-elf/5.3.0/../../../../../H-x86_64-mingw32/nios2-elf/lib/mno-hw-mul\libc.a(lib_a-memcpy.o)
 .data          0x0000000001008d50        0x0 d:/dev/intel/18.1/nios2eds/bin/gnu/h-x86_64-mingw32/bin/../lib/gcc/nios2-elf/5.3.0/../../../../../H-x86_64-mingw32/nios2-elf/lib/mno-hw-mul\libc.a(lib_a-memmove.o)
 .data          0x0000000001008d50        0x0 d:/dev/intel/18.1/nios2eds/bin/gnu/h-x86_64-mingw32/bin/../lib/gcc/nios2-elf/5.3.0/../../../../../H-x86_64-mingw32/nios2-elf/lib/mno-hw-mul\libc.a(lib_a-memset.o)
 .data          0x0000000001008d50        0x0 d:/dev/intel/18.1/nios2eds/bin/gnu/h-x86_64-mingw32/bin/../lib/gcc/nios2-elf/5.3.0/../../../../../H-x86_64-mingw32/nios2-elf/lib/mno-hw-mul\libc.a(lib_a-printf.o)
 .data          0x0000000001008d50        0x0 d:/dev/intel/18.1/nios2eds/bin/gnu/h-x86_64-mingw32/bin/../lib/gcc/nios2-elf/5.3.0/../../../../../H-x86_64-mingw32/nios2-elf/lib/mno-hw-mul\libc.a(lib_a-vfprintf.o)
 .data          0x0000000001008d50        0x0 d:/dev/intel/18.1/nios2eds/bin/gnu/h-x86_64-mingw32/bin/../lib/gcc/nios2-elf/5.3.0/../../../../../H-x86_64-mingw32/nios2-elf/lib/mno-hw-mul\libc.a(lib_a-wsetup.o)
 .data          0x0000000001008d50        0x0 d:/dev/intel/18.1/nios2eds/bin/gnu/h-x86_64-mingw32/bin/../lib/gcc/nios2-elf/5.3.0/../../../../../H-x86_64-mingw32/nios2-elf/lib/mno-hw-mul\libc.a(lib_a-dtoa.o)
 .data          0x0000000001008d50        0x0 d:/dev/intel/18.1/nios2eds/bin/gnu/h-x86_64-mingw32/bin/../lib/gcc/nios2-elf/5.3.0/../../../../../H-x86_64-mingw32/nios2-elf/lib/mno-hw-mul\libc.a(lib_a-fflush.o)
 .data          0x0000000001008d50        0x0 d:/dev/intel/18.1/nios2eds/bin/gnu/h-x86_64-mingw32/bin/../lib/gcc/nios2-elf/5.3.0/../../../../../H-x86_64-mingw32/nios2-elf/lib/mno-hw-mul\libc.a(lib_a-findfp.o)
 .data          0x0000000001008d50        0x0 d:/dev/intel/18.1/nios2eds/bin/gnu/h-x86_64-mingw32/bin/../lib/gcc/nios2-elf/5.3.0/../../../../../H-x86_64-mingw32/nios2-elf/lib/mno-hw-mul\libc.a(lib_a-freer.o)
 .data          0x0000000001008d50        0x0 d:/dev/intel/18.1/nios2eds/bin/gnu/h-x86_64-mingw32/bin/../lib/gcc/nios2-elf/5.3.0/../../../../../H-x86_64-mingw32/nios2-elf/lib/mno-hw-mul\libc.a(lib_a-fwalk.o)
 .data          0x0000000001008d50        0x0 d:/dev/intel/18.1/nios2eds/bin/gnu/h-x86_64-mingw32/bin/../lib/gcc/nios2-elf/5.3.0/../../../../../H-x86_64-mingw32/nios2-elf/lib/mno-hw-mul\libc.a(lib_a-impure.o)
 .data.impure_data
                0x0000000001008d50      0x424 d:/dev/intel/18.1/nios2eds/bin/gnu/h-x86_64-mingw32/bin/../lib/gcc/nios2-elf/5.3.0/../../../../../H-x86_64-mingw32/nios2-elf/lib/mno-hw-mul\libc.a(lib_a-impure.o)
 .data          0x0000000001009174        0x0 d:/dev/intel/18.1/nios2eds/bin/gnu/h-x86_64-mingw32/bin/../lib/gcc/nios2-elf/5.3.0/../../../../../H-x86_64-mingw32/nios2-elf/lib/mno-hw-mul\libc.a(lib_a-locale.o)
 .data.lc_message_charset
                0x0000000001009174       0x20 d:/dev/intel/18.1/nios2eds/bin/gnu/h-x86_64-mingw32/bin/../lib/gcc/nios2-elf/5.3.0/../../../../../H-x86_64-mingw32/nios2-elf/lib/mno-hw-mul\libc.a(lib_a-locale.o)
 .data.lc_ctype_charset
                0x0000000001009194       0x20 d:/dev/intel/18.1/nios2eds/bin/gnu/h-x86_64-mingw32/bin/../lib/gcc/nios2-elf/5.3.0/../../../../../H-x86_64-mingw32/nios2-elf/lib/mno-hw-mul\libc.a(lib_a-locale.o)
 .data.lconv    0x00000000010091b4       0x38 d:/dev/intel/18.1/nios2eds/bin/gnu/h-x86_64-mingw32/bin/../lib/gcc/nios2-elf/5.3.0/../../../../../H-x86_64-mingw32/nios2-elf/lib/mno-hw-mul\libc.a(lib_a-locale.o)
 .data          0x00000000010091ec        0x0 d:/dev/intel/18.1/nios2eds/bin/gnu/h-x86_64-mingw32/bin/../lib/gcc/nios2-elf/5.3.0/../../../../../H-x86_64-mingw32/nios2-elf/lib/mno-hw-mul\libc.a(lib_a-makebuf.o)
 .data          0x00000000010091ec        0x0 d:/dev/intel/18.1/nios2eds/bin/gnu/h-x86_64-mingw32/bin/../lib/gcc/nios2-elf/5.3.0/../../../../../H-x86_64-mingw32/nios2-elf/lib/mno-hw-mul\libc.a(lib_a-mallocr.o)
 .data.__malloc_av_
                0x00000000010091ec      0x408 d:/dev/intel/18.1/nios2eds/bin/gnu/h-x86_64-mingw32/bin/../lib/gcc/nios2-elf/5.3.0/../../../../../H-x86_64-mingw32/nios2-elf/lib/mno-hw-mul\libc.a(lib_a-mallocr.o)
                0x00000000010091ec                __malloc_av_
 .data          0x00000000010095f4        0x0 d:/dev/intel/18.1/nios2eds/bin/gnu/h-x86_64-mingw32/bin/../lib/gcc/nios2-elf/5.3.0/../../../../../H-x86_64-mingw32/nios2-elf/lib/mno-hw-mul\libc.a(lib_a-memchr.o)
 .data          0x00000000010095f4        0x0 d:/dev/intel/18.1/nios2eds/bin/gnu/h-x86_64-mingw32/bin/../lib/gcc/nios2-elf/5.3.0/../../../../../H-x86_64-mingw32/nios2-elf/lib/mno-hw-mul\libc.a(lib_a-mprec.o)
 .data          0x00000000010095f4        0x0 d:/dev/intel/18.1/nios2eds/bin/gnu/h-x86_64-mingw32/bin/../lib/gcc/nios2-elf/5.3.0/../../../../../H-x86_64-mingw32/nios2-elf/lib/mno-hw-mul\libc.a(lib_a-s_fpclassify.o)
 .data          0x00000000010095f4        0x0 d:/dev/intel/18.1/nios2eds/bin/gnu/h-x86_64-mingw32/bin/../lib/gcc/nios2-elf/5.3.0/../../../../../H-x86_64-mingw32/nios2-elf/lib/mno-hw-mul\libc.a(lib_a-sbrkr.o)
 .data          0x00000000010095f4        0x0 d:/dev/intel/18.1/nios2eds/bin/gnu/h-x86_64-mingw32/bin/../lib/gcc/nios2-elf/5.3.0/../../../../../H-x86_64-mingw32/nios2-elf/lib/mno-hw-mul\libc.a(lib_a-stdio.o)
 .data          0x00000000010095f4        0x0 d:/dev/intel/18.1/nios2eds/bin/gnu/h-x86_64-mingw32/bin/../lib/gcc/nios2-elf/5.3.0/../../../../../H-x86_64-mingw32/nios2-elf/lib/mno-hw-mul\libc.a(lib_a-strcmp.o)
 .data          0x00000000010095f4        0x0 d:/dev/intel/18.1/nios2eds/bin/gnu/h-x86_64-mingw32/bin/../lib/gcc/nios2-elf/5.3.0/../../../../../H-x86_64-mingw32/nios2-elf/lib/mno-hw-mul\libc.a(lib_a-strlen.o)
 .data          0x00000000010095f4        0x0 d:/dev/intel/18.1/nios2eds/bin/gnu/h-x86_64-mingw32/bin/../lib/gcc/nios2-elf/5.3.0/../../../../../H-x86_64-mingw32/nios2-elf/lib/mno-hw-mul\libc.a(lib_a-vfiprintf.o)
 .data          0x00000000010095f4        0x0 d:/dev/intel/18.1/nios2eds/bin/gnu/h-x86_64-mingw32/bin/../lib/gcc/nios2-elf/5.3.0/../../../../../H-x86_64-mingw32/nios2-elf/lib/mno-hw-mul\libc.a(lib_a-writer.o)
 .data          0x00000000010095f4        0x0 d:/dev/intel/18.1/nios2eds/bin/gnu/h-x86_64-mingw32/bin/../lib/gcc/nios2-elf/5.3.0/../../../../../H-x86_64-mingw32/nios2-elf/lib/mno-hw-mul\libc.a(closer.o)
 .data          0x00000000010095f4        0x0 d:/dev/intel/18.1/nios2eds/bin/gnu/h-x86_64-mingw32/bin/../lib/gcc/nios2-elf/5.3.0/../../../../../H-x86_64-mingw32/nios2-elf/lib/mno-hw-mul\libc.a(lib_a-callocr.o)
 .data          0x00000000010095f4        0x0 d:/dev/intel/18.1/nios2eds/bin/gnu/h-x86_64-mingw32/bin/../lib/gcc/nios2-elf/5.3.0/../../../../../H-x86_64-mingw32/nios2-elf/lib/mno-hw-mul\libc.a(lib_a-fclose.o)
 .data          0x00000000010095f4        0x0 d:/dev/intel/18.1/nios2eds/bin/gnu/h-x86_64-mingw32/bin/../lib/gcc/nios2-elf/5.3.0/../../../../../H-x86_64-mingw32/nios2-elf/lib/mno-hw-mul\libc.a(lib_a-fputwc.o)
 .data          0x00000000010095f4        0x0 d:/dev/intel/18.1/nios2eds/bin/gnu/h-x86_64-mingw32/bin/../lib/gcc/nios2-elf/5.3.0/../../../../../H-x86_64-mingw32/nios2-elf/lib/mno-hw-mul\libc.a(lib_a-fstatr.o)
 .data          0x00000000010095f4        0x0 d:/dev/intel/18.1/nios2eds/bin/gnu/h-x86_64-mingw32/bin/../lib/gcc/nios2-elf/5.3.0/../../../../../H-x86_64-mingw32/nios2-elf/lib/mno-hw-mul\libc.a(lib_a-fvwrite.o)
 .data          0x00000000010095f4        0x0 d:/dev/intel/18.1/nios2eds/bin/gnu/h-x86_64-mingw32/bin/../lib/gcc/nios2-elf/5.3.0/../../../../../H-x86_64-mingw32/nios2-elf/lib/mno-hw-mul\libc.a(lib_a-int_errno.o)
 .data          0x00000000010095f4        0x0 d:/dev/intel/18.1/nios2eds/bin/gnu/h-x86_64-mingw32/bin/../lib/gcc/nios2-elf/5.3.0/../../../../../H-x86_64-mingw32/nios2-elf/lib/mno-hw-mul\libc.a(lib_a-isattyr.o)
 .data          0x00000000010095f4        0x0 d:/dev/intel/18.1/nios2eds/bin/gnu/h-x86_64-mingw32/bin/../lib/gcc/nios2-elf/5.3.0/../../../../../H-x86_64-mingw32/nios2-elf/lib/mno-hw-mul\libc.a(lib_a-lseekr.o)
 .data          0x00000000010095f4        0x0 d:/dev/intel/18.1/nios2eds/bin/gnu/h-x86_64-mingw32/bin/../lib/gcc/nios2-elf/5.3.0/../../../../../H-x86_64-mingw32/nios2-elf/lib/mno-hw-mul\libc.a(lib_a-readr.o)
 .data          0x00000000010095f4        0x0 d:/dev/intel/18.1/nios2eds/bin/gnu/h-x86_64-mingw32/bin/../lib/gcc/nios2-elf/5.3.0/../../../../../H-x86_64-mingw32/nios2-elf/lib/mno-hw-mul\libc.a(lib_a-reallocr.o)
 .data          0x00000000010095f4        0x0 d:/dev/intel/18.1/nios2eds/bin/gnu/h-x86_64-mingw32/bin/../lib/gcc/nios2-elf/5.3.0/../../../../../H-x86_64-mingw32/nios2-elf/lib/mno-hw-mul\libc.a(lib_a-wbuf.o)
 .data          0x00000000010095f4        0x0 d:/dev/intel/18.1/nios2eds/bin/gnu/h-x86_64-mingw32/bin/../lib/gcc/nios2-elf/5.3.0/../../../../../H-x86_64-mingw32/nios2-elf/lib/mno-hw-mul\libc.a(lib_a-wcrtomb.o)
 .data          0x00000000010095f4        0x0 d:/dev/intel/18.1/nios2eds/bin/gnu/h-x86_64-mingw32/bin/../lib/gcc/nios2-elf/5.3.0/../../../../../H-x86_64-mingw32/nios2-elf/lib/mno-hw-mul\libc.a(lib_a-wctomb_r.o)
 .data          0x00000000010095f4        0x0 d:/dev/intel/18.1/nios2eds/bin/gnu/h-x86_64-mingw32/bin/../lib/gcc/nios2-elf/5.3.0/mno-hw-mul\libgcc.a(_udivdi3.o)
 .data          0x00000000010095f4        0x0 d:/dev/intel/18.1/nios2eds/bin/gnu/h-x86_64-mingw32/bin/../lib/gcc/nios2-elf/5.3.0/mno-hw-mul\libgcc.a(_umoddi3.o)
 .data          0x00000000010095f4        0x0 d:/dev/intel/18.1/nios2eds/bin/gnu/h-x86_64-mingw32/bin/../lib/gcc/nios2-elf/5.3.0/mno-hw-mul\libgcc.a(lib2-divmod.o)
 .data          0x00000000010095f4        0x0 d:/dev/intel/18.1/nios2eds/bin/gnu/h-x86_64-mingw32/bin/../lib/gcc/nios2-elf/5.3.0/mno-hw-mul\libgcc.a(lib2-mul.o)
 .data          0x00000000010095f4        0x0 d:/dev/intel/18.1/nios2eds/bin/gnu/h-x86_64-mingw32/bin/../lib/gcc/nios2-elf/5.3.0/mno-hw-mul\libgcc.a(adddf3.o)
 .data          0x00000000010095f4        0x0 d:/dev/intel/18.1/nios2eds/bin/gnu/h-x86_64-mingw32/bin/../lib/gcc/nios2-elf/5.3.0/mno-hw-mul\libgcc.a(divdf3.o)
 .data          0x00000000010095f4        0x0 d:/dev/intel/18.1/nios2eds/bin/gnu/h-x86_64-mingw32/bin/../lib/gcc/nios2-elf/5.3.0/mno-hw-mul\libgcc.a(eqdf2.o)
 .data          0x00000000010095f4        0x0 d:/dev/intel/18.1/nios2eds/bin/gnu/h-x86_64-mingw32/bin/../lib/gcc/nios2-elf/5.3.0/mno-hw-mul\libgcc.a(gedf2.o)
 .data          0x00000000010095f4        0x0 d:/dev/intel/18.1/nios2eds/bin/gnu/h-x86_64-mingw32/bin/../lib/gcc/nios2-elf/5.3.0/mno-hw-mul\libgcc.a(ledf2.o)
 .data          0x00000000010095f4        0x0 d:/dev/intel/18.1/nios2eds/bin/gnu/h-x86_64-mingw32/bin/../lib/gcc/nios2-elf/5.3.0/mno-hw-mul\libgcc.a(muldf3.o)
 .data          0x00000000010095f4        0x0 d:/dev/intel/18.1/nios2eds/bin/gnu/h-x86_64-mingw32/bin/../lib/gcc/nios2-elf/5.3.0/mno-hw-mul\libgcc.a(subdf3.o)
 .data          0x00000000010095f4        0x0 d:/dev/intel/18.1/nios2eds/bin/gnu/h-x86_64-mingw32/bin/../lib/gcc/nios2-elf/5.3.0/mno-hw-mul\libgcc.a(fixdfsi.o)
 .data          0x00000000010095f4        0x0 d:/dev/intel/18.1/nios2eds/bin/gnu/h-x86_64-mingw32/bin/../lib/gcc/nios2-elf/5.3.0/mno-hw-mul\libgcc.a(floatsidf.o)
 .data          0x00000000010095f4        0x0 d:/dev/intel/18.1/nios2eds/bin/gnu/h-x86_64-mingw32/bin/../lib/gcc/nios2-elf/5.3.0/mno-hw-mul\libgcc.a(floatunsidf.o)
 .data          0x00000000010095f4        0x0 d:/dev/intel/18.1/nios2eds/bin/gnu/h-x86_64-mingw32/bin/../lib/gcc/nios2-elf/5.3.0/mno-hw-mul\libgcc.a(_clz.o)
 .data          0x00000000010095f4        0x0 d:/dev/intel/18.1/nios2eds/bin/gnu/h-x86_64-mingw32/bin/../lib/gcc/nios2-elf/5.3.0/mno-hw-mul\libgcc.a(_clzsi2.o)
 .data          0x00000000010095f4        0x0 ../simplified_tcp_bsp/\libhal_bsp.a(alt_close.o)
 .data          0x00000000010095f4        0x0 ../simplified_tcp_bsp/\libhal_bsp.a(alt_dcache_flush_all.o)
 .data          0x00000000010095f4      0x1a8 ../simplified_tcp_bsp/\libhal_bsp.a(alt_dev.o)
                0x00000000010095f4                alt_dev_null
                0x000000000100961c                alt_fd_list
 .data          0x000000000100979c        0x0 ../simplified_tcp_bsp/\libhal_bsp.a(alt_errno.o)
 .data          0x000000000100979c        0x0 ../simplified_tcp_bsp/\libhal_bsp.a(alt_fstat.o)
 .data          0x000000000100979c        0x0 ../simplified_tcp_bsp/\libhal_bsp.a(alt_isatty.o)
 .data          0x000000000100979c        0x0 ../simplified_tcp_bsp/\libhal_bsp.a(alt_load.o)
 .data          0x000000000100979c        0x0 ../simplified_tcp_bsp/\libhal_bsp.a(alt_lseek.o)
 .data          0x000000000100979c        0x0 ../simplified_tcp_bsp/\libhal_bsp.a(alt_main.o)
 .data          0x000000000100979c        0x0 ../simplified_tcp_bsp/\libhal_bsp.a(alt_malloc_lock.o)
 .data          0x000000000100979c        0x0 ../simplified_tcp_bsp/\libhal_bsp.a(alt_printf.o)
 .data          0x000000000100979c        0x0 ../simplified_tcp_bsp/\libhal_bsp.a(alt_putchar.o)
 .data          0x000000000100979c        0x0 ../simplified_tcp_bsp/\libhal_bsp.a(alt_read.o)
 .data          0x000000000100979c        0x0 ../simplified_tcp_bsp/\libhal_bsp.a(alt_release_fd.o)
 .data          0x000000000100979c        0x0 ../simplified_tcp_bsp/\libhal_bsp.a(alt_sbrk.o)
 .data          0x000000000100979c        0x0 ../simplified_tcp_bsp/\libhal_bsp.a(alt_write.o)
 .data          0x000000000100979c     0x1118 ../simplified_tcp_bsp/\libhal_bsp.a(alt_sys_init.o)
 .data          0x000000000100a8b4        0x0 ../simplified_tcp_bsp/\libhal_bsp.a(altera_avalon_jtag_uart_fd.o)
 .data          0x000000000100a8b4        0x0 ../simplified_tcp_bsp/\libhal_bsp.a(altera_avalon_jtag_uart_init.o)
 .data          0x000000000100a8b4        0x0 ../simplified_tcp_bsp/\libhal_bsp.a(altera_avalon_jtag_uart_ioctl.o)
 .data          0x000000000100a8b4        0x0 ../simplified_tcp_bsp/\libhal_bsp.a(altera_avalon_jtag_uart_read.o)
 .data          0x000000000100a8b4        0x0 ../simplified_tcp_bsp/\libhal_bsp.a(altera_avalon_jtag_uart_write.o)
 .data          0x000000000100a8b4        0x0 ../simplified_tcp_bsp/\libhal_bsp.a(altera_avalon_sgdma.o)
 .data          0x000000000100a8b4        0x0 ../simplified_tcp_bsp/\libhal_bsp.a(altera_avalon_timer_sc.o)
 .data          0x000000000100a8b4        0x0 ../simplified_tcp_bsp/\libhal_bsp.a(altera_hostfs.o)
 .data          0x000000000100a8b4        0x0 ../simplified_tcp_bsp/\libhal_bsp.a(altera_ro_zipfs.o)
 .data          0x000000000100a8b4        0x0 ../simplified_tcp_bsp/\libhal_bsp.a(alt_alarm_start.o)
 .data          0x000000000100a8b4        0x0 ../simplified_tcp_bsp/\libhal_bsp.a(alt_dcache_flush.o)
 .data          0x000000000100a8b4        0x0 ../simplified_tcp_bsp/\libhal_bsp.a(alt_dev_llist_insert.o)
 .data          0x000000000100a8b4        0x0 ../simplified_tcp_bsp/\libhal_bsp.a(alt_do_ctors.o)
 .data          0x000000000100a8b4        0x0 ../simplified_tcp_bsp/\libhal_bsp.a(alt_do_dtors.o)
 .data          0x000000000100a8b4        0x0 ../simplified_tcp_bsp/\libhal_bsp.a(alt_find_dev.o)
 .data          0x000000000100a8b4        0x0 ../simplified_tcp_bsp/\libhal_bsp.a(alt_fs_reg.o)
 .data          0x000000000100a8b4        0x0 ../simplified_tcp_bsp/\libhal_bsp.a(alt_icache_flush_all.o)
 .data          0x000000000100a8b4        0x0 ../simplified_tcp_bsp/\libhal_bsp.a(alt_iic.o)
 .data          0x000000000100a8b4        0x0 ../simplified_tcp_bsp/\libhal_bsp.a(alt_iic_isr_register.o)
 .data          0x000000000100a8b4        0x0 ../simplified_tcp_bsp/\libhal_bsp.a(alt_io_redirect.o)
 .data          0x000000000100a8b4        0x0 ../simplified_tcp_bsp/\libhal_bsp.a(alt_irq_entry.o)
 .data          0x000000000100a8b4        0x0 ../simplified_tcp_bsp/\libhal_bsp.a(alt_irq_handler.o)
 .data          0x000000000100a8b4        0x0 ../simplified_tcp_bsp/\libhal_bsp.a(alt_irq_vars.o)
 .data          0x000000000100a8b4        0x0 ../simplified_tcp_bsp/\libhal_bsp.a(alt_open.o)
 .data          0x000000000100a8b4        0x0 ../simplified_tcp_bsp/\libhal_bsp.a(alt_tick.o)
 .data          0x000000000100a8b4        0x0 ../simplified_tcp_bsp/\libhal_bsp.a(altera_nios2_gen2_irq.o)
 .data          0x000000000100a8b4        0x0 ../simplified_tcp_bsp/\libhal_bsp.a(alt_exception_entry.o)
 .data          0x000000000100a8b4        0x0 ../simplified_tcp_bsp/\libhal_bsp.a(alt_find_file.o)
 .data          0x000000000100a8b4        0x0 ../simplified_tcp_bsp/\libhal_bsp.a(alt_get_fd.o)
 .data          0x000000000100a8b4        0x0 ../simplified_tcp_bsp/\libhal_bsp.a(alt_instruction_exception_entry.o)
 .data          0x000000000100a8b4        0x0 d:/dev/intel/18.1/nios2eds/bin/gnu/h-x86_64-mingw32/bin/../lib/gcc/nios2-elf/5.3.0/../../../../../H-x86_64-mingw32/nios2-elf/lib/mno-hw-mul\libc.a(lib_a-atexit.o)
 .data          0x000000000100a8b4        0x0 d:/dev/intel/18.1/nios2eds/bin/gnu/h-x86_64-mingw32/bin/../lib/gcc/nios2-elf/5.3.0/../../../../../H-x86_64-mingw32/nios2-elf/lib/mno-hw-mul\libc.a(lib_a-exit.o)
 .data          0x000000000100a8b4        0x0 d:/dev/intel/18.1/nios2eds/bin/gnu/h-x86_64-mingw32/bin/../lib/gcc/nios2-elf/5.3.0/../../../../../H-x86_64-mingw32/nios2-elf/lib/mno-hw-mul\libc.a(lib_a-memcmp.o)
 .data          0x000000000100a8b4        0x0 d:/dev/intel/18.1/nios2eds/bin/gnu/h-x86_64-mingw32/bin/../lib/gcc/nios2-elf/5.3.0/../../../../../H-x86_64-mingw32/nios2-elf/lib/mno-hw-mul\libc.a(lib_a-putc.o)
 .data          0x000000000100a8b4        0x0 d:/dev/intel/18.1/nios2eds/bin/gnu/h-x86_64-mingw32/bin/../lib/gcc/nios2-elf/5.3.0/../../../../../H-x86_64-mingw32/nios2-elf/lib/mno-hw-mul\libc.a(lib_a-strncmp.o)
 .data          0x000000000100a8b4        0x0 d:/dev/intel/18.1/nios2eds/bin/gnu/h-x86_64-mingw32/bin/../lib/gcc/nios2-elf/5.3.0/../../../../../H-x86_64-mingw32/nios2-elf/lib/mno-hw-mul\libc.a(lib_a-__atexit.o)
 .data          0x000000000100a8b4        0x0 d:/dev/intel/18.1/nios2eds/bin/gnu/h-x86_64-mingw32/bin/../lib/gcc/nios2-elf/5.3.0/../../../../../H-x86_64-mingw32/nios2-elf/lib/mno-hw-mul\libc.a(lib_a-__call_atexit.o)
 .data          0x000000000100a8b4        0x0 ../simplified_tcp_bsp/\libhal_bsp.a(alt_exit.o)
                0x00000000010128b4                _gp = ABSOLUTE ((. + 0x8000))
                [!provide]                        PROVIDE (gp, _gp)
 *(.rwdata .rwdata.*)
 *(.sdata .sdata.* .gnu.linkonce.s.*)
 .sdata._global_impure_ptr
                0x000000000100a8b4        0x4 d:/dev/intel/18.1/nios2eds/bin/gnu/h-x86_64-mingw32/bin/../lib/gcc/nios2-elf/5.3.0/../../../../../H-x86_64-mingw32/nios2-elf/lib/mno-hw-mul\libc.a(lib_a-impure.o)
                0x000000000100a8b4                _global_impure_ptr
 .sdata._impure_ptr
                0x000000000100a8b8        0x4 d:/dev/intel/18.1/nios2eds/bin/gnu/h-x86_64-mingw32/bin/../lib/gcc/nios2-elf/5.3.0/../../../../../H-x86_64-mingw32/nios2-elf/lib/mno-hw-mul\libc.a(lib_a-impure.o)
                0x000000000100a8b8                _impure_ptr
 .sdata.__mb_cur_max
                0x000000000100a8bc        0x4 d:/dev/intel/18.1/nios2eds/bin/gnu/h-x86_64-mingw32/bin/../lib/gcc/nios2-elf/5.3.0/../../../../../H-x86_64-mingw32/nios2-elf/lib/mno-hw-mul\libc.a(lib_a-locale.o)
                0x000000000100a8bc                __mb_cur_max
 .sdata.__malloc_sbrk_base
                0x000000000100a8c0        0x4 d:/dev/intel/18.1/nios2eds/bin/gnu/h-x86_64-mingw32/bin/../lib/gcc/nios2-elf/5.3.0/../../../../../H-x86_64-mingw32/nios2-elf/lib/mno-hw-mul\libc.a(lib_a-mallocr.o)
                0x000000000100a8c0                __malloc_sbrk_base
 .sdata.__malloc_trim_threshold
                0x000000000100a8c4        0x4 d:/dev/intel/18.1/nios2eds/bin/gnu/h-x86_64-mingw32/bin/../lib/gcc/nios2-elf/5.3.0/../../../../../H-x86_64-mingw32/nios2-elf/lib/mno-hw-mul\libc.a(lib_a-mallocr.o)
                0x000000000100a8c4                __malloc_trim_threshold
 .sdata.__wctomb
                0x000000000100a8c8        0x4 d:/dev/intel/18.1/nios2eds/bin/gnu/h-x86_64-mingw32/bin/../lib/gcc/nios2-elf/5.3.0/../../../../../H-x86_64-mingw32/nios2-elf/lib/mno-hw-mul\libc.a(lib_a-wctomb_r.o)
                0x000000000100a8c8                __wctomb
 .sdata         0x000000000100a8cc       0x14 ../simplified_tcp_bsp/\libhal_bsp.a(alt_dev.o)
                0x000000000100a8cc                alt_fs_list
                0x000000000100a8d4                alt_dev_list
                0x000000000100a8dc                alt_max_fd
 .sdata         0x000000000100a8e0        0x4 ../simplified_tcp_bsp/\libhal_bsp.a(alt_errno.o)
                0x000000000100a8e0                alt_errno
 .sdata         0x000000000100a8e4        0x4 ../simplified_tcp_bsp/\libhal_bsp.a(alt_sbrk.o)
 .sdata         0x000000000100a8e8        0x8 ../simplified_tcp_bsp/\libhal_bsp.a(altera_avalon_sgdma.o)
                0x000000000100a8e8                alt_sgdma_list
 .sdata         0x000000000100a8f0       0x46 ../simplified_tcp_bsp/\libhal_bsp.a(altera_hostfs.o)
 *fill*         0x000000000100a936        0x2 
 .sdata         0x000000000100a938        0x4 ../simplified_tcp_bsp/\libhal_bsp.a(alt_irq_vars.o)
                0x000000000100a938                alt_priority_mask
 .sdata         0x000000000100a93c        0x8 ../simplified_tcp_bsp/\libhal_bsp.a(alt_tick.o)
                0x000000000100a93c                alt_alarm_list
 *(.sdata2 .sdata2.* .gnu.linkonce.s2.*)
                0x000000000100a944                . = ALIGN (0x4)
                0x000000000100a944                _edata = ABSOLUTE (.)
                [!provide]                        PROVIDE (edata, ABSOLUTE (.))
                0x000000000100a944                PROVIDE (__ram_rwdata_end, ABSOLUTE (.))
                0x0000000000014064                PROVIDE (__flash_rwdata_start, LOADADDR (.rwdata))

.bss            0x000000000100a944      0x22c load address 0x0000000000015c58
                0x000000000100a944                __bss_start = ABSOLUTE (.)
                [!provide]                        PROVIDE (__sbss_start, ABSOLUTE (.))
                [!provide]                        PROVIDE (___sbss_start, ABSOLUTE (.))
 *(.dynsbss)
 *(.sbss .sbss.* .gnu.linkonce.sb.*)
 .sbss          0x000000000100a944       0x14 obj/default/main.o
                0x000000000100a944                loss_count
                0x000000000100a945                loss_flag
                0x000000000100a948                pckt_rxed
                0x000000000100a94c                succ_rxed
                0x000000000100a950                flag_syn
                0x000000000100a951                retr_count
                0x000000000100a954                in
 .sbss          0x000000000100a958        0xc obj/default/main.o
                0x000000000100a958                data_flag
                0x000000000100a95c                sgdma_tx_dev
                0x000000000100a960                sgdma_rx_dev
 .sbss._PathLocale
                0x000000000100a964        0x4 d:/dev/intel/18.1/nios2eds/bin/gnu/h-x86_64-mingw32/bin/../lib/gcc/nios2-elf/5.3.0/../../../../../H-x86_64-mingw32/nios2-elf/lib/mno-hw-mul\libc.a(lib_a-locale.o)
                0x000000000100a964                _PathLocale
 .sbss.__mlocale_changed
                0x000000000100a968        0x4 d:/dev/intel/18.1/nios2eds/bin/gnu/h-x86_64-mingw32/bin/../lib/gcc/nios2-elf/5.3.0/../../../../../H-x86_64-mingw32/nios2-elf/lib/mno-hw-mul\libc.a(lib_a-locale.o)
                0x000000000100a968                __mlocale_changed
 .sbss.__nlocale_changed
                0x000000000100a96c        0x4 d:/dev/intel/18.1/nios2eds/bin/gnu/h-x86_64-mingw32/bin/../lib/gcc/nios2-elf/5.3.0/../../../../../H-x86_64-mingw32/nios2-elf/lib/mno-hw-mul\libc.a(lib_a-locale.o)
                0x000000000100a96c                __nlocale_changed
 .sbss.__malloc_max_total_mem
                0x000000000100a970        0x4 d:/dev/intel/18.1/nios2eds/bin/gnu/h-x86_64-mingw32/bin/../lib/gcc/nios2-elf/5.3.0/../../../../../H-x86_64-mingw32/nios2-elf/lib/mno-hw-mul\libc.a(lib_a-mallocr.o)
                0x000000000100a970                __malloc_max_total_mem
 .sbss.__malloc_max_sbrked_mem
                0x000000000100a974        0x4 d:/dev/intel/18.1/nios2eds/bin/gnu/h-x86_64-mingw32/bin/../lib/gcc/nios2-elf/5.3.0/../../../../../H-x86_64-mingw32/nios2-elf/lib/mno-hw-mul\libc.a(lib_a-mallocr.o)
                0x000000000100a974                __malloc_max_sbrked_mem
 .sbss.__malloc_top_pad
                0x000000000100a978        0x4 d:/dev/intel/18.1/nios2eds/bin/gnu/h-x86_64-mingw32/bin/../lib/gcc/nios2-elf/5.3.0/../../../../../H-x86_64-mingw32/nios2-elf/lib/mno-hw-mul\libc.a(lib_a-mallocr.o)
                0x000000000100a978                __malloc_top_pad
 .sbss          0x000000000100a97c        0x4 d:/dev/intel/18.1/nios2eds/bin/gnu/h-x86_64-mingw32/bin/../lib/gcc/nios2-elf/5.3.0/../../../../../H-x86_64-mingw32/nios2-elf/lib/mno-hw-mul\libc.a(lib_a-int_errno.o)
                0x000000000100a97c                errno
 .sbss          0x000000000100a980        0xc ../simplified_tcp_bsp/\libhal_bsp.a(alt_main.o)
                0x000000000100a980                alt_argc
                0x000000000100a984                alt_argv
                0x000000000100a988                alt_envp
 .sbss          0x000000000100a98c        0x4 ../simplified_tcp_bsp/\libhal_bsp.a(alt_irq_vars.o)
                0x000000000100a98c                alt_irq_active
 .sbss          0x000000000100a990        0x8 ../simplified_tcp_bsp/\libhal_bsp.a(alt_tick.o)
                0x000000000100a990                _alt_tick_rate
                0x000000000100a994                _alt_nticks
 .sbss          0x000000000100a998        0x4 ../simplified_tcp_bsp/\libhal_bsp.a(alt_instruction_exception_entry.o)
                0x000000000100a998                alt_instruction_exception_handler
 *(.sbss2 .sbss2.* .gnu.linkonce.sb2.*)
 *(.scommon)
                [!provide]                        PROVIDE (__sbss_end, ABSOLUTE (.))
                [!provide]                        PROVIDE (___sbss_end, ABSOLUTE (.))
 *(.dynbss)
 *(.bss .bss.* .gnu.linkonce.b.*)
 .bss           0x000000000100a99c        0x0 ../simplified_tcp_bsp//obj/HAL/src/crt0.o
 .bss           0x000000000100a99c       0x80 obj/default/main.o
                0x000000000100a99c                rx_frame
                0x000000000100a9dc                tx_frame
 .bss           0x000000000100aa1c        0x0 d:/dev/intel/18.1/nios2eds/bin/gnu/h-x86_64-mingw32/bin/../lib/gcc/nios2-elf/5.3.0/../../../../../H-x86_64-mingw32/nios2-elf/lib/mno-hw-mul\libc.a(lib_a-memcpy.o)
 .bss           0x000000000100aa1c        0x0 d:/dev/intel/18.1/nios2eds/bin/gnu/h-x86_64-mingw32/bin/../lib/gcc/nios2-elf/5.3.0/../../../../../H-x86_64-mingw32/nios2-elf/lib/mno-hw-mul\libc.a(lib_a-memmove.o)
 .bss           0x000000000100aa1c        0x0 d:/dev/intel/18.1/nios2eds/bin/gnu/h-x86_64-mingw32/bin/../lib/gcc/nios2-elf/5.3.0/../../../../../H-x86_64-mingw32/nios2-elf/lib/mno-hw-mul\libc.a(lib_a-memset.o)
 .bss           0x000000000100aa1c        0x0 d:/dev/intel/18.1/nios2eds/bin/gnu/h-x86_64-mingw32/bin/../lib/gcc/nios2-elf/5.3.0/../../../../../H-x86_64-mingw32/nios2-elf/lib/mno-hw-mul\libc.a(lib_a-printf.o)
 .bss           0x000000000100aa1c        0x0 d:/dev/intel/18.1/nios2eds/bin/gnu/h-x86_64-mingw32/bin/../lib/gcc/nios2-elf/5.3.0/../../../../../H-x86_64-mingw32/nios2-elf/lib/mno-hw-mul\libc.a(lib_a-vfprintf.o)
 .bss           0x000000000100aa1c        0x0 d:/dev/intel/18.1/nios2eds/bin/gnu/h-x86_64-mingw32/bin/../lib/gcc/nios2-elf/5.3.0/../../../../../H-x86_64-mingw32/nios2-elf/lib/mno-hw-mul\libc.a(lib_a-wsetup.o)
 .bss           0x000000000100aa1c        0x0 d:/dev/intel/18.1/nios2eds/bin/gnu/h-x86_64-mingw32/bin/../lib/gcc/nios2-elf/5.3.0/../../../../../H-x86_64-mingw32/nios2-elf/lib/mno-hw-mul\libc.a(lib_a-dtoa.o)