------------------------------------------------------------
Timing Analyzer Summary
------------------------------------------------------------

Type  : Slow 1200mV 100C Model Setup 'altera_reserved_tck'
Slack : 45.896
TNS   : 0.000

Type  : Slow 1200mV 100C Model Hold 'altera_reserved_tck'
Slack : 0.416
TNS   : 0.000

Type  : Slow 1200mV 100C Model Recovery 'altera_reserved_tck'
Slack : 47.612
TNS   : 0.000

Type  : Slow 1200mV 100C Model Removal 'altera_reserved_tck'
Slack : 1.379
TNS   : 0.000

Type  : Slow 1200mV 100C Model Minimum Pulse Width 'altera_reserved_tck'
Slack : 49.588
TNS   : 0.000

Type  : Slow 1200mV 100C Model Net Delay 'set_net_delay'
Slack : 1.892

Type  : Slow 1200mV 100C Model Net Delay 'set_net_delay'
Slack : 2.556

Type  : Slow 1200mV 100C Model Net Delay 'set_net_delay'
Slack : 4.073

Type  : Slow 1200mV 100C Model Net Delay 'set_net_delay'
Slack : 4.325

Type  : Slow 1200mV 100C Model Net Delay 'set_net_delay'
Slack : 4.700

Type  : Slow 1200mV 100C Model Net Delay 'set_net_delay'
Slack : 4.710

Type  : Slow 1200mV 100C Model Net Delay 'set_net_delay'
Slack : 4.927

Type  : Slow 1200mV 100C Model Net Delay 'set_net_delay'
Slack : 4.971

Type  : Slow 1200mV 100C Model Net Delay 'set_net_delay'
Slack : 5.068

Type  : Slow 1200mV 100C Model Net Delay 'set_net_delay'
Slack : 5.258

Type  : Slow 1200mV -40C Model Setup 'altera_reserved_tck'
Slack : 46.456
TNS   : 0.000

Type  : Slow 1200mV -40C Model Hold 'altera_reserved_tck'
Slack : 0.344
TNS   : 0.000

Type  : Slow 1200mV -40C Model Recovery 'altera_reserved_tck'
Slack : 47.959
TNS   : 0.000

Type  : Slow 1200mV -40C Model Removal 'altera_reserved_tck'
Slack : 1.216
TNS   : 0.000

Type  : Slow 1200mV -40C Model Minimum Pulse Width 'altera_reserved_tck'
Slack : 49.506
TNS   : 0.000

Type  : Slow 1200mV -40C Model Net Delay 'set_net_delay'
Slack : 2.054

Type  : Slow 1200mV -40C Model Net Delay 'set_net_delay'
Slack : 2.864

Type  : Slow 1200mV -40C Model Net Delay 'set_net_delay'
Slack : 4.251

Type  : Slow 1200mV -40C Model Net Delay 'set_net_delay'
Slack : 4.480

Type  : Slow 1200mV -40C Model Net Delay 'set_net_delay'
Slack : 4.821

Type  : Slow 1200mV -40C Model Net Delay 'set_net_delay'
Slack : 4.892

Type  : Slow 1200mV -40C Model Net Delay 'set_net_delay'
Slack : 5.051

Type  : Slow 1200mV -40C Model Net Delay 'set_net_delay'
Slack : 5.092

Type  : Slow 1200mV -40C Model Net Delay 'set_net_delay'
Slack : 5.160

Type  : Slow 1200mV -40C Model Net Delay 'set_net_delay'
Slack : 5.348

Type  : Fast 1200mV -40C Model Setup 'altera_reserved_tck'
Slack : 48.297
TNS   : 0.000

Type  : Fast 1200mV -40C Model Hold 'altera_reserved_tck'
Slack : 0.179
TNS   : 0.000

Type  : Fast 1200mV -40C Model Recovery 'altera_reserved_tck'
Slack : 49.054
TNS   : 0.000

Type  : Fast 1200mV -40C Model Removal 'altera_reserved_tck'
Slack : 0.624
TNS   : 0.000

Type  : Fast 1200mV -40C Model Minimum Pulse Width 'altera_reserved_tck'
Slack : 49.471
TNS   : 0.000

Type  : Fast 1200mV -40C Model Net Delay 'set_net_delay'
Slack : 2.935

Type  : Fast 1200mV -40C Model Net Delay 'set_net_delay'
Slack : 4.223

Type  : Fast 1200mV -40C Model Net Delay 'set_net_delay'
Slack : 5.025

Type  : Fast 1200mV -40C Model Net Delay 'set_net_delay'
Slack : 5.149

Type  : Fast 1200mV -40C Model Net Delay 'set_net_delay'
Slack : 5.344

Type  : Fast 1200mV -40C Model Net Delay 'set_net_delay'
Slack : 5.356

Type  : Fast 1200mV -40C Model Net Delay 'set_net_delay'
Slack : 5.466

Type  : Fast 1200mV -40C Model Net Delay 'set_net_delay'
Slack : 5.496

Type  : Fast 1200mV -40C Model Net Delay 'set_net_delay'
Slack : 5.561

Type  : Fast 1200mV -40C Model Net Delay 'set_net_delay'
Slack : 5.677

------------------------------------------------------------
